
PLAY [qitv2812] *****************************************************************************************************************************************************************

TASK [Gathering Facts] **********************************************************************************************************************************************************
ok: [qitv2812]

TASK [install_pexpect : create /tmp/os_init] ************************************************************************************************************************************
changed: [qitv2812]

TASK [install_pexpect : Copy python_pkg to /tmp/os_init] ************************************************************************************************************************
changed: [qitv2812] => (item={u'name': u'setuptools-40.8.0.zip'})
changed: [qitv2812] => (item={u'name': u'pip-19.0.3.tar.gz'})
changed: [qitv2812] => (item={u'name': u'ptyprocess-0.6.0.tar.gz'})
changed: [qitv2812] => (item={u'name': u'pexpect-4.6.0.tar.gz'})
changed: [qitv2812] => (item={u'name': u'install_python_pkg.sh'})

TASK [install_pexpect : unzip package setuptool pip ptyprocess] *****************************************************************************************************************
changed: [qitv2812] => (item={u'name': u'setuptools-40.8.0.zip'})
changed: [qitv2812] => (item={u'name': u'pip-19.0.3.tar.gz'})
changed: [qitv2812] => (item={u'name': u'ptyprocess-0.6.0.tar.gz'})

TASK [install_pexpect : change script can excute] *******************************************************************************************************************************
changed: [qitv2812] => (item={u'path': u'/tmp/os_init', u'name': u'install_python_pkg.sh'})

TASK [install_pexpect : install python setuptool, pip, ptyprocess, pexpect] *****************************************************************************************************
changed: [qitv2812]

TASK [install_pexpect : debug] **************************************************************************************************************************************************
ok: [qitv2812] => {
    "log.stdout_lines": [
        "running install", 
        "running bdist_egg", 
        "running egg_info", 
        "writing requirements to setuptools.egg-info/requires.txt", 
        "writing setuptools.egg-info/PKG-INFO", 
        "writing top-level names to setuptools.egg-info/top_level.txt", 
        "writing dependency_links to setuptools.egg-info/dependency_links.txt", 
        "writing entry points to setuptools.egg-info/entry_points.txt", 
        "reading manifest file 'setuptools.egg-info/SOURCES.txt'", 
        "reading manifest template 'MANIFEST.in'", 
        "writing manifest file 'setuptools.egg-info/SOURCES.txt'", 
        "installing library code to build/bdist.linux-x86_64/egg", 
        "running install_lib", 
        "running build_py", 
        "creating build/bdist.linux-x86_64/egg", 
        "creating build/bdist.linux-x86_64/egg/setuptools", 
        "copying build/lib/setuptools/script.tmpl -> build/bdist.linux-x86_64/egg/setuptools", 
        "copying build/lib/setuptools/monkey.py -> build/bdist.linux-x86_64/egg/setuptools", 
        "copying build/lib/setuptools/namespaces.py -> build/bdist.linux-x86_64/egg/setuptools", 
        "copying build/lib/setuptools/gui-32.exe -> build/bdist.linux-x86_64/egg/setuptools", 
        "creating build/bdist.linux-x86_64/egg/setuptools/_vendor", 
        "copying build/lib/setuptools/_vendor/__init__.py -> build/bdist.linux-x86_64/egg/setuptools/_vendor", 
        "creating build/bdist.linux-x86_64/egg/setuptools/_vendor/packaging", 
        "copying build/lib/setuptools/_vendor/packaging/specifiers.py -> build/bdist.linux-x86_64/egg/setuptools/_vendor/packaging", 
        "copying build/lib/setuptools/_vendor/packaging/version.py -> build/bdist.linux-x86_64/egg/setuptools/_vendor/packaging", 
        "copying build/lib/setuptools/_vendor/packaging/__about__.py -> build/bdist.linux-x86_64/egg/setuptools/_vendor/packaging", 
        "copying build/lib/setuptools/_vendor/packaging/__init__.py -> build/bdist.linux-x86_64/egg/setuptools/_vendor/packaging", 
        "copying build/lib/setuptools/_vendor/packaging/_structures.py -> build/bdist.linux-x86_64/egg/setuptools/_vendor/packaging", 
        "copying build/lib/setuptools/_vendor/packaging/_compat.py -> build/bdist.linux-x86_64/egg/setuptools/_vendor/packaging", 
        "copying build/lib/setuptools/_vendor/packaging/utils.py -> build/bdist.linux-x86_64/egg/setuptools/_vendor/packaging", 
        "copying build/lib/setuptools/_vendor/packaging/requirements.py -> build/bdist.linux-x86_64/egg/setuptools/_vendor/packaging", 
        "copying build/lib/setuptools/_vendor/packaging/markers.py -> build/bdist.linux-x86_64/egg/setuptools/_vendor/packaging", 
        "copying build/lib/setuptools/_vendor/six.py -> build/bdist.linux-x86_64/egg/setuptools/_vendor", 
        "copying build/lib/setuptools/_vendor/pyparsing.py -> build/bdist.linux-x86_64/egg/setuptools/_vendor", 
        "copying build/lib/setuptools/gui.exe -> build/bdist.linux-x86_64/egg/setuptools", 
        "copying build/lib/setuptools/wheel.py -> build/bdist.linux-x86_64/egg/setuptools", 
        "copying build/lib/setuptools/script (dev).tmpl -> build/bdist.linux-x86_64/egg/setuptools", 
        "copying build/lib/setuptools/unicode_utils.py -> build/bdist.linux-x86_64/egg/setuptools", 
        "copying build/lib/setuptools/build_meta.py -> build/bdist.linux-x86_64/egg/setuptools", 
        "copying build/lib/setuptools/version.py -> build/bdist.linux-x86_64/egg/setuptools", 
        "copying build/lib/setuptools/__init__.py -> build/bdist.linux-x86_64/egg/setuptools", 
        "copying build/lib/setuptools/site-patch.py -> build/bdist.linux-x86_64/egg/setuptools", 
        "copying build/lib/setuptools/cli.exe -> build/bdist.linux-x86_64/egg/setuptools", 
        "copying build/lib/setuptools/windows_support.py -> build/bdist.linux-x86_64/egg/setuptools", 
        "copying build/lib/setuptools/cli-64.exe -> build/bdist.linux-x86_64/egg/setuptools", 
        "creating build/bdist.linux-x86_64/egg/setuptools/extern", 
        "copying build/lib/setuptools/extern/__init__.py -> build/bdist.linux-x86_64/egg/setuptools/extern", 
        "copying build/lib/setuptools/msvc.py -> build/bdist.linux-x86_64/egg/setuptools", 
        "copying build/lib/setuptools/archive_util.py -> build/bdist.linux-x86_64/egg/setuptools", 
        "copying build/lib/setuptools/gui-64.exe -> build/bdist.linux-x86_64/egg/setuptools", 
        "copying build/lib/setuptools/package_index.py -> build/bdist.linux-x86_64/egg/setuptools", 
        "copying build/lib/setuptools/py27compat.py -> build/bdist.linux-x86_64/egg/setuptools", 
        "copying build/lib/setuptools/py33compat.py -> build/bdist.linux-x86_64/egg/setuptools", 
        "copying build/lib/setuptools/config.py -> build/bdist.linux-x86_64/egg/setuptools", 
        "copying build/lib/setuptools/ssl_support.py -> build/bdist.linux-x86_64/egg/setuptools", 
        "copying build/lib/setuptools/depends.py -> build/bdist.linux-x86_64/egg/setuptools", 
        "copying build/lib/setuptools/launch.py -> build/bdist.linux-x86_64/egg/setuptools", 
        "copying build/lib/setuptools/cli-32.exe -> build/bdist.linux-x86_64/egg/setuptools", 
        "creating build/bdist.linux-x86_64/egg/setuptools/command", 
        "copying build/lib/setuptools/command/install_egg_info.py -> build/bdist.linux-x86_64/egg/setuptools/command", 
        "copying build/lib/setuptools/command/dist_info.py -> build/bdist.linux-x86_64/egg/setuptools/command", 
        "copying build/lib/setuptools/command/test.py -> build/bdist.linux-x86_64/egg/setuptools/command", 
        "copying build/lib/setuptools/command/sdist.py -> build/bdist.linux-x86_64/egg/setuptools/command", 
        "copying build/lib/setuptools/command/setopt.py -> build/bdist.linux-x86_64/egg/setuptools/command", 
        "copying build/lib/setuptools/command/bdist_egg.py -> build/bdist.linux-x86_64/egg/setuptools/command", 
        "copying build/lib/setuptools/command/__init__.py -> build/bdist.linux-x86_64/egg/setuptools/command", 
        "copying build/lib/setuptools/command/install.py -> build/bdist.linux-x86_64/egg/setuptools/command", 
        "copying build/lib/setuptools/command/egg_info.py -> build/bdist.linux-x86_64/egg/setuptools/command", 
        "copying build/lib/setuptools/command/install_scripts.py -> build/bdist.linux-x86_64/egg/setuptools/command", 
        "copying build/lib/setuptools/command/upload.py -> build/bdist.linux-x86_64/egg/setuptools/command", 
        "copying build/lib/setuptools/command/py36compat.py -> build/bdist.linux-x86_64/egg/setuptools/command", 
        "copying build/lib/setuptools/command/register.py -> build/bdist.linux-x86_64/egg/setuptools/command", 
        "copying build/lib/setuptools/command/build_ext.py -> build/bdist.linux-x86_64/egg/setuptools/command", 
        "copying build/lib/setuptools/command/build_py.py -> build/bdist.linux-x86_64/egg/setuptools/command", 
        "copying build/lib/setuptools/command/bdist_rpm.py -> build/bdist.linux-x86_64/egg/setuptools/command", 
        "copying build/lib/setuptools/command/install_lib.py -> build/bdist.linux-x86_64/egg/setuptools/command", 
        "copying build/lib/setuptools/command/launcher manifest.xml -> build/bdist.linux-x86_64/egg/setuptools/command", 
        "copying build/lib/setuptools/command/easy_install.py -> build/bdist.linux-x86_64/egg/setuptools/command", 
        "copying build/lib/setuptools/command/bdist_wininst.py -> build/bdist.linux-x86_64/egg/setuptools/command", 
        "copying build/lib/setuptools/command/saveopts.py -> build/bdist.linux-x86_64/egg/setuptools/command", 
        "copying build/lib/setuptools/command/rotate.py -> build/bdist.linux-x86_64/egg/setuptools/command", 
        "copying build/lib/setuptools/command/build_clib.py -> build/bdist.linux-x86_64/egg/setuptools/command", 
        "copying build/lib/setuptools/command/develop.py -> build/bdist.linux-x86_64/egg/setuptools/command", 
        "copying build/lib/setuptools/command/alias.py -> build/bdist.linux-x86_64/egg/setuptools/command", 
        "copying build/lib/setuptools/command/upload_docs.py -> build/bdist.linux-x86_64/egg/setuptools/command", 
        "copying build/lib/setuptools/_deprecation_warning.py -> build/bdist.linux-x86_64/egg/setuptools", 
        "copying build/lib/setuptools/py31compat.py -> build/bdist.linux-x86_64/egg/setuptools", 
        "copying build/lib/setuptools/dep_util.py -> build/bdist.linux-x86_64/egg/setuptools", 
        "copying build/lib/setuptools/dist.py -> build/bdist.linux-x86_64/egg/setuptools", 
        "copying build/lib/setuptools/lib2to3_ex.py -> build/bdist.linux-x86_64/egg/setuptools", 
        "copying build/lib/setuptools/pep425tags.py -> build/bdist.linux-x86_64/egg/setuptools", 
        "copying build/lib/setuptools/glob.py -> build/bdist.linux-x86_64/egg/setuptools", 
        "copying build/lib/setuptools/sandbox.py -> build/bdist.linux-x86_64/egg/setuptools", 
        "copying build/lib/setuptools/extension.py -> build/bdist.linux-x86_64/egg/setuptools", 
        "copying build/lib/setuptools/glibc.py -> build/bdist.linux-x86_64/egg/setuptools", 
        "copying build/lib/easy_install.py -> build/bdist.linux-x86_64/egg", 
        "creating build/bdist.linux-x86_64/egg/pkg_resources", 
        "creating build/bdist.linux-x86_64/egg/pkg_resources/_vendor", 
        "copying build/lib/pkg_resources/_vendor/__init__.py -> build/bdist.linux-x86_64/egg/pkg_resources/_vendor", 
        "creating build/bdist.linux-x86_64/egg/pkg_resources/_vendor/packaging", 
        "copying build/lib/pkg_resources/_vendor/packaging/specifiers.py -> build/bdist.linux-x86_64/egg/pkg_resources/_vendor/packaging", 
        "copying build/lib/pkg_resources/_vendor/packaging/version.py -> build/bdist.linux-x86_64/egg/pkg_resources/_vendor/packaging", 
        "copying build/lib/pkg_resources/_vendor/packaging/__about__.py -> build/bdist.linux-x86_64/egg/pkg_resources/_vendor/packaging", 
        "copying build/lib/pkg_resources/_vendor/packaging/__init__.py -> build/bdist.linux-x86_64/egg/pkg_resources/_vendor/packaging", 
        "copying build/lib/pkg_resources/_vendor/packaging/_structures.py -> build/bdist.linux-x86_64/egg/pkg_resources/_vendor/packaging", 
        "copying build/lib/pkg_resources/_vendor/packaging/_compat.py -> build/bdist.linux-x86_64/egg/pkg_resources/_vendor/packaging", 
        "copying build/lib/pkg_resources/_vendor/packaging/utils.py -> build/bdist.linux-x86_64/egg/pkg_resources/_vendor/packaging", 
        "copying build/lib/pkg_resources/_vendor/packaging/requirements.py -> build/bdist.linux-x86_64/egg/pkg_resources/_vendor/packaging", 
        "copying build/lib/pkg_resources/_vendor/packaging/markers.py -> build/bdist.linux-x86_64/egg/pkg_resources/_vendor/packaging", 
        "copying build/lib/pkg_resources/_vendor/appdirs.py -> build/bdist.linux-x86_64/egg/pkg_resources/_vendor", 
        "copying build/lib/pkg_resources/_vendor/six.py -> build/bdist.linux-x86_64/egg/pkg_resources/_vendor", 
        "copying build/lib/pkg_resources/_vendor/pyparsing.py -> build/bdist.linux-x86_64/egg/pkg_resources/_vendor", 
        "copying build/lib/pkg_resources/__init__.py -> build/bdist.linux-x86_64/egg/pkg_resources", 
        "creating build/bdist.linux-x86_64/egg/pkg_resources/extern", 
        "copying build/lib/pkg_resources/extern/__init__.py -> build/bdist.linux-x86_64/egg/pkg_resources/extern", 
        "copying build/lib/pkg_resources/py31compat.py -> build/bdist.linux-x86_64/egg/pkg_resources", 
        "byte-compiling build/bdist.linux-x86_64/egg/setuptools/monkey.py to monkey.pyc", 
        "byte-compiling build/bdist.linux-x86_64/egg/setuptools/namespaces.py to namespaces.pyc", 
        "byte-compiling build/bdist.linux-x86_64/egg/setuptools/_vendor/__init__.py to __init__.pyc", 
        "byte-compiling build/bdist.linux-x86_64/egg/setuptools/_vendor/packaging/specifiers.py to specifiers.pyc", 
        "byte-compiling build/bdist.linux-x86_64/egg/setuptools/_vendor/packaging/version.py to version.pyc", 
        "byte-compiling build/bdist.linux-x86_64/egg/setuptools/_vendor/packaging/__about__.py to __about__.pyc", 
        "byte-compiling build/bdist.linux-x86_64/egg/setuptools/_vendor/packaging/__init__.py to __init__.pyc", 
        "byte-compiling build/bdist.linux-x86_64/egg/setuptools/_vendor/packaging/_structures.py to _structures.pyc", 
        "byte-compiling build/bdist.linux-x86_64/egg/setuptools/_vendor/packaging/_compat.py to _compat.pyc", 
        "byte-compiling build/bdist.linux-x86_64/egg/setuptools/_vendor/packaging/utils.py to utils.pyc", 
        "byte-compiling build/bdist.linux-x86_64/egg/setuptools/_vendor/packaging/requirements.py to requirements.pyc", 
        "byte-compiling build/bdist.linux-x86_64/egg/setuptools/_vendor/packaging/markers.py to markers.pyc", 
        "byte-compiling build/bdist.linux-x86_64/egg/setuptools/_vendor/six.py to six.pyc", 
        "byte-compiling build/bdist.linux-x86_64/egg/setuptools/_vendor/pyparsing.py to pyparsing.pyc", 
        "byte-compiling build/bdist.linux-x86_64/egg/setuptools/wheel.py to wheel.pyc", 
        "byte-compiling build/bdist.linux-x86_64/egg/setuptools/unicode_utils.py to unicode_utils.pyc", 
        "byte-compiling build/bdist.linux-x86_64/egg/setuptools/build_meta.py to build_meta.pyc", 
        "byte-compiling build/bdist.linux-x86_64/egg/setuptools/version.py to version.pyc", 
        "byte-compiling build/bdist.linux-x86_64/egg/setuptools/__init__.py to __init__.pyc", 
        "byte-compiling build/bdist.linux-x86_64/egg/setuptools/site-patch.py to site-patch.pyc", 
        "byte-compiling build/bdist.linux-x86_64/egg/setuptools/windows_support.py to windows_support.pyc", 
        "byte-compiling build/bdist.linux-x86_64/egg/setuptools/extern/__init__.py to __init__.pyc", 
        "byte-compiling build/bdist.linux-x86_64/egg/setuptools/msvc.py to msvc.pyc", 
        "byte-compiling build/bdist.linux-x86_64/egg/setuptools/archive_util.py to archive_util.pyc", 
        "byte-compiling build/bdist.linux-x86_64/egg/setuptools/package_index.py to package_index.pyc", 
        "byte-compiling build/bdist.linux-x86_64/egg/setuptools/py27compat.py to py27compat.pyc", 
        "byte-compiling build/bdist.linux-x86_64/egg/setuptools/py33compat.py to py33compat.pyc", 
        "byte-compiling build/bdist.linux-x86_64/egg/setuptools/config.py to config.pyc", 
        "byte-compiling build/bdist.linux-x86_64/egg/setuptools/ssl_support.py to ssl_support.pyc", 
        "byte-compiling build/bdist.linux-x86_64/egg/setuptools/depends.py to depends.pyc", 
        "byte-compiling build/bdist.linux-x86_64/egg/setuptools/launch.py to launch.pyc", 
        "byte-compiling build/bdist.linux-x86_64/egg/setuptools/command/install_egg_info.py to install_egg_info.pyc", 
        "byte-compiling build/bdist.linux-x86_64/egg/setuptools/command/dist_info.py to dist_info.pyc", 
        "byte-compiling build/bdist.linux-x86_64/egg/setuptools/command/test.py to test.pyc", 
        "byte-compiling build/bdist.linux-x86_64/egg/setuptools/command/sdist.py to sdist.pyc", 
        "byte-compiling build/bdist.linux-x86_64/egg/setuptools/command/setopt.py to setopt.pyc", 
        "byte-compiling build/bdist.linux-x86_64/egg/setuptools/command/bdist_egg.py to bdist_egg.pyc", 
        "byte-compiling build/bdist.linux-x86_64/egg/setuptools/command/__init__.py to __init__.pyc", 
        "byte-compiling build/bdist.linux-x86_64/egg/setuptools/command/install.py to install.pyc", 
        "byte-compiling build/bdist.linux-x86_64/egg/setuptools/command/egg_info.py to egg_info.pyc", 
        "byte-compiling build/bdist.linux-x86_64/egg/setuptools/command/install_scripts.py to install_scripts.pyc", 
        "byte-compiling build/bdist.linux-x86_64/egg/setuptools/command/upload.py to upload.pyc", 
        "byte-compiling build/bdist.linux-x86_64/egg/setuptools/command/py36compat.py to py36compat.pyc", 
        "byte-compiling build/bdist.linux-x86_64/egg/setuptools/command/register.py to register.pyc", 
        "byte-compiling build/bdist.linux-x86_64/egg/setuptools/command/build_ext.py to build_ext.pyc", 
        "byte-compiling build/bdist.linux-x86_64/egg/setuptools/command/build_py.py to build_py.pyc", 
        "byte-compiling build/bdist.linux-x86_64/egg/setuptools/command/bdist_rpm.py to bdist_rpm.pyc", 
        "byte-compiling build/bdist.linux-x86_64/egg/setuptools/command/install_lib.py to install_lib.pyc", 
        "byte-compiling build/bdist.linux-x86_64/egg/setuptools/command/easy_install.py to easy_install.pyc", 
        "byte-compiling build/bdist.linux-x86_64/egg/setuptools/command/bdist_wininst.py to bdist_wininst.pyc", 
        "byte-compiling build/bdist.linux-x86_64/egg/setuptools/command/saveopts.py to saveopts.pyc", 
        "byte-compiling build/bdist.linux-x86_64/egg/setuptools/command/rotate.py to rotate.pyc", 
        "byte-compiling build/bdist.linux-x86_64/egg/setuptools/command/build_clib.py to build_clib.pyc", 
        "byte-compiling build/bdist.linux-x86_64/egg/setuptools/command/develop.py to develop.pyc", 
        "byte-compiling build/bdist.linux-x86_64/egg/setuptools/command/alias.py to alias.pyc", 
        "byte-compiling build/bdist.linux-x86_64/egg/setuptools/command/upload_docs.py to upload_docs.pyc", 
        "byte-compiling build/bdist.linux-x86_64/egg/setuptools/_deprecation_warning.py to _deprecation_warning.pyc", 
        "byte-compiling build/bdist.linux-x86_64/egg/setuptools/py31compat.py to py31compat.pyc", 
        "byte-compiling build/bdist.linux-x86_64/egg/setuptools/dep_util.py to dep_util.pyc", 
        "byte-compiling build/bdist.linux-x86_64/egg/setuptools/dist.py to dist.pyc", 
        "byte-compiling build/bdist.linux-x86_64/egg/setuptools/lib2to3_ex.py to lib2to3_ex.pyc", 
        "byte-compiling build/bdist.linux-x86_64/egg/setuptools/pep425tags.py to pep425tags.pyc", 
        "byte-compiling build/bdist.linux-x86_64/egg/setuptools/glob.py to glob.pyc", 
        "byte-compiling build/bdist.linux-x86_64/egg/setuptools/sandbox.py to sandbox.pyc", 
        "byte-compiling build/bdist.linux-x86_64/egg/setuptools/extension.py to extension.pyc", 
        "byte-compiling build/bdist.linux-x86_64/egg/setuptools/glibc.py to glibc.pyc", 
        "byte-compiling build/bdist.linux-x86_64/egg/easy_install.py to easy_install.pyc", 
        "byte-compiling build/bdist.linux-x86_64/egg/pkg_resources/_vendor/__init__.py to __init__.pyc", 
        "byte-compiling build/bdist.linux-x86_64/egg/pkg_resources/_vendor/packaging/specifiers.py to specifiers.pyc", 
        "byte-compiling build/bdist.linux-x86_64/egg/pkg_resources/_vendor/packaging/version.py to version.pyc", 
        "byte-compiling build/bdist.linux-x86_64/egg/pkg_resources/_vendor/packaging/__about__.py to __about__.pyc", 
        "byte-compiling build/bdist.linux-x86_64/egg/pkg_resources/_vendor/packaging/__init__.py to __init__.pyc", 
        "byte-compiling build/bdist.linux-x86_64/egg/pkg_resources/_vendor/packaging/_structures.py to _structures.pyc", 
        "byte-compiling build/bdist.linux-x86_64/egg/pkg_resources/_vendor/packaging/_compat.py to _compat.pyc", 
        "byte-compiling build/bdist.linux-x86_64/egg/pkg_resources/_vendor/packaging/utils.py to utils.pyc", 
        "byte-compiling build/bdist.linux-x86_64/egg/pkg_resources/_vendor/packaging/requirements.py to requirements.pyc", 
        "byte-compiling build/bdist.linux-x86_64/egg/pkg_resources/_vendor/packaging/markers.py to markers.pyc", 
        "byte-compiling build/bdist.linux-x86_64/egg/pkg_resources/_vendor/appdirs.py to appdirs.pyc", 
        "byte-compiling build/bdist.linux-x86_64/egg/pkg_resources/_vendor/six.py to six.pyc", 
        "byte-compiling build/bdist.linux-x86_64/egg/pkg_resources/_vendor/pyparsing.py to pyparsing.pyc", 
        "byte-compiling build/bdist.linux-x86_64/egg/pkg_resources/__init__.py to __init__.pyc", 
        "byte-compiling build/bdist.linux-x86_64/egg/pkg_resources/extern/__init__.py to __init__.pyc", 
        "byte-compiling build/bdist.linux-x86_64/egg/pkg_resources/py31compat.py to py31compat.pyc", 
        "creating build/bdist.linux-x86_64/egg/EGG-INFO", 
        "copying setuptools.egg-info/PKG-INFO -> build/bdist.linux-x86_64/egg/EGG-INFO", 
        "copying setuptools.egg-info/SOURCES.txt -> build/bdist.linux-x86_64/egg/EGG-INFO", 
        "copying setuptools.egg-info/dependency_links.txt -> build/bdist.linux-x86_64/egg/EGG-INFO", 
        "copying setuptools.egg-info/entry_points.txt -> build/bdist.linux-x86_64/egg/EGG-INFO", 
        "copying setuptools.egg-info/requires.txt -> build/bdist.linux-x86_64/egg/EGG-INFO", 
        "copying setuptools.egg-info/top_level.txt -> build/bdist.linux-x86_64/egg/EGG-INFO", 
        "copying setuptools.egg-info/zip-safe -> build/bdist.linux-x86_64/egg/EGG-INFO", 
        "creating 'dist/setuptools-40.8.0-py2.7.egg' and adding 'build/bdist.linux-x86_64/egg' to it", 
        "removing 'build/bdist.linux-x86_64/egg' (and everything under it)", 
        "Processing setuptools-40.8.0-py2.7.egg", 
        "Removing /usr/lib/python2.7/site-packages/setuptools-40.8.0-py2.7.egg", 
        "Copying setuptools-40.8.0-py2.7.egg to /usr/lib/python2.7/site-packages", 
        "setuptools 40.8.0 is already the active version in easy-install.pth", 
        "Installing easy_install script to /usr/bin", 
        "Installing easy_install-2.7 script to /usr/bin", 
        "", 
        "Installed /usr/lib/python2.7/site-packages/setuptools-40.8.0-py2.7.egg", 
        "Processing dependencies for setuptools==40.8.0", 
        "Finished processing dependencies for setuptools==40.8.0", 
        "running install", 
        "running bdist_egg", 
        "running egg_info", 
        "writing src/pip.egg-info/PKG-INFO", 
        "writing top-level names to src/pip.egg-info/top_level.txt", 
        "writing dependency_links to src/pip.egg-info/dependency_links.txt", 
        "writing entry points to src/pip.egg-info/entry_points.txt", 
        "reading manifest file 'src/pip.egg-info/SOURCES.txt'", 
        "reading manifest template 'MANIFEST.in'", 
        "writing manifest file 'src/pip.egg-info/SOURCES.txt'", 
        "installing library code to build/bdist.linux-x86_64/egg", 
        "running install_lib", 
        "running build_py", 
        "creating build/bdist.linux-x86_64/egg", 
        "creating build/bdist.linux-x86_64/egg/pip", 
        "creating build/bdist.linux-x86_64/egg/pip/_vendor", 
        "creating build/bdist.linux-x86_64/egg/pip/_vendor/pep517", 
        "copying build/lib/pip/_vendor/pep517/check.py -> build/bdist.linux-x86_64/egg/pip/_vendor/pep517", 
        "copying build/lib/pip/_vendor/pep517/__init__.py -> build/bdist.linux-x86_64/egg/pip/_vendor/pep517", 
        "copying build/lib/pip/_vendor/pep517/wrappers.py -> build/bdist.linux-x86_64/egg/pip/_vendor/pep517", 
        "copying build/lib/pip/_vendor/pep517/build.py -> build/bdist.linux-x86_64/egg/pip/_vendor/pep517", 
        "copying build/lib/pip/_vendor/pep517/envbuild.py -> build/bdist.linux-x86_64/egg/pip/_vendor/pep517", 
        "copying build/lib/pip/_vendor/pep517/_in_process.py -> build/bdist.linux-x86_64/egg/pip/_vendor/pep517", 
        "copying build/lib/pip/_vendor/pep517/compat.py -> build/bdist.linux-x86_64/egg/pip/_vendor/pep517", 
        "copying build/lib/pip/_vendor/pep517/colorlog.py -> build/bdist.linux-x86_64/egg/pip/_vendor/pep517", 
        "creating build/bdist.linux-x86_64/egg/pip/_vendor/msgpack", 
        "copying build/lib/pip/_vendor/msgpack/_version.py -> build/bdist.linux-x86_64/egg/pip/_vendor/msgpack", 
        "copying build/lib/pip/_vendor/msgpack/fallback.py -> build/bdist.linux-x86_64/egg/pip/_vendor/msgpack", 
        "copying build/lib/pip/_vendor/msgpack/__init__.py -> build/bdist.linux-x86_64/egg/pip/_vendor/msgpack", 
        "copying build/lib/pip/_vendor/msgpack/exceptions.py -> build/bdist.linux-x86_64/egg/pip/_vendor/msgpack", 
        "creating build/bdist.linux-x86_64/egg/pip/_vendor/certifi", 
        "copying build/lib/pip/_vendor/certifi/core.py -> build/bdist.linux-x86_64/egg/pip/_vendor/certifi", 
        "copying build/lib/pip/_vendor/certifi/__init__.py -> build/bdist.linux-x86_64/egg/pip/_vendor/certifi", 
        "copying build/lib/pip/_vendor/certifi/cacert.pem -> build/bdist.linux-x86_64/egg/pip/_vendor/certifi", 
        "copying build/lib/pip/_vendor/certifi/__main__.py -> build/bdist.linux-x86_64/egg/pip/_vendor/certifi", 
        "creating build/bdist.linux-x86_64/egg/pip/_vendor/pytoml", 
        "copying build/lib/pip/_vendor/pytoml/writer.py -> build/bdist.linux-x86_64/egg/pip/_vendor/pytoml", 
        "copying build/lib/pip/_vendor/pytoml/parser.py -> build/bdist.linux-x86_64/egg/pip/_vendor/pytoml", 
        "copying build/lib/pip/_vendor/pytoml/test.py -> build/bdist.linux-x86_64/egg/pip/_vendor/pytoml", 
        "copying build/lib/pip/_vendor/pytoml/core.py -> build/bdist.linux-x86_64/egg/pip/_vendor/pytoml", 
        "copying build/lib/pip/_vendor/pytoml/__init__.py -> build/bdist.linux-x86_64/egg/pip/_vendor/pytoml", 
        "copying build/lib/pip/_vendor/pytoml/utils.py -> build/bdist.linux-x86_64/egg/pip/_vendor/pytoml", 
        "creating build/bdist.linux-x86_64/egg/pip/_vendor/requests", 
        "copying build/lib/pip/_vendor/requests/adapters.py -> build/bdist.linux-x86_64/egg/pip/_vendor/requests", 
        "copying build/lib/pip/_vendor/requests/__version__.py -> build/bdist.linux-x86_64/egg/pip/_vendor/requests", 
        "copying build/lib/pip/_vendor/requests/cookies.py -> build/bdist.linux-x86_64/egg/pip/_vendor/requests", 
        "copying build/lib/pip/_vendor/requests/structures.py -> build/bdist.linux-x86_64/egg/pip/_vendor/requests", 
        "copying build/lib/pip/_vendor/requests/packages.py -> build/bdist.linux-x86_64/egg/pip/_vendor/requests", 
        "copying build/lib/pip/_vendor/requests/_internal_utils.py -> build/bdist.linux-x86_64/egg/pip/_vendor/requests", 
        "copying build/lib/pip/_vendor/requests/__init__.py -> build/bdist.linux-x86_64/egg/pip/_vendor/requests", 
        "copying build/lib/pip/_vendor/requests/models.py -> build/bdist.linux-x86_64/egg/pip/_vendor/requests", 
        "copying build/lib/pip/_vendor/requests/exceptions.py -> build/bdist.linux-x86_64/egg/pip/_vendor/requests", 
        "copying build/lib/pip/_vendor/requests/auth.py -> build/bdist.linux-x86_64/egg/pip/_vendor/requests", 
        "copying build/lib/pip/_vendor/requests/status_codes.py -> build/bdist.linux-x86_64/egg/pip/_vendor/requests", 
        "copying build/lib/pip/_vendor/requests/certs.py -> build/bdist.linux-x86_64/egg/pip/_vendor/requests", 
        "copying build/lib/pip/_vendor/requests/api.py -> build/bdist.linux-x86_64/egg/pip/_vendor/requests", 
        "copying build/lib/pip/_vendor/requests/utils.py -> build/bdist.linux-x86_64/egg/pip/_vendor/requests", 
        "copying build/lib/pip/_vendor/requests/help.py -> build/bdist.linux-x86_64/egg/pip/_vendor/requests", 
        "copying build/lib/pip/_vendor/requests/hooks.py -> build/bdist.linux-x86_64/egg/pip/_vendor/requests", 
        "copying build/lib/pip/_vendor/requests/sessions.py -> build/bdist.linux-x86_64/egg/pip/_vendor/requests", 
        "copying build/lib/pip/_vendor/requests/compat.py -> build/bdist.linux-x86_64/egg/pip/_vendor/requests", 
        "copying build/lib/pip/_vendor/__init__.py -> build/bdist.linux-x86_64/egg/pip/_vendor", 
        "creating build/bdist.linux-x86_64/egg/pip/_vendor/progress", 
        "copying build/lib/pip/_vendor/progress/spinner.py -> build/bdist.linux-x86_64/egg/pip/_vendor/progress", 
        "copying build/lib/pip/_vendor/progress/__init__.py -> build/bdist.linux-x86_64/egg/pip/_vendor/progress", 
        "copying build/lib/pip/_vendor/progress/helpers.py -> build/bdist.linux-x86_64/egg/pip/_vendor/progress", 
        "copying build/lib/pip/_vendor/progress/bar.py -> build/bdist.linux-x86_64/egg/pip/_vendor/progress", 
        "copying build/lib/pip/_vendor/progress/counter.py -> build/bdist.linux-x86_64/egg/pip/_vendor/progress", 
        "creating build/bdist.linux-x86_64/egg/pip/_vendor/packaging", 
        "copying build/lib/pip/_vendor/packaging/specifiers.py -> build/bdist.linux-x86_64/egg/pip/_vendor/packaging", 
        "copying build/lib/pip/_vendor/packaging/version.py -> build/bdist.linux-x86_64/egg/pip/_vendor/packaging", 
        "copying build/lib/pip/_vendor/packaging/__about__.py -> build/bdist.linux-x86_64/egg/pip/_vendor/packaging", 
        "copying build/lib/pip/_vendor/packaging/__init__.py -> build/bdist.linux-x86_64/egg/pip/_vendor/packaging", 
        "copying build/lib/pip/_vendor/packaging/_structures.py -> build/bdist.linux-x86_64/egg/pip/_vendor/packaging", 
        "copying build/lib/pip/_vendor/packaging/_compat.py -> build/bdist.linux-x86_64/egg/pip/_vendor/packaging", 
        "copying build/lib/pip/_vendor/packaging/utils.py -> build/bdist.linux-x86_64/egg/pip/_vendor/packaging", 
        "copying build/lib/pip/_vendor/packaging/requirements.py -> build/bdist.linux-x86_64/egg/pip/_vendor/packaging", 
        "copying build/lib/pip/_vendor/packaging/markers.py -> build/bdist.linux-x86_64/egg/pip/_vendor/packaging", 
        "creating build/bdist.linux-x86_64/egg/pip/_vendor/chardet", 
        "copying build/lib/pip/_vendor/chardet/gb2312freq.py -> build/bdist.linux-x86_64/egg/pip/_vendor/chardet", 
        "copying build/lib/pip/_vendor/chardet/mbcsgroupprober.py -> build/bdist.linux-x86_64/egg/pip/_vendor/chardet", 
        "copying build/lib/pip/_vendor/chardet/sjisprober.py -> build/bdist.linux-x86_64/egg/pip/_vendor/chardet", 
        "copying build/lib/pip/_vendor/chardet/sbcharsetprober.py -> build/bdist.linux-x86_64/egg/pip/_vendor/chardet", 
        "copying build/lib/pip/_vendor/chardet/jisfreq.py -> build/bdist.linux-x86_64/egg/pip/_vendor/chardet", 
        "copying build/lib/pip/_vendor/chardet/version.py -> build/bdist.linux-x86_64/egg/pip/_vendor/chardet", 
        "copying build/lib/pip/_vendor/chardet/escsm.py -> build/bdist.linux-x86_64/egg/pip/_vendor/chardet", 
        "copying build/lib/pip/_vendor/chardet/jpcntx.py -> build/bdist.linux-x86_64/egg/pip/_vendor/chardet", 
        "copying build/lib/pip/_vendor/chardet/sbcsgroupprober.py -> build/bdist.linux-x86_64/egg/pip/_vendor/chardet", 
        "copying build/lib/pip/_vendor/chardet/__init__.py -> build/bdist.linux-x86_64/egg/pip/_vendor/chardet", 
        "copying build/lib/pip/_vendor/chardet/latin1prober.py -> build/bdist.linux-x86_64/egg/pip/_vendor/chardet", 
        "creating build/bdist.linux-x86_64/egg/pip/_vendor/chardet/cli", 
        "copying build/lib/pip/_vendor/chardet/cli/chardetect.py -> build/bdist.linux-x86_64/egg/pip/_vendor/chardet/cli", 
        "copying build/lib/pip/_vendor/chardet/cli/__init__.py -> build/bdist.linux-x86_64/egg/pip/_vendor/chardet/cli", 
        "copying build/lib/pip/_vendor/chardet/gb2312prober.py -> build/bdist.linux-x86_64/egg/pip/_vendor/chardet", 
        "copying build/lib/pip/_vendor/chardet/langturkishmodel.py -> build/bdist.linux-x86_64/egg/pip/_vendor/chardet", 
        "copying build/lib/pip/_vendor/chardet/langthaimodel.py -> build/bdist.linux-x86_64/egg/pip/_vendor/chardet", 
        "copying build/lib/pip/_vendor/chardet/langhungarianmodel.py -> build/bdist.linux-x86_64/egg/pip/_vendor/chardet", 
        "copying build/lib/pip/_vendor/chardet/euckrprober.py -> build/bdist.linux-x86_64/egg/pip/_vendor/chardet", 
        "copying build/lib/pip/_vendor/chardet/euckrfreq.py -> build/bdist.linux-x86_64/egg/pip/_vendor/chardet", 
        "copying build/lib/pip/_vendor/chardet/euctwprober.py -> build/bdist.linux-x86_64/egg/pip/_vendor/chardet", 
        "copying build/lib/pip/_vendor/chardet/enums.py -> build/bdist.linux-x86_64/egg/pip/_vendor/chardet", 
        "copying build/lib/pip/_vendor/chardet/eucjpprober.py -> build/bdist.linux-x86_64/egg/pip/_vendor/chardet", 
        "copying build/lib/pip/_vendor/chardet/charsetprober.py -> build/bdist.linux-x86_64/egg/pip/_vendor/chardet", 
        "copying build/lib/pip/_vendor/chardet/codingstatemachine.py -> build/bdist.linux-x86_64/egg/pip/_vendor/chardet", 
        "copying build/lib/pip/_vendor/chardet/langgreekmodel.py -> build/bdist.linux-x86_64/egg/pip/_vendor/chardet", 
        "copying build/lib/pip/_vendor/chardet/langhebrewmodel.py -> build/bdist.linux-x86_64/egg/pip/_vendor/chardet", 
        "copying build/lib/pip/_vendor/chardet/chardistribution.py -> build/bdist.linux-x86_64/egg/pip/_vendor/chardet", 
        "copying build/lib/pip/_vendor/chardet/charsetgroupprober.py -> build/bdist.linux-x86_64/egg/pip/_vendor/chardet", 
        "copying build/lib/pip/_vendor/chardet/big5prober.py -> build/bdist.linux-x86_64/egg/pip/_vendor/chardet", 
        "copying build/lib/pip/_vendor/chardet/euctwfreq.py -> build/bdist.linux-x86_64/egg/pip/_vendor/chardet", 
        "copying build/lib/pip/_vendor/chardet/compat.py -> build/bdist.linux-x86_64/egg/pip/_vendor/chardet", 
        "copying build/lib/pip/_vendor/chardet/langcyrillicmodel.py -> build/bdist.linux-x86_64/egg/pip/_vendor/chardet", 
        "copying build/lib/pip/_vendor/chardet/mbcharsetprober.py -> build/bdist.linux-x86_64/egg/pip/_vendor/chardet", 
        "copying build/lib/pip/_vendor/chardet/hebrewprober.py -> build/bdist.linux-x86_64/egg/pip/_vendor/chardet", 
        "copying build/lib/pip/_vendor/chardet/utf8prober.py -> build/bdist.linux-x86_64/egg/pip/_vendor/chardet", 
        "copying build/lib/pip/_vendor/chardet/escprober.py -> build/bdist.linux-x86_64/egg/pip/_vendor/chardet", 
        "copying build/lib/pip/_vendor/chardet/big5freq.py -> build/bdist.linux-x86_64/egg/pip/_vendor/chardet", 
        "copying build/lib/pip/_vendor/chardet/mbcssm.py -> build/bdist.linux-x86_64/egg/pip/_vendor/chardet", 
        "copying build/lib/pip/_vendor/chardet/cp949prober.py -> build/bdist.linux-x86_64/egg/pip/_vendor/chardet", 
        "copying build/lib/pip/_vendor/chardet/langbulgarianmodel.py -> build/bdist.linux-x86_64/egg/pip/_vendor/chardet", 
        "copying build/lib/pip/_vendor/chardet/universaldetector.py -> build/bdist.linux-x86_64/egg/pip/_vendor/chardet", 
        "creating build/bdist.linux-x86_64/egg/pip/_vendor/webencodings", 
        "copying build/lib/pip/_vendor/webencodings/labels.py -> build/bdist.linux-x86_64/egg/pip/_vendor/webencodings", 
        "copying build/lib/pip/_vendor/webencodings/mklabels.py -> build/bdist.linux-x86_64/egg/pip/_vendor/webencodings", 
        "copying build/lib/pip/_vendor/webencodings/tests.py -> build/bdist.linux-x86_64/egg/pip/_vendor/webencodings", 
        "copying build/lib/pip/_vendor/webencodings/x_user_defined.py -> build/bdist.linux-x86_64/egg/pip/_vendor/webencodings", 
        "copying build/lib/pip/_vendor/webencodings/__init__.py -> build/bdist.linux-x86_64/egg/pip/_vendor/webencodings", 
        "creating build/bdist.linux-x86_64/egg/pip/_vendor/idna", 
        "copying build/lib/pip/_vendor/idna/core.py -> build/bdist.linux-x86_64/egg/pip/_vendor/idna", 
        "copying build/lib/pip/_vendor/idna/codec.py -> build/bdist.linux-x86_64/egg/pip/_vendor/idna", 
        "copying build/lib/pip/_vendor/idna/intranges.py -> build/bdist.linux-x86_64/egg/pip/_vendor/idna", 
        "copying build/lib/pip/_vendor/idna/package_data.py -> build/bdist.linux-x86_64/egg/pip/_vendor/idna", 
        "copying build/lib/pip/_vendor/idna/__init__.py -> build/bdist.linux-x86_64/egg/pip/_vendor/idna", 
        "copying build/lib/pip/_vendor/idna/idnadata.py -> build/bdist.linux-x86_64/egg/pip/_vendor/idna", 
        "copying build/lib/pip/_vendor/idna/uts46data.py -> build/bdist.linux-x86_64/egg/pip/_vendor/idna", 
        "copying build/lib/pip/_vendor/idna/compat.py -> build/bdist.linux-x86_64/egg/pip/_vendor/idna", 
        "copying build/lib/pip/_vendor/distro.py -> build/bdist.linux-x86_64/egg/pip/_vendor", 
        "creating build/bdist.linux-x86_64/egg/pip/_vendor/colorama", 
        "copying build/lib/pip/_vendor/colorama/ansitowin32.py -> build/bdist.linux-x86_64/egg/pip/_vendor/colorama", 
        "copying build/lib/pip/_vendor/colorama/win32.py -> build/bdist.linux-x86_64/egg/pip/_vendor/colorama", 
        "copying build/lib/pip/_vendor/colorama/ansi.py -> build/bdist.linux-x86_64/egg/pip/_vendor/colorama", 
        "copying build/lib/pip/_vendor/colorama/__init__.py -> build/bdist.linux-x86_64/egg/pip/_vendor/colorama", 
        "copying build/lib/pip/_vendor/colorama/initialise.py -> build/bdist.linux-x86_64/egg/pip/_vendor/colorama", 
        "copying build/lib/pip/_vendor/colorama/winterm.py -> build/bdist.linux-x86_64/egg/pip/_vendor/colorama", 
        "copying build/lib/pip/_vendor/retrying.py -> build/bdist.linux-x86_64/egg/pip/_vendor", 
        "creating build/bdist.linux-x86_64/egg/pip/_vendor/pkg_resources", 
        "copying build/lib/pip/_vendor/pkg_resources/__init__.py -> build/bdist.linux-x86_64/egg/pip/_vendor/pkg_resources", 
        "copying build/lib/pip/_vendor/pkg_resources/py31compat.py -> build/bdist.linux-x86_64/egg/pip/_vendor/pkg_resources", 
        "creating build/bdist.linux-x86_64/egg/pip/_vendor/lockfile", 
        "copying build/lib/pip/_vendor/lockfile/linklockfile.py -> build/bdist.linux-x86_64/egg/pip/_vendor/lockfile", 
        "copying build/lib/pip/_vendor/lockfile/pidlockfile.py -> build/bdist.linux-x86_64/egg/pip/_vendor/lockfile", 
        "copying build/lib/pip/_vendor/lockfile/__init__.py -> build/bdist.linux-x86_64/egg/pip/_vendor/lockfile", 
        "copying build/lib/pip/_vendor/lockfile/sqlitelockfile.py -> build/bdist.linux-x86_64/egg/pip/_vendor/lockfile", 
        "copying build/lib/pip/_vendor/lockfile/symlinklockfile.py -> build/bdist.linux-x86_64/egg/pip/_vendor/lockfile", 
        "copying build/lib/pip/_vendor/lockfile/mkdirlockfile.py -> build/bdist.linux-x86_64/egg/pip/_vendor/lockfile", 
        "creating build/bdist.linux-x86_64/egg/pip/_vendor/urllib3", 
        "copying build/lib/pip/_vendor/urllib3/filepost.py -> build/bdist.linux-x86_64/egg/pip/_vendor/urllib3", 
        "creating build/bdist.linux-x86_64/egg/pip/_vendor/urllib3/contrib", 
        "copying build/lib/pip/_vendor/urllib3/contrib/socks.py -> build/bdist.linux-x86_64/egg/pip/_vendor/urllib3/contrib", 
        "copying build/lib/pip/_vendor/urllib3/contrib/appengine.py -> build/bdist.linux-x86_64/egg/pip/_vendor/urllib3/contrib", 
        "copying build/lib/pip/_vendor/urllib3/contrib/ntlmpool.py -> build/bdist.linux-x86_64/egg/pip/_vendor/urllib3/contrib", 
        "copying build/lib/pip/_vendor/urllib3/contrib/__init__.py -> build/bdist.linux-x86_64/egg/pip/_vendor/urllib3/contrib", 
        "copying build/lib/pip/_vendor/urllib3/contrib/_appengine_environ.py -> build/bdist.linux-x86_64/egg/pip/_vendor/urllib3/contrib", 
        "copying build/lib/pip/_vendor/urllib3/contrib/securetransport.py -> build/bdist.linux-x86_64/egg/pip/_vendor/urllib3/contrib", 
        "creating build/bdist.linux-x86_64/egg/pip/_vendor/urllib3/contrib/_securetransport", 
        "copying build/lib/pip/_vendor/urllib3/contrib/_securetransport/__init__.py -> build/bdist.linux-x86_64/egg/pip/_vendor/urllib3/contrib/_securetransport", 
        "copying build/lib/pip/_vendor/urllib3/contrib/_securetransport/low_level.py -> build/bdist.linux-x86_64/egg/pip/_vendor/urllib3/contrib/_securetransport", 
        "copying build/lib/pip/_vendor/urllib3/contrib/_securetransport/bindings.py -> build/bdist.linux-x86_64/egg/pip/_vendor/urllib3/contrib/_securetransport", 
        "copying build/lib/pip/_vendor/urllib3/contrib/pyopenssl.py -> build/bdist.linux-x86_64/egg/pip/_vendor/urllib3/contrib", 
        "copying build/lib/pip/_vendor/urllib3/poolmanager.py -> build/bdist.linux-x86_64/egg/pip/_vendor/urllib3", 
        "copying build/lib/pip/_vendor/urllib3/request.py -> build/bdist.linux-x86_64/egg/pip/_vendor/urllib3", 
        "creating build/bdist.linux-x86_64/egg/pip/_vendor/urllib3/util", 
        "copying build/lib/pip/_vendor/urllib3/util/request.py -> build/bdist.linux-x86_64/egg/pip/_vendor/urllib3/util", 
        "copying build/lib/pip/_vendor/urllib3/util/timeout.py -> build/bdist.linux-x86_64/egg/pip/_vendor/urllib3/util", 
        "copying build/lib/pip/_vendor/urllib3/util/__init__.py -> build/bdist.linux-x86_64/egg/pip/_vendor/urllib3/util", 
        "copying build/lib/pip/_vendor/urllib3/util/connection.py -> build/bdist.linux-x86_64/egg/pip/_vendor/urllib3/util", 
        "copying build/lib/pip/_vendor/urllib3/util/retry.py -> build/bdist.linux-x86_64/egg/pip/_vendor/urllib3/util", 
        "copying build/lib/pip/_vendor/urllib3/util/queue.py -> build/bdist.linux-x86_64/egg/pip/_vendor/urllib3/util", 
        "copying build/lib/pip/_vendor/urllib3/util/response.py -> build/bdist.linux-x86_64/egg/pip/_vendor/urllib3/util", 
        "copying build/lib/pip/_vendor/urllib3/util/url.py -> build/bdist.linux-x86_64/egg/pip/_vendor/urllib3/util", 
        "copying build/lib/pip/_vendor/urllib3/util/ssl_.py -> build/bdist.linux-x86_64/egg/pip/_vendor/urllib3/util", 
        "copying build/lib/pip/_vendor/urllib3/util/wait.py -> build/bdist.linux-x86_64/egg/pip/_vendor/urllib3/util", 
        "copying build/lib/pip/_vendor/urllib3/__init__.py -> build/bdist.linux-x86_64/egg/pip/_vendor/urllib3", 
        "copying build/lib/pip/_vendor/urllib3/exceptions.py -> build/bdist.linux-x86_64/egg/pip/_vendor/urllib3", 
        "copying build/lib/pip/_vendor/urllib3/connection.py -> build/bdist.linux-x86_64/egg/pip/_vendor/urllib3", 
        "creating build/bdist.linux-x86_64/egg/pip/_vendor/urllib3/packages", 
        "creating build/bdist.linux-x86_64/egg/pip/_vendor/urllib3/packages/backports", 
        "copying build/lib/pip/_vendor/urllib3/packages/backports/__init__.py -> build/bdist.linux-x86_64/egg/pip/_vendor/urllib3/packages/backports", 
        "copying build/lib/pip/_vendor/urllib3/packages/backports/makefile.py -> build/bdist.linux-x86_64/egg/pip/_vendor/urllib3/packages/backports", 
        "copying build/lib/pip/_vendor/urllib3/packages/__init__.py -> build/bdist.linux-x86_64/egg/pip/_vendor/urllib3/packages", 
        "copying build/lib/pip/_vendor/urllib3/packages/six.py -> build/bdist.linux-x86_64/egg/pip/_vendor/urllib3/packages", 
        "creating build/bdist.linux-x86_64/egg/pip/_vendor/urllib3/packages/ssl_match_hostname", 
        "copying build/lib/pip/_vendor/urllib3/packages/ssl_match_hostname/__init__.py -> build/bdist.linux-x86_64/egg/pip/_vendor/urllib3/packages/ssl_match_hostname", 
        "copying build/lib/pip/_vendor/urllib3/packages/ssl_match_hostname/_implementation.py -> build/bdist.linux-x86_64/egg/pip/_vendor/urllib3/packages/ssl_match_hostname", 
        "copying build/lib/pip/_vendor/urllib3/response.py -> build/bdist.linux-x86_64/egg/pip/_vendor/urllib3", 
        "copying build/lib/pip/_vendor/urllib3/_collections.py -> build/bdist.linux-x86_64/egg/pip/_vendor/urllib3", 
        "copying build/lib/pip/_vendor/urllib3/fields.py -> build/bdist.linux-x86_64/egg/pip/_vendor/urllib3", 
        "copying build/lib/pip/_vendor/urllib3/connectionpool.py -> build/bdist.linux-x86_64/egg/pip/_vendor/urllib3", 
        "copying build/lib/pip/_vendor/ipaddress.py -> build/bdist.linux-x86_64/egg/pip/_vendor", 
        "copying build/lib/pip/_vendor/appdirs.py -> build/bdist.linux-x86_64/egg/pip/_vendor", 
        "copying build/lib/pip/_vendor/six.py -> build/bdist.linux-x86_64/egg/pip/_vendor", 
        "creating build/bdist.linux-x86_64/egg/pip/_vendor/distlib", 
        "copying build/lib/pip/_vendor/distlib/wheel.py -> build/bdist.linux-x86_64/egg/pip/_vendor/distlib", 
        "copying build/lib/pip/_vendor/distlib/version.py -> build/bdist.linux-x86_64/egg/pip/_vendor/distlib", 
        "copying build/lib/pip/_vendor/distlib/util.py -> build/bdist.linux-x86_64/egg/pip/_vendor/distlib", 
        "copying build/lib/pip/_vendor/distlib/__init__.py -> build/bdist.linux-x86_64/egg/pip/_vendor/distlib", 
        "copying build/lib/pip/_vendor/distlib/database.py -> build/bdist.linux-x86_64/egg/pip/_vendor/distlib", 
        "copying build/lib/pip/_vendor/distlib/metadata.py -> build/bdist.linux-x86_64/egg/pip/_vendor/distlib", 
        "copying build/lib/pip/_vendor/distlib/resources.py -> build/bdist.linux-x86_64/egg/pip/_vendor/distlib", 
        "creating build/bdist.linux-x86_64/egg/pip/_vendor/distlib/_backport", 
        "copying build/lib/pip/_vendor/distlib/_backport/shutil.py -> build/bdist.linux-x86_64/egg/pip/_vendor/distlib/_backport", 
        "copying build/lib/pip/_vendor/distlib/_backport/__init__.py -> build/bdist.linux-x86_64/egg/pip/_vendor/distlib/_backport", 
        "copying build/lib/pip/_vendor/distlib/_backport/tarfile.py -> build/bdist.linux-x86_64/egg/pip/_vendor/distlib/_backport", 
        "copying build/lib/pip/_vendor/distlib/_backport/sysconfig.cfg -> build/bdist.linux-x86_64/egg/pip/_vendor/distlib/_backport", 
        "copying build/lib/pip/_vendor/distlib/_backport/misc.py -> build/bdist.linux-x86_64/egg/pip/_vendor/distlib/_backport", 
        "copying build/lib/pip/_vendor/distlib/_backport/sysconfig.py -> build/bdist.linux-x86_64/egg/pip/_vendor/distlib/_backport", 
        "copying build/lib/pip/_vendor/distlib/w32.exe -> build/bdist.linux-x86_64/egg/pip/_vendor/distlib", 
        "copying build/lib/pip/_vendor/distlib/locators.py -> build/bdist.linux-x86_64/egg/pip/_vendor/distlib", 
        "copying build/lib/pip/_vendor/distlib/w64.exe -> build/bdist.linux-x86_64/egg/pip/_vendor/distlib", 
        "copying build/lib/pip/_vendor/distlib/t64.exe -> build/bdist.linux-x86_64/egg/pip/_vendor/distlib", 
        "copying build/lib/pip/_vendor/distlib/index.py -> build/bdist.linux-x86_64/egg/pip/_vendor/distlib", 
        "copying build/lib/pip/_vendor/distlib/manifest.py -> build/bdist.linux-x86_64/egg/pip/_vendor/distlib", 
        "copying build/lib/pip/_vendor/distlib/markers.py -> build/bdist.linux-x86_64/egg/pip/_vendor/distlib", 
        "copying build/lib/pip/_vendor/distlib/compat.py -> build/bdist.linux-x86_64/egg/pip/_vendor/distlib", 
        "copying build/lib/pip/_vendor/distlib/t32.exe -> build/bdist.linux-x86_64/egg/pip/_vendor/distlib", 
        "copying build/lib/pip/_vendor/distlib/scripts.py -> build/bdist.linux-x86_64/egg/pip/_vendor/distlib", 
        "creating build/bdist.linux-x86_64/egg/pip/_vendor/html5lib", 
        "creating build/bdist.linux-x86_64/egg/pip/_vendor/html5lib/treeadapters", 
        "copying build/lib/pip/_vendor/html5lib/treeadapters/__init__.py -> build/bdist.linux-x86_64/egg/pip/_vendor/html5lib/treeadapters", 
        "copying build/lib/pip/_vendor/html5lib/treeadapters/genshi.py -> build/bdist.linux-x86_64/egg/pip/_vendor/html5lib/treeadapters", 
        "copying build/lib/pip/_vendor/html5lib/treeadapters/sax.py -> build/bdist.linux-x86_64/egg/pip/_vendor/html5lib/treeadapters", 
        "copying build/lib/pip/_vendor/html5lib/html5parser.py -> build/bdist.linux-x86_64/egg/pip/_vendor/html5lib", 
        "copying build/lib/pip/_vendor/html5lib/__init__.py -> build/bdist.linux-x86_64/egg/pip/_vendor/html5lib", 
        "copying build/lib/pip/_vendor/html5lib/_inputstream.py -> build/bdist.linux-x86_64/egg/pip/_vendor/html5lib", 
        "creating build/bdist.linux-x86_64/egg/pip/_vendor/html5lib/_trie", 
        "copying build/lib/pip/_vendor/html5lib/_trie/datrie.py -> build/bdist.linux-x86_64/egg/pip/_vendor/html5lib/_trie", 
        "copying build/lib/pip/_vendor/html5lib/_trie/__init__.py -> build/bdist.linux-x86_64/egg/pip/_vendor/html5lib/_trie", 
        "copying build/lib/pip/_vendor/html5lib/_trie/py.py -> build/bdist.linux-x86_64/egg/pip/_vendor/html5lib/_trie", 
        "copying build/lib/pip/_vendor/html5lib/_trie/_base.py -> build/bdist.linux-x86_64/egg/pip/_vendor/html5lib/_trie", 
        "copying build/lib/pip/_vendor/html5lib/_tokenizer.py -> build/bdist.linux-x86_64/egg/pip/_vendor/html5lib", 
        "copying build/lib/pip/_vendor/html5lib/constants.py -> build/bdist.linux-x86_64/egg/pip/_vendor/html5lib", 
        "copying build/lib/pip/_vendor/html5lib/_ihatexml.py -> build/bdist.linux-x86_64/egg/pip/_vendor/html5lib", 
        "creating build/bdist.linux-x86_64/egg/pip/_vendor/html5lib/treewalkers", 
        "copying build/lib/pip/_vendor/html5lib/treewalkers/base.py -> build/bdist.linux-x86_64/egg/pip/_vendor/html5lib/treewalkers", 
        "copying build/lib/pip/_vendor/html5lib/treewalkers/etree.py -> build/bdist.linux-x86_64/egg/pip/_vendor/html5lib/treewalkers", 
        "copying build/lib/pip/_vendor/html5lib/treewalkers/__init__.py -> build/bdist.linux-x86_64/egg/pip/_vendor/html5lib/treewalkers", 
        "copying build/lib/pip/_vendor/html5lib/treewalkers/genshi.py -> build/bdist.linux-x86_64/egg/pip/_vendor/html5lib/treewalkers", 
        "copying build/lib/pip/_vendor/html5lib/treewalkers/etree_lxml.py -> build/bdist.linux-x86_64/egg/pip/_vendor/html5lib/treewalkers", 
        "copying build/lib/pip/_vendor/html5lib/treewalkers/dom.py -> build/bdist.linux-x86_64/egg/pip/_vendor/html5lib/treewalkers", 
        "creating build/bdist.linux-x86_64/egg/pip/_vendor/html5lib/filters", 
        "copying build/lib/pip/_vendor/html5lib/filters/base.py -> build/bdist.linux-x86_64/egg/pip/_vendor/html5lib/filters", 
        "copying build/lib/pip/_vendor/html5lib/filters/__init__.py -> build/bdist.linux-x86_64/egg/pip/_vendor/html5lib/filters", 
        "copying build/lib/pip/_vendor/html5lib/filters/lint.py -> build/bdist.linux-x86_64/egg/pip/_vendor/html5lib/filters", 
        "copying build/lib/pip/_vendor/html5lib/filters/alphabeticalattributes.py -> build/bdist.linux-x86_64/egg/pip/_vendor/html5lib/filters", 
        "copying build/lib/pip/_vendor/html5lib/filters/whitespace.py -> build/bdist.linux-x86_64/egg/pip/_vendor/html5lib/filters", 
        "copying build/lib/pip/_vendor/html5lib/filters/inject_meta_charset.py -> build/bdist.linux-x86_64/egg/pip/_vendor/html5lib/filters", 
        "copying build/lib/pip/_vendor/html5lib/filters/optionaltags.py -> build/bdist.linux-x86_64/egg/pip/_vendor/html5lib/filters", 
        "copying build/lib/pip/_vendor/html5lib/filters/sanitizer.py -> build/bdist.linux-x86_64/egg/pip/_vendor/html5lib/filters", 
        "copying build/lib/pip/_vendor/html5lib/_utils.py -> build/bdist.linux-x86_64/egg/pip/_vendor/html5lib", 
        "creating build/bdist.linux-x86_64/egg/pip/_vendor/html5lib/treebuilders", 
        "copying build/lib/pip/_vendor/html5lib/treebuilders/base.py -> build/bdist.linux-x86_64/egg/pip/_vendor/html5lib/treebuilders", 
        "copying build/lib/pip/_vendor/html5lib/treebuilders/etree.py -> build/bdist.linux-x86_64/egg/pip/_vendor/html5lib/treebuilders", 
        "copying build/lib/pip/_vendor/html5lib/treebuilders/__init__.py -> build/bdist.linux-x86_64/egg/pip/_vendor/html5lib/treebuilders", 
        "copying build/lib/pip/_vendor/html5lib/treebuilders/etree_lxml.py -> build/bdist.linux-x86_64/egg/pip/_vendor/html5lib/treebuilders", 
        "copying build/lib/pip/_vendor/html5lib/treebuilders/dom.py -> build/bdist.linux-x86_64/egg/pip/_vendor/html5lib/treebuilders", 
        "copying build/lib/pip/_vendor/html5lib/serializer.py -> build/bdist.linux-x86_64/egg/pip/_vendor/html5lib", 
        "creating build/bdist.linux-x86_64/egg/pip/_vendor/cachecontrol", 
        "copying build/lib/pip/_vendor/cachecontrol/filewrapper.py -> build/bdist.linux-x86_64/egg/pip/_vendor/cachecontrol", 
        "copying build/lib/pip/_vendor/cachecontrol/controller.py -> build/bdist.linux-x86_64/egg/pip/_vendor/cachecontrol", 
        "copying build/lib/pip/_vendor/cachecontrol/__init__.py -> build/bdist.linux-x86_64/egg/pip/_vendor/cachecontrol", 
        "copying build/lib/pip/_vendor/cachecontrol/cache.py -> build/bdist.linux-x86_64/egg/pip/_vendor/cachecontrol", 
        "copying build/lib/pip/_vendor/cachecontrol/adapter.py -> build/bdist.linux-x86_64/egg/pip/_vendor/cachecontrol", 
        "creating build/bdist.linux-x86_64/egg/pip/_vendor/cachecontrol/caches", 
        "copying build/lib/pip/_vendor/cachecontrol/caches/redis_cache.py -> build/bdist.linux-x86_64/egg/pip/_vendor/cachecontrol/caches", 
        "copying build/lib/pip/_vendor/cachecontrol/caches/__init__.py -> build/bdist.linux-x86_64/egg/pip/_vendor/cachecontrol/caches", 
        "copying build/lib/pip/_vendor/cachecontrol/caches/file_cache.py -> build/bdist.linux-x86_64/egg/pip/_vendor/cachecontrol/caches", 
        "copying build/lib/pip/_vendor/cachecontrol/wrapper.py -> build/bdist.linux-x86_64/egg/pip/_vendor/cachecontrol", 
        "copying build/lib/pip/_vendor/cachecontrol/serialize.py -> build/bdist.linux-x86_64/egg/pip/_vendor/cachecontrol", 
        "copying build/lib/pip/_vendor/cachecontrol/_cmd.py -> build/bdist.linux-x86_64/egg/pip/_vendor/cachecontrol", 
        "copying build/lib/pip/_vendor/cachecontrol/compat.py -> build/bdist.linux-x86_64/egg/pip/_vendor/cachecontrol", 
        "copying build/lib/pip/_vendor/cachecontrol/heuristics.py -> build/bdist.linux-x86_64/egg/pip/_vendor/cachecontrol", 
        "copying build/lib/pip/_vendor/pyparsing.py -> build/bdist.linux-x86_64/egg/pip/_vendor", 
        "copying build/lib/pip/__init__.py -> build/bdist.linux-x86_64/egg/pip", 
        "creating build/bdist.linux-x86_64/egg/pip/_internal", 
        "creating build/bdist.linux-x86_64/egg/pip/_internal/req", 
        "copying build/lib/pip/_internal/req/req_uninstall.py -> build/bdist.linux-x86_64/egg/pip/_internal/req", 
        "copying build/lib/pip/_internal/req/req_tracker.py -> build/bdist.linux-x86_64/egg/pip/_internal/req", 
        "copying build/lib/pip/_internal/req/__init__.py -> build/bdist.linux-x86_64/egg/pip/_internal/req", 
        "copying build/lib/pip/_internal/req/req_install.py -> build/bdist.linux-x86_64/egg/pip/_internal/req", 
        "copying build/lib/pip/_internal/req/constructors.py -> build/bdist.linux-x86_64/egg/pip/_internal/req", 
        "copying build/lib/pip/_internal/req/req_file.py -> build/bdist.linux-x86_64/egg/pip/_internal/req", 
        "copying build/lib/pip/_internal/req/req_set.py -> build/bdist.linux-x86_64/egg/pip/_internal/req", 
        "copying build/lib/pip/_internal/wheel.py -> build/bdist.linux-x86_64/egg/pip/_internal", 
        "copying build/lib/pip/_internal/pyproject.py -> build/bdist.linux-x86_64/egg/pip/_internal", 
        "creating build/bdist.linux-x86_64/egg/pip/_internal/vcs", 
        "copying build/lib/pip/_internal/vcs/mercurial.py -> build/bdist.linux-x86_64/egg/pip/_internal/vcs", 
        "copying build/lib/pip/_internal/vcs/__init__.py -> build/bdist.linux-x86_64/egg/pip/_internal/vcs", 
        "copying build/lib/pip/_internal/vcs/git.py -> build/bdist.linux-x86_64/egg/pip/_internal/vcs", 
        "copying build/lib/pip/_internal/vcs/subversion.py -> build/bdist.linux-x86_64/egg/pip/_internal/vcs", 
        "copying build/lib/pip/_internal/vcs/bazaar.py -> build/bdist.linux-x86_64/egg/pip/_internal/vcs", 
        "copying build/lib/pip/_internal/__init__.py -> build/bdist.linux-x86_64/egg/pip/_internal", 
        "copying build/lib/pip/_internal/cache.py -> build/bdist.linux-x86_64/egg/pip/_internal", 
        "creating build/bdist.linux-x86_64/egg/pip/_internal/cli", 
        "copying build/lib/pip/_internal/cli/parser.py -> build/bdist.linux-x86_64/egg/pip/_internal/cli", 
        "copying build/lib/pip/_internal/cli/__init__.py -> build/bdist.linux-x86_64/egg/pip/_internal/cli", 
        "copying build/lib/pip/_internal/cli/base_command.py -> build/bdist.linux-x86_64/egg/pip/_internal/cli", 
        "copying build/lib/pip/_internal/cli/status_codes.py -> build/bdist.linux-x86_64/egg/pip/_internal/cli", 
        "copying build/lib/pip/_internal/cli/autocompletion.py -> build/bdist.linux-x86_64/egg/pip/_internal/cli", 
        "copying build/lib/pip/_internal/cli/main_parser.py -> build/bdist.linux-x86_64/egg/pip/_internal/cli", 
        "copying build/lib/pip/_internal/cli/cmdoptions.py -> build/bdist.linux-x86_64/egg/pip/_internal/cli", 
        "copying build/lib/pip/_internal/exceptions.py -> build/bdist.linux-x86_64/egg/pip/_internal", 
        "creating build/bdist.linux-x86_64/egg/pip/_internal/models", 
        "copying build/lib/pip/_internal/models/__init__.py -> build/bdist.linux-x86_64/egg/pip/_internal/models", 
        "copying build/lib/pip/_internal/models/index.py -> build/bdist.linux-x86_64/egg/pip/_internal/models", 
        "copying build/lib/pip/_internal/models/format_control.py -> build/bdist.linux-x86_64/egg/pip/_internal/models", 
        "copying build/lib/pip/_internal/models/candidate.py -> build/bdist.linux-x86_64/egg/pip/_internal/models", 
        "copying build/lib/pip/_internal/models/link.py -> build/bdist.linux-x86_64/egg/pip/_internal/models", 
        "copying build/lib/pip/_internal/download.py -> build/bdist.linux-x86_64/egg/pip/_internal", 
        "creating build/bdist.linux-x86_64/egg/pip/_internal/utils", 
        "copying build/lib/pip/_internal/utils/ui.py -> build/bdist.linux-x86_64/egg/pip/_internal/utils", 
        "copying build/lib/pip/_internal/utils/__init__.py -> build/bdist.linux-x86_64/egg/pip/_internal/utils", 
        "copying build/lib/pip/_internal/utils/outdated.py -> build/bdist.linux-x86_64/egg/pip/_internal/utils", 
        "copying build/lib/pip/_internal/utils/setuptools_build.py -> build/bdist.linux-x86_64/egg/pip/_internal/utils", 
        "copying build/lib/pip/_internal/utils/models.py -> build/bdist.linux-x86_64/egg/pip/_internal/utils", 
        "copying build/lib/pip/_internal/utils/typing.py -> build/bdist.linux-x86_64/egg/pip/_internal/utils", 
        "copying build/lib/pip/_internal/utils/encoding.py -> build/bdist.linux-x86_64/egg/pip/_internal/utils", 
        "copying build/lib/pip/_internal/utils/packaging.py -> build/bdist.linux-x86_64/egg/pip/_internal/utils", 
        "copying build/lib/pip/_internal/utils/misc.py -> build/bdist.linux-x86_64/egg/pip/_internal/utils", 
        "copying build/lib/pip/_internal/utils/filesystem.py -> build/bdist.linux-x86_64/egg/pip/_internal/utils", 
        "copying build/lib/pip/_internal/utils/deprecation.py -> build/bdist.linux-x86_64/egg/pip/_internal/utils", 
        "copying build/lib/pip/_internal/utils/logging.py -> build/bdist.linux-x86_64/egg/pip/_internal/utils", 
        "copying build/lib/pip/_internal/utils/hashes.py -> build/bdist.linux-x86_64/egg/pip/_internal/utils", 
        "copying build/lib/pip/_internal/utils/appdirs.py -> build/bdist.linux-x86_64/egg/pip/_internal/utils", 
        "copying build/lib/pip/_internal/utils/compat.py -> build/bdist.linux-x86_64/egg/pip/_internal/utils", 
        "copying build/lib/pip/_internal/utils/temp_dir.py -> build/bdist.linux-x86_64/egg/pip/_internal/utils", 
        "copying build/lib/pip/_internal/utils/glibc.py -> build/bdist.linux-x86_64/egg/pip/_internal/utils", 
        "copying build/lib/pip/_internal/index.py -> build/bdist.linux-x86_64/egg/pip/_internal", 
        "creating build/bdist.linux-x86_64/egg/pip/_internal/operations", 
        "copying build/lib/pip/_internal/operations/prepare.py -> build/bdist.linux-x86_64/egg/pip/_internal/operations", 
        "copying build/lib/pip/_internal/operations/check.py -> build/bdist.linux-x86_64/egg/pip/_internal/operations", 
        "copying build/lib/pip/_internal/operations/__init__.py -> build/bdist.linux-x86_64/egg/pip/_internal/operations", 
        "copying build/lib/pip/_internal/operations/freeze.py -> build/bdist.linux-x86_64/egg/pip/_internal/operations", 
        "copying build/lib/pip/_internal/resolve.py -> build/bdist.linux-x86_64/egg/pip/_internal", 
        "creating build/bdist.linux-x86_64/egg/pip/_internal/commands", 
        "copying build/lib/pip/_internal/commands/wheel.py -> build/bdist.linux-x86_64/egg/pip/_internal/commands", 
        "copying build/lib/pip/_internal/commands/show.py -> build/bdist.linux-x86_64/egg/pip/_internal/commands", 
        "copying build/lib/pip/_internal/commands/completion.py -> build/bdist.linux-x86_64/egg/pip/_internal/commands", 
        "copying build/lib/pip/_internal/commands/check.py -> build/bdist.linux-x86_64/egg/pip/_internal/commands", 
        "copying build/lib/pip/_internal/commands/__init__.py -> build/bdist.linux-x86_64/egg/pip/_internal/commands", 
        "copying build/lib/pip/_internal/commands/install.py -> build/bdist.linux-x86_64/egg/pip/_internal/commands", 
        "copying build/lib/pip/_internal/commands/hash.py -> build/bdist.linux-x86_64/egg/pip/_internal/commands", 
        "copying build/lib/pip/_internal/commands/download.py -> build/bdist.linux-x86_64/egg/pip/_internal/commands", 
        "copying build/lib/pip/_internal/commands/freeze.py -> build/bdist.linux-x86_64/egg/pip/_internal/commands", 
        "copying build/lib/pip/_internal/commands/search.py -> build/bdist.linux-x86_64/egg/pip/_internal/commands", 
        "copying build/lib/pip/_internal/commands/uninstall.py -> build/bdist.linux-x86_64/egg/pip/_internal/commands", 
        "copying build/lib/pip/_internal/commands/help.py -> build/bdist.linux-x86_64/egg/pip/_internal/commands", 
        "copying build/lib/pip/_internal/commands/list.py -> build/bdist.linux-x86_64/egg/pip/_internal/commands", 
        "copying build/lib/pip/_internal/commands/configuration.py -> build/bdist.linux-x86_64/egg/pip/_internal/commands", 
        "copying build/lib/pip/_internal/locations.py -> build/bdist.linux-x86_64/egg/pip/_internal", 
        "copying build/lib/pip/_internal/build_env.py -> build/bdist.linux-x86_64/egg/pip/_internal", 
        "copying build/lib/pip/_internal/configuration.py -> build/bdist.linux-x86_64/egg/pip/_internal", 
        "copying build/lib/pip/_internal/pep425tags.py -> build/bdist.linux-x86_64/egg/pip/_internal", 
        "copying build/lib/pip/__main__.py -> build/bdist.linux-x86_64/egg/pip", 
        "byte-compiling build/bdist.linux-x86_64/egg/pip/_vendor/pep517/check.py to check.pyc", 
        "byte-compiling build/bdist.linux-x86_64/egg/pip/_vendor/pep517/__init__.py to __init__.pyc", 
        "byte-compiling build/bdist.linux-x86_64/egg/pip/_vendor/pep517/wrappers.py to wrappers.pyc", 
        "byte-compiling build/bdist.linux-x86_64/egg/pip/_vendor/pep517/build.py to build.pyc", 
        "byte-compiling build/bdist.linux-x86_64/egg/pip/_vendor/pep517/envbuild.py to envbuild.pyc", 
        "byte-compiling build/bdist.linux-x86_64/egg/pip/_vendor/pep517/_in_process.py to _in_process.pyc", 
        "byte-compiling build/bdist.linux-x86_64/egg/pip/_vendor/pep517/compat.py to compat.pyc", 
        "byte-compiling build/bdist.linux-x86_64/egg/pip/_vendor/pep517/colorlog.py to colorlog.pyc", 
        "byte-compiling build/bdist.linux-x86_64/egg/pip/_vendor/msgpack/_version.py to _version.pyc", 
        "byte-compiling build/bdist.linux-x86_64/egg/pip/_vendor/msgpack/fallback.py to fallback.pyc", 
        "byte-compiling build/bdist.linux-x86_64/egg/pip/_vendor/msgpack/__init__.py to __init__.pyc", 
        "byte-compiling build/bdist.linux-x86_64/egg/pip/_vendor/msgpack/exceptions.py to exceptions.pyc", 
        "byte-compiling build/bdist.linux-x86_64/egg/pip/_vendor/certifi/core.py to core.pyc", 
        "byte-compiling build/bdist.linux-x86_64/egg/pip/_vendor/certifi/__init__.py to __init__.pyc", 
        "byte-compiling build/bdist.linux-x86_64/egg/pip/_vendor/certifi/__main__.py to __main__.pyc", 
        "byte-compiling build/bdist.linux-x86_64/egg/pip/_vendor/pytoml/writer.py to writer.pyc", 
        "byte-compiling build/bdist.linux-x86_64/egg/pip/_vendor/pytoml/parser.py to parser.pyc", 
        "byte-compiling build/bdist.linux-x86_64/egg/pip/_vendor/pytoml/test.py to test.pyc", 
        "byte-compiling build/bdist.linux-x86_64/egg/pip/_vendor/pytoml/core.py to core.pyc", 
        "byte-compiling build/bdist.linux-x86_64/egg/pip/_vendor/pytoml/__init__.py to __init__.pyc", 
        "byte-compiling build/bdist.linux-x86_64/egg/pip/_vendor/pytoml/utils.py to utils.pyc", 
        "byte-compiling build/bdist.linux-x86_64/egg/pip/_vendor/requests/adapters.py to adapters.pyc", 
        "byte-compiling build/bdist.linux-x86_64/egg/pip/_vendor/requests/__version__.py to __version__.pyc", 
        "byte-compiling build/bdist.linux-x86_64/egg/pip/_vendor/requests/cookies.py to cookies.pyc", 
        "byte-compiling build/bdist.linux-x86_64/egg/pip/_vendor/requests/structures.py to structures.pyc", 
        "byte-compiling build/bdist.linux-x86_64/egg/pip/_vendor/requests/packages.py to packages.pyc", 
        "byte-compiling build/bdist.linux-x86_64/egg/pip/_vendor/requests/_internal_utils.py to _internal_utils.pyc", 
        "byte-compiling build/bdist.linux-x86_64/egg/pip/_vendor/requests/__init__.py to __init__.pyc", 
        "byte-compiling build/bdist.linux-x86_64/egg/pip/_vendor/requests/models.py to models.pyc", 
        "byte-compiling build/bdist.linux-x86_64/egg/pip/_vendor/requests/exceptions.py to exceptions.pyc", 
        "byte-compiling build/bdist.linux-x86_64/egg/pip/_vendor/requests/auth.py to auth.pyc", 
        "byte-compiling build/bdist.linux-x86_64/egg/pip/_vendor/requests/status_codes.py to status_codes.pyc", 
        "byte-compiling build/bdist.linux-x86_64/egg/pip/_vendor/requests/certs.py to certs.pyc", 
        "byte-compiling build/bdist.linux-x86_64/egg/pip/_vendor/requests/api.py to api.pyc", 
        "byte-compiling build/bdist.linux-x86_64/egg/pip/_vendor/requests/utils.py to utils.pyc", 
        "byte-compiling build/bdist.linux-x86_64/egg/pip/_vendor/requests/help.py to help.pyc", 
        "byte-compiling build/bdist.linux-x86_64/egg/pip/_vendor/requests/hooks.py to hooks.pyc", 
        "byte-compiling build/bdist.linux-x86_64/egg/pip/_vendor/requests/sessions.py to sessions.pyc", 
        "byte-compiling build/bdist.linux-x86_64/egg/pip/_vendor/requests/compat.py to compat.pyc", 
        "byte-compiling build/bdist.linux-x86_64/egg/pip/_vendor/__init__.py to __init__.pyc", 
        "byte-compiling build/bdist.linux-x86_64/egg/pip/_vendor/progress/spinner.py to spinner.pyc", 
        "byte-compiling build/bdist.linux-x86_64/egg/pip/_vendor/progress/__init__.py to __init__.pyc", 
        "byte-compiling build/bdist.linux-x86_64/egg/pip/_vendor/progress/helpers.py to helpers.pyc", 
        "byte-compiling build/bdist.linux-x86_64/egg/pip/_vendor/progress/bar.py to bar.pyc", 
        "byte-compiling build/bdist.linux-x86_64/egg/pip/_vendor/progress/counter.py to counter.pyc", 
        "byte-compiling build/bdist.linux-x86_64/egg/pip/_vendor/packaging/specifiers.py to specifiers.pyc", 
        "byte-compiling build/bdist.linux-x86_64/egg/pip/_vendor/packaging/version.py to version.pyc", 
        "byte-compiling build/bdist.linux-x86_64/egg/pip/_vendor/packaging/__about__.py to __about__.pyc", 
        "byte-compiling build/bdist.linux-x86_64/egg/pip/_vendor/packaging/__init__.py to __init__.pyc", 
        "byte-compiling build/bdist.linux-x86_64/egg/pip/_vendor/packaging/_structures.py to _structures.pyc", 
        "byte-compiling build/bdist.linux-x86_64/egg/pip/_vendor/packaging/_compat.py to _compat.pyc", 
        "byte-compiling build/bdist.linux-x86_64/egg/pip/_vendor/packaging/utils.py to utils.pyc", 
        "byte-compiling build/bdist.linux-x86_64/egg/pip/_vendor/packaging/requirements.py to requirements.pyc", 
        "byte-compiling build/bdist.linux-x86_64/egg/pip/_vendor/packaging/markers.py to markers.pyc", 
        "byte-compiling build/bdist.linux-x86_64/egg/pip/_vendor/chardet/gb2312freq.py to gb2312freq.pyc", 
        "byte-compiling build/bdist.linux-x86_64/egg/pip/_vendor/chardet/mbcsgroupprober.py to mbcsgroupprober.pyc", 
        "byte-compiling build/bdist.linux-x86_64/egg/pip/_vendor/chardet/sjisprober.py to sjisprober.pyc", 
        "byte-compiling build/bdist.linux-x86_64/egg/pip/_vendor/chardet/sbcharsetprober.py to sbcharsetprober.pyc", 
        "byte-compiling build/bdist.linux-x86_64/egg/pip/_vendor/chardet/jisfreq.py to jisfreq.pyc", 
        "byte-compiling build/bdist.linux-x86_64/egg/pip/_vendor/chardet/version.py to version.pyc", 
        "byte-compiling build/bdist.linux-x86_64/egg/pip/_vendor/chardet/escsm.py to escsm.pyc", 
        "byte-compiling build/bdist.linux-x86_64/egg/pip/_vendor/chardet/jpcntx.py to jpcntx.pyc", 
        "byte-compiling build/bdist.linux-x86_64/egg/pip/_vendor/chardet/sbcsgroupprober.py to sbcsgroupprober.pyc", 
        "byte-compiling build/bdist.linux-x86_64/egg/pip/_vendor/chardet/__init__.py to __init__.pyc", 
        "byte-compiling build/bdist.linux-x86_64/egg/pip/_vendor/chardet/latin1prober.py to latin1prober.pyc", 
        "byte-compiling build/bdist.linux-x86_64/egg/pip/_vendor/chardet/cli/chardetect.py to chardetect.pyc", 
        "byte-compiling build/bdist.linux-x86_64/egg/pip/_vendor/chardet/cli/__init__.py to __init__.pyc", 
        "byte-compiling build/bdist.linux-x86_64/egg/pip/_vendor/chardet/gb2312prober.py to gb2312prober.pyc", 
        "byte-compiling build/bdist.linux-x86_64/egg/pip/_vendor/chardet/langturkishmodel.py to langturkishmodel.pyc", 
        "byte-compiling build/bdist.linux-x86_64/egg/pip/_vendor/chardet/langthaimodel.py to langthaimodel.pyc", 
        "byte-compiling build/bdist.linux-x86_64/egg/pip/_vendor/chardet/langhungarianmodel.py to langhungarianmodel.pyc", 
        "byte-compiling build/bdist.linux-x86_64/egg/pip/_vendor/chardet/euckrprober.py to euckrprober.pyc", 
        "byte-compiling build/bdist.linux-x86_64/egg/pip/_vendor/chardet/euckrfreq.py to euckrfreq.pyc", 
        "byte-compiling build/bdist.linux-x86_64/egg/pip/_vendor/chardet/euctwprober.py to euctwprober.pyc", 
        "byte-compiling build/bdist.linux-x86_64/egg/pip/_vendor/chardet/enums.py to enums.pyc", 
        "byte-compiling build/bdist.linux-x86_64/egg/pip/_vendor/chardet/eucjpprober.py to eucjpprober.pyc", 
        "byte-compiling build/bdist.linux-x86_64/egg/pip/_vendor/chardet/charsetprober.py to charsetprober.pyc", 
        "byte-compiling build/bdist.linux-x86_64/egg/pip/_vendor/chardet/codingstatemachine.py to codingstatemachine.pyc", 
        "byte-compiling build/bdist.linux-x86_64/egg/pip/_vendor/chardet/langgreekmodel.py to langgreekmodel.pyc", 
        "byte-compiling build/bdist.linux-x86_64/egg/pip/_vendor/chardet/langhebrewmodel.py to langhebrewmodel.pyc", 
        "byte-compiling build/bdist.linux-x86_64/egg/pip/_vendor/chardet/chardistribution.py to chardistribution.pyc", 
        "byte-compiling build/bdist.linux-x86_64/egg/pip/_vendor/chardet/charsetgroupprober.py to charsetgroupprober.pyc", 
        "byte-compiling build/bdist.linux-x86_64/egg/pip/_vendor/chardet/big5prober.py to big5prober.pyc", 
        "byte-compiling build/bdist.linux-x86_64/egg/pip/_vendor/chardet/euctwfreq.py to euctwfreq.pyc", 
        "byte-compiling build/bdist.linux-x86_64/egg/pip/_vendor/chardet/compat.py to compat.pyc", 
        "byte-compiling build/bdist.linux-x86_64/egg/pip/_vendor/chardet/langcyrillicmodel.py to langcyrillicmodel.pyc", 
        "byte-compiling build/bdist.linux-x86_64/egg/pip/_vendor/chardet/mbcharsetprober.py to mbcharsetprober.pyc", 
        "byte-compiling build/bdist.linux-x86_64/egg/pip/_vendor/chardet/hebrewprober.py to hebrewprober.pyc", 
        "byte-compiling build/bdist.linux-x86_64/egg/pip/_vendor/chardet/utf8prober.py to utf8prober.pyc", 
        "byte-compiling build/bdist.linux-x86_64/egg/pip/_vendor/chardet/escprober.py to escprober.pyc", 
        "byte-compiling build/bdist.linux-x86_64/egg/pip/_vendor/chardet/big5freq.py to big5freq.pyc", 
        "byte-compiling build/bdist.linux-x86_64/egg/pip/_vendor/chardet/mbcssm.py to mbcssm.pyc", 
        "byte-compiling build/bdist.linux-x86_64/egg/pip/_vendor/chardet/cp949prober.py to cp949prober.pyc", 
        "byte-compiling build/bdist.linux-x86_64/egg/pip/_vendor/chardet/langbulgarianmodel.py to langbulgarianmodel.pyc", 
        "byte-compiling build/bdist.linux-x86_64/egg/pip/_vendor/chardet/universaldetector.py to universaldetector.pyc", 
        "byte-compiling build/bdist.linux-x86_64/egg/pip/_vendor/webencodings/labels.py to labels.pyc", 
        "byte-compiling build/bdist.linux-x86_64/egg/pip/_vendor/webencodings/mklabels.py to mklabels.pyc", 
        "byte-compiling build/bdist.linux-x86_64/egg/pip/_vendor/webencodings/tests.py to tests.pyc", 
        "byte-compiling build/bdist.linux-x86_64/egg/pip/_vendor/webencodings/x_user_defined.py to x_user_defined.pyc", 
        "byte-compiling build/bdist.linux-x86_64/egg/pip/_vendor/webencodings/__init__.py to __init__.pyc", 
        "byte-compiling build/bdist.linux-x86_64/egg/pip/_vendor/idna/core.py to core.pyc", 
        "byte-compiling build/bdist.linux-x86_64/egg/pip/_vendor/idna/codec.py to codec.pyc", 
        "byte-compiling build/bdist.linux-x86_64/egg/pip/_vendor/idna/intranges.py to intranges.pyc", 
        "byte-compiling build/bdist.linux-x86_64/egg/pip/_vendor/idna/package_data.py to package_data.pyc", 
        "byte-compiling build/bdist.linux-x86_64/egg/pip/_vendor/idna/__init__.py to __init__.pyc", 
        "byte-compiling build/bdist.linux-x86_64/egg/pip/_vendor/idna/idnadata.py to idnadata.pyc", 
        "byte-compiling build/bdist.linux-x86_64/egg/pip/_vendor/idna/uts46data.py to uts46data.pyc", 
        "byte-compiling build/bdist.linux-x86_64/egg/pip/_vendor/idna/compat.py to compat.pyc", 
        "byte-compiling build/bdist.linux-x86_64/egg/pip/_vendor/distro.py to distro.pyc", 
        "byte-compiling build/bdist.linux-x86_64/egg/pip/_vendor/colorama/ansitowin32.py to ansitowin32.pyc", 
        "byte-compiling build/bdist.linux-x86_64/egg/pip/_vendor/colorama/win32.py to win32.pyc", 
        "byte-compiling build/bdist.linux-x86_64/egg/pip/_vendor/colorama/ansi.py to ansi.pyc", 
        "byte-compiling build/bdist.linux-x86_64/egg/pip/_vendor/colorama/__init__.py to __init__.pyc", 
        "byte-compiling build/bdist.linux-x86_64/egg/pip/_vendor/colorama/initialise.py to initialise.pyc", 
        "byte-compiling build/bdist.linux-x86_64/egg/pip/_vendor/colorama/winterm.py to winterm.pyc", 
        "byte-compiling build/bdist.linux-x86_64/egg/pip/_vendor/retrying.py to retrying.pyc", 
        "byte-compiling build/bdist.linux-x86_64/egg/pip/_vendor/pkg_resources/__init__.py to __init__.pyc", 
        "byte-compiling build/bdist.linux-x86_64/egg/pip/_vendor/pkg_resources/py31compat.py to py31compat.pyc", 
        "byte-compiling build/bdist.linux-x86_64/egg/pip/_vendor/lockfile/linklockfile.py to linklockfile.pyc", 
        "byte-compiling build/bdist.linux-x86_64/egg/pip/_vendor/lockfile/pidlockfile.py to pidlockfile.pyc", 
        "byte-compiling build/bdist.linux-x86_64/egg/pip/_vendor/lockfile/__init__.py to __init__.pyc", 
        "byte-compiling build/bdist.linux-x86_64/egg/pip/_vendor/lockfile/sqlitelockfile.py to sqlitelockfile.pyc", 
        "byte-compiling build/bdist.linux-x86_64/egg/pip/_vendor/lockfile/symlinklockfile.py to symlinklockfile.pyc", 
        "byte-compiling build/bdist.linux-x86_64/egg/pip/_vendor/lockfile/mkdirlockfile.py to mkdirlockfile.pyc", 
        "byte-compiling build/bdist.linux-x86_64/egg/pip/_vendor/urllib3/filepost.py to filepost.pyc", 
        "byte-compiling build/bdist.linux-x86_64/egg/pip/_vendor/urllib3/contrib/socks.py to socks.pyc", 
        "byte-compiling build/bdist.linux-x86_64/egg/pip/_vendor/urllib3/contrib/appengine.py to appengine.pyc", 
        "byte-compiling build/bdist.linux-x86_64/egg/pip/_vendor/urllib3/contrib/ntlmpool.py to ntlmpool.pyc", 
        "byte-compiling build/bdist.linux-x86_64/egg/pip/_vendor/urllib3/contrib/__init__.py to __init__.pyc", 
        "byte-compiling build/bdist.linux-x86_64/egg/pip/_vendor/urllib3/contrib/_appengine_environ.py to _appengine_environ.pyc", 
        "byte-compiling build/bdist.linux-x86_64/egg/pip/_vendor/urllib3/contrib/securetransport.py to securetransport.pyc", 
        "byte-compiling build/bdist.linux-x86_64/egg/pip/_vendor/urllib3/contrib/_securetransport/__init__.py to __init__.pyc", 
        "byte-compiling build/bdist.linux-x86_64/egg/pip/_vendor/urllib3/contrib/_securetransport/low_level.py to low_level.pyc", 
        "byte-compiling build/bdist.linux-x86_64/egg/pip/_vendor/urllib3/contrib/_securetransport/bindings.py to bindings.pyc", 
        "byte-compiling build/bdist.linux-x86_64/egg/pip/_vendor/urllib3/contrib/pyopenssl.py to pyopenssl.pyc", 
        "byte-compiling build/bdist.linux-x86_64/egg/pip/_vendor/urllib3/poolmanager.py to poolmanager.pyc", 
        "byte-compiling build/bdist.linux-x86_64/egg/pip/_vendor/urllib3/request.py to request.pyc", 
        "byte-compiling build/bdist.linux-x86_64/egg/pip/_vendor/urllib3/util/request.py to request.pyc", 
        "byte-compiling build/bdist.linux-x86_64/egg/pip/_vendor/urllib3/util/timeout.py to timeout.pyc", 
        "byte-compiling build/bdist.linux-x86_64/egg/pip/_vendor/urllib3/util/__init__.py to __init__.pyc", 
        "byte-compiling build/bdist.linux-x86_64/egg/pip/_vendor/urllib3/util/connection.py to connection.pyc", 
        "byte-compiling build/bdist.linux-x86_64/egg/pip/_vendor/urllib3/util/retry.py to retry.pyc", 
        "byte-compiling build/bdist.linux-x86_64/egg/pip/_vendor/urllib3/util/queue.py to queue.pyc", 
        "byte-compiling build/bdist.linux-x86_64/egg/pip/_vendor/urllib3/util/response.py to response.pyc", 
        "byte-compiling build/bdist.linux-x86_64/egg/pip/_vendor/urllib3/util/url.py to url.pyc", 
        "byte-compiling build/bdist.linux-x86_64/egg/pip/_vendor/urllib3/util/ssl_.py to ssl_.pyc", 
        "byte-compiling build/bdist.linux-x86_64/egg/pip/_vendor/urllib3/util/wait.py to wait.pyc", 
        "byte-compiling build/bdist.linux-x86_64/egg/pip/_vendor/urllib3/__init__.py to __init__.pyc", 
        "byte-compiling build/bdist.linux-x86_64/egg/pip/_vendor/urllib3/exceptions.py to exceptions.pyc", 
        "byte-compiling build/bdist.linux-x86_64/egg/pip/_vendor/urllib3/connection.py to connection.pyc", 
        "byte-compiling build/bdist.linux-x86_64/egg/pip/_vendor/urllib3/packages/backports/__init__.py to __init__.pyc", 
        "byte-compiling build/bdist.linux-x86_64/egg/pip/_vendor/urllib3/packages/backports/makefile.py to makefile.pyc", 
        "byte-compiling build/bdist.linux-x86_64/egg/pip/_vendor/urllib3/packages/__init__.py to __init__.pyc", 
        "byte-compiling build/bdist.linux-x86_64/egg/pip/_vendor/urllib3/packages/six.py to six.pyc", 
        "byte-compiling build/bdist.linux-x86_64/egg/pip/_vendor/urllib3/packages/ssl_match_hostname/__init__.py to __init__.pyc", 
        "byte-compiling build/bdist.linux-x86_64/egg/pip/_vendor/urllib3/packages/ssl_match_hostname/_implementation.py to _implementation.pyc", 
        "byte-compiling build/bdist.linux-x86_64/egg/pip/_vendor/urllib3/response.py to response.pyc", 
        "byte-compiling build/bdist.linux-x86_64/egg/pip/_vendor/urllib3/_collections.py to _collections.pyc", 
        "byte-compiling build/bdist.linux-x86_64/egg/pip/_vendor/urllib3/fields.py to fields.pyc", 
        "byte-compiling build/bdist.linux-x86_64/egg/pip/_vendor/urllib3/connectionpool.py to connectionpool.pyc", 
        "byte-compiling build/bdist.linux-x86_64/egg/pip/_vendor/ipaddress.py to ipaddress.pyc", 
        "byte-compiling build/bdist.linux-x86_64/egg/pip/_vendor/appdirs.py to appdirs.pyc", 
        "byte-compiling build/bdist.linux-x86_64/egg/pip/_vendor/six.py to six.pyc", 
        "byte-compiling build/bdist.linux-x86_64/egg/pip/_vendor/distlib/wheel.py to wheel.pyc", 
        "byte-compiling build/bdist.linux-x86_64/egg/pip/_vendor/distlib/version.py to version.pyc", 
        "byte-compiling build/bdist.linux-x86_64/egg/pip/_vendor/distlib/util.py to util.pyc", 
        "byte-compiling build/bdist.linux-x86_64/egg/pip/_vendor/distlib/__init__.py to __init__.pyc", 
        "byte-compiling build/bdist.linux-x86_64/egg/pip/_vendor/distlib/database.py to database.pyc", 
        "byte-compiling build/bdist.linux-x86_64/egg/pip/_vendor/distlib/metadata.py to metadata.pyc", 
        "byte-compiling build/bdist.linux-x86_64/egg/pip/_vendor/distlib/resources.py to resources.pyc", 
        "byte-compiling build/bdist.linux-x86_64/egg/pip/_vendor/distlib/_backport/shutil.py to shutil.pyc", 
        "byte-compiling build/bdist.linux-x86_64/egg/pip/_vendor/distlib/_backport/__init__.py to __init__.pyc", 
        "byte-compiling build/bdist.linux-x86_64/egg/pip/_vendor/distlib/_backport/tarfile.py to tarfile.pyc", 
        "byte-compiling build/bdist.linux-x86_64/egg/pip/_vendor/distlib/_backport/misc.py to misc.pyc", 
        "byte-compiling build/bdist.linux-x86_64/egg/pip/_vendor/distlib/_backport/sysconfig.py to sysconfig.pyc", 
        "byte-compiling build/bdist.linux-x86_64/egg/pip/_vendor/distlib/locators.py to locators.pyc", 
        "byte-compiling build/bdist.linux-x86_64/egg/pip/_vendor/distlib/index.py to index.pyc", 
        "byte-compiling build/bdist.linux-x86_64/egg/pip/_vendor/distlib/manifest.py to manifest.pyc", 
        "byte-compiling build/bdist.linux-x86_64/egg/pip/_vendor/distlib/markers.py to markers.pyc", 
        "byte-compiling build/bdist.linux-x86_64/egg/pip/_vendor/distlib/compat.py to compat.pyc", 
        "byte-compiling build/bdist.linux-x86_64/egg/pip/_vendor/distlib/scripts.py to scripts.pyc", 
        "byte-compiling build/bdist.linux-x86_64/egg/pip/_vendor/html5lib/treeadapters/__init__.py to __init__.pyc", 
        "byte-compiling build/bdist.linux-x86_64/egg/pip/_vendor/html5lib/treeadapters/genshi.py to genshi.pyc", 
        "byte-compiling build/bdist.linux-x86_64/egg/pip/_vendor/html5lib/treeadapters/sax.py to sax.pyc", 
        "byte-compiling build/bdist.linux-x86_64/egg/pip/_vendor/html5lib/html5parser.py to html5parser.pyc", 
        "byte-compiling build/bdist.linux-x86_64/egg/pip/_vendor/html5lib/__init__.py to __init__.pyc", 
        "byte-compiling build/bdist.linux-x86_64/egg/pip/_vendor/html5lib/_inputstream.py to _inputstream.pyc", 
        "byte-compiling build/bdist.linux-x86_64/egg/pip/_vendor/html5lib/_trie/datrie.py to datrie.pyc", 
        "byte-compiling build/bdist.linux-x86_64/egg/pip/_vendor/html5lib/_trie/__init__.py to __init__.pyc", 
        "byte-compiling build/bdist.linux-x86_64/egg/pip/_vendor/html5lib/_trie/py.py to py.pyc", 
        "byte-compiling build/bdist.linux-x86_64/egg/pip/_vendor/html5lib/_trie/_base.py to _base.pyc", 
        "byte-compiling build/bdist.linux-x86_64/egg/pip/_vendor/html5lib/_tokenizer.py to _tokenizer.pyc", 
        "byte-compiling build/bdist.linux-x86_64/egg/pip/_vendor/html5lib/constants.py to constants.pyc", 
        "byte-compiling build/bdist.linux-x86_64/egg/pip/_vendor/html5lib/_ihatexml.py to _ihatexml.pyc", 
        "byte-compiling build/bdist.linux-x86_64/egg/pip/_vendor/html5lib/treewalkers/base.py to base.pyc", 
        "byte-compiling build/bdist.linux-x86_64/egg/pip/_vendor/html5lib/treewalkers/etree.py to etree.pyc", 
        "byte-compiling build/bdist.linux-x86_64/egg/pip/_vendor/html5lib/treewalkers/__init__.py to __init__.pyc", 
        "byte-compiling build/bdist.linux-x86_64/egg/pip/_vendor/html5lib/treewalkers/genshi.py to genshi.pyc", 
        "byte-compiling build/bdist.linux-x86_64/egg/pip/_vendor/html5lib/treewalkers/etree_lxml.py to etree_lxml.pyc", 
        "byte-compiling build/bdist.linux-x86_64/egg/pip/_vendor/html5lib/treewalkers/dom.py to dom.pyc", 
        "byte-compiling build/bdist.linux-x86_64/egg/pip/_vendor/html5lib/filters/base.py to base.pyc", 
        "byte-compiling build/bdist.linux-x86_64/egg/pip/_vendor/html5lib/filters/__init__.py to __init__.pyc", 
        "byte-compiling build/bdist.linux-x86_64/egg/pip/_vendor/html5lib/filters/lint.py to lint.pyc", 
        "byte-compiling build/bdist.linux-x86_64/egg/pip/_vendor/html5lib/filters/alphabeticalattributes.py to alphabeticalattributes.pyc", 
        "byte-compiling build/bdist.linux-x86_64/egg/pip/_vendor/html5lib/filters/whitespace.py to whitespace.pyc", 
        "byte-compiling build/bdist.linux-x86_64/egg/pip/_vendor/html5lib/filters/inject_meta_charset.py to inject_meta_charset.pyc", 
        "byte-compiling build/bdist.linux-x86_64/egg/pip/_vendor/html5lib/filters/optionaltags.py to optionaltags.pyc", 
        "byte-compiling build/bdist.linux-x86_64/egg/pip/_vendor/html5lib/filters/sanitizer.py to sanitizer.pyc", 
        "byte-compiling build/bdist.linux-x86_64/egg/pip/_vendor/html5lib/_utils.py to _utils.pyc", 
        "byte-compiling build/bdist.linux-x86_64/egg/pip/_vendor/html5lib/treebuilders/base.py to base.pyc", 
        "byte-compiling build/bdist.linux-x86_64/egg/pip/_vendor/html5lib/treebuilders/etree.py to etree.pyc", 
        "byte-compiling build/bdist.linux-x86_64/egg/pip/_vendor/html5lib/treebuilders/__init__.py to __init__.pyc", 
        "byte-compiling build/bdist.linux-x86_64/egg/pip/_vendor/html5lib/treebuilders/etree_lxml.py to etree_lxml.pyc", 
        "byte-compiling build/bdist.linux-x86_64/egg/pip/_vendor/html5lib/treebuilders/dom.py to dom.pyc", 
        "byte-compiling build/bdist.linux-x86_64/egg/pip/_vendor/html5lib/serializer.py to serializer.pyc", 
        "byte-compiling build/bdist.linux-x86_64/egg/pip/_vendor/cachecontrol/filewrapper.py to filewrapper.pyc", 
        "byte-compiling build/bdist.linux-x86_64/egg/pip/_vendor/cachecontrol/controller.py to controller.pyc", 
        "byte-compiling build/bdist.linux-x86_64/egg/pip/_vendor/cachecontrol/__init__.py to __init__.pyc", 
        "byte-compiling build/bdist.linux-x86_64/egg/pip/_vendor/cachecontrol/cache.py to cache.pyc", 
        "byte-compiling build/bdist.linux-x86_64/egg/pip/_vendor/cachecontrol/adapter.py to adapter.pyc", 
        "byte-compiling build/bdist.linux-x86_64/egg/pip/_vendor/cachecontrol/caches/redis_cache.py to redis_cache.pyc", 
        "byte-compiling build/bdist.linux-x86_64/egg/pip/_vendor/cachecontrol/caches/__init__.py to __init__.pyc", 
        "byte-compiling build/bdist.linux-x86_64/egg/pip/_vendor/cachecontrol/caches/file_cache.py to file_cache.pyc", 
        "byte-compiling build/bdist.linux-x86_64/egg/pip/_vendor/cachecontrol/wrapper.py to wrapper.pyc", 
        "byte-compiling build/bdist.linux-x86_64/egg/pip/_vendor/cachecontrol/serialize.py to serialize.pyc", 
        "byte-compiling build/bdist.linux-x86_64/egg/pip/_vendor/cachecontrol/_cmd.py to _cmd.pyc", 
        "byte-compiling build/bdist.linux-x86_64/egg/pip/_vendor/cachecontrol/compat.py to compat.pyc", 
        "byte-compiling build/bdist.linux-x86_64/egg/pip/_vendor/cachecontrol/heuristics.py to heuristics.pyc", 
        "byte-compiling build/bdist.linux-x86_64/egg/pip/_vendor/pyparsing.py to pyparsing.pyc", 
        "byte-compiling build/bdist.linux-x86_64/egg/pip/__init__.py to __init__.pyc", 
        "byte-compiling build/bdist.linux-x86_64/egg/pip/_internal/req/req_uninstall.py to req_uninstall.pyc", 
        "byte-compiling build/bdist.linux-x86_64/egg/pip/_internal/req/req_tracker.py to req_tracker.pyc", 
        "byte-compiling build/bdist.linux-x86_64/egg/pip/_internal/req/__init__.py to __init__.pyc", 
        "byte-compiling build/bdist.linux-x86_64/egg/pip/_internal/req/req_install.py to req_install.pyc", 
        "byte-compiling build/bdist.linux-x86_64/egg/pip/_internal/req/constructors.py to constructors.pyc", 
        "byte-compiling build/bdist.linux-x86_64/egg/pip/_internal/req/req_file.py to req_file.pyc", 
        "byte-compiling build/bdist.linux-x86_64/egg/pip/_internal/req/req_set.py to req_set.pyc", 
        "byte-compiling build/bdist.linux-x86_64/egg/pip/_internal/wheel.py to wheel.pyc", 
        "byte-compiling build/bdist.linux-x86_64/egg/pip/_internal/pyproject.py to pyproject.pyc", 
        "byte-compiling build/bdist.linux-x86_64/egg/pip/_internal/vcs/mercurial.py to mercurial.pyc", 
        "byte-compiling build/bdist.linux-x86_64/egg/pip/_internal/vcs/__init__.py to __init__.pyc", 
        "byte-compiling build/bdist.linux-x86_64/egg/pip/_internal/vcs/git.py to git.pyc", 
        "byte-compiling build/bdist.linux-x86_64/egg/pip/_internal/vcs/subversion.py to subversion.pyc", 
        "byte-compiling build/bdist.linux-x86_64/egg/pip/_internal/vcs/bazaar.py to bazaar.pyc", 
        "byte-compiling build/bdist.linux-x86_64/egg/pip/_internal/__init__.py to __init__.pyc", 
        "byte-compiling build/bdist.linux-x86_64/egg/pip/_internal/cache.py to cache.pyc", 
        "byte-compiling build/bdist.linux-x86_64/egg/pip/_internal/cli/parser.py to parser.pyc", 
        "byte-compiling build/bdist.linux-x86_64/egg/pip/_internal/cli/__init__.py to __init__.pyc", 
        "byte-compiling build/bdist.linux-x86_64/egg/pip/_internal/cli/base_command.py to base_command.pyc", 
        "byte-compiling build/bdist.linux-x86_64/egg/pip/_internal/cli/status_codes.py to status_codes.pyc", 
        "byte-compiling build/bdist.linux-x86_64/egg/pip/_internal/cli/autocompletion.py to autocompletion.pyc", 
        "byte-compiling build/bdist.linux-x86_64/egg/pip/_internal/cli/main_parser.py to main_parser.pyc", 
        "byte-compiling build/bdist.linux-x86_64/egg/pip/_internal/cli/cmdoptions.py to cmdoptions.pyc", 
        "byte-compiling build/bdist.linux-x86_64/egg/pip/_internal/exceptions.py to exceptions.pyc", 
        "byte-compiling build/bdist.linux-x86_64/egg/pip/_internal/models/__init__.py to __init__.pyc", 
        "byte-compiling build/bdist.linux-x86_64/egg/pip/_internal/models/index.py to index.pyc", 
        "byte-compiling build/bdist.linux-x86_64/egg/pip/_internal/models/format_control.py to format_control.pyc", 
        "byte-compiling build/bdist.linux-x86_64/egg/pip/_internal/models/candidate.py to candidate.pyc", 
        "byte-compiling build/bdist.linux-x86_64/egg/pip/_internal/models/link.py to link.pyc", 
        "byte-compiling build/bdist.linux-x86_64/egg/pip/_internal/download.py to download.pyc", 
        "byte-compiling build/bdist.linux-x86_64/egg/pip/_internal/utils/ui.py to ui.pyc", 
        "byte-compiling build/bdist.linux-x86_64/egg/pip/_internal/utils/__init__.py to __init__.pyc", 
        "byte-compiling build/bdist.linux-x86_64/egg/pip/_internal/utils/outdated.py to outdated.pyc", 
        "byte-compiling build/bdist.linux-x86_64/egg/pip/_internal/utils/setuptools_build.py to setuptools_build.pyc", 
        "byte-compiling build/bdist.linux-x86_64/egg/pip/_internal/utils/models.py to models.pyc", 
        "byte-compiling build/bdist.linux-x86_64/egg/pip/_internal/utils/typing.py to typing.pyc", 
        "byte-compiling build/bdist.linux-x86_64/egg/pip/_internal/utils/encoding.py to encoding.pyc", 
        "byte-compiling build/bdist.linux-x86_64/egg/pip/_internal/utils/packaging.py to packaging.pyc", 
        "byte-compiling build/bdist.linux-x86_64/egg/pip/_internal/utils/misc.py to misc.pyc", 
        "byte-compiling build/bdist.linux-x86_64/egg/pip/_internal/utils/filesystem.py to filesystem.pyc", 
        "byte-compiling build/bdist.linux-x86_64/egg/pip/_internal/utils/deprecation.py to deprecation.pyc", 
        "byte-compiling build/bdist.linux-x86_64/egg/pip/_internal/utils/logging.py to logging.pyc", 
        "byte-compiling build/bdist.linux-x86_64/egg/pip/_internal/utils/hashes.py to hashes.pyc", 
        "byte-compiling build/bdist.linux-x86_64/egg/pip/_internal/utils/appdirs.py to appdirs.pyc", 
        "byte-compiling build/bdist.linux-x86_64/egg/pip/_internal/utils/compat.py to compat.pyc", 
        "byte-compiling build/bdist.linux-x86_64/egg/pip/_internal/utils/temp_dir.py to temp_dir.pyc", 
        "byte-compiling build/bdist.linux-x86_64/egg/pip/_internal/utils/glibc.py to glibc.pyc", 
        "byte-compiling build/bdist.linux-x86_64/egg/pip/_internal/index.py to index.pyc", 
        "byte-compiling build/bdist.linux-x86_64/egg/pip/_internal/operations/prepare.py to prepare.pyc", 
        "byte-compiling build/bdist.linux-x86_64/egg/pip/_internal/operations/check.py to check.pyc", 
        "byte-compiling build/bdist.linux-x86_64/egg/pip/_internal/operations/__init__.py to __init__.pyc", 
        "byte-compiling build/bdist.linux-x86_64/egg/pip/_internal/operations/freeze.py to freeze.pyc", 
        "byte-compiling build/bdist.linux-x86_64/egg/pip/_internal/resolve.py to resolve.pyc", 
        "byte-compiling build/bdist.linux-x86_64/egg/pip/_internal/commands/wheel.py to wheel.pyc", 
        "byte-compiling build/bdist.linux-x86_64/egg/pip/_internal/commands/show.py to show.pyc", 
        "byte-compiling build/bdist.linux-x86_64/egg/pip/_internal/commands/completion.py to completion.pyc", 
        "byte-compiling build/bdist.linux-x86_64/egg/pip/_internal/commands/check.py to check.pyc", 
        "byte-compiling build/bdist.linux-x86_64/egg/pip/_internal/commands/__init__.py to __init__.pyc", 
        "byte-compiling build/bdist.linux-x86_64/egg/pip/_internal/commands/install.py to install.pyc", 
        "byte-compiling build/bdist.linux-x86_64/egg/pip/_internal/commands/hash.py to hash.pyc", 
        "byte-compiling build/bdist.linux-x86_64/egg/pip/_internal/commands/download.py to download.pyc", 
        "byte-compiling build/bdist.linux-x86_64/egg/pip/_internal/commands/freeze.py to freeze.pyc", 
        "byte-compiling build/bdist.linux-x86_64/egg/pip/_internal/commands/search.py to search.pyc", 
        "byte-compiling build/bdist.linux-x86_64/egg/pip/_internal/commands/uninstall.py to uninstall.pyc", 
        "byte-compiling build/bdist.linux-x86_64/egg/pip/_internal/commands/help.py to help.pyc", 
        "byte-compiling build/bdist.linux-x86_64/egg/pip/_internal/commands/list.py to list.pyc", 
        "byte-compiling build/bdist.linux-x86_64/egg/pip/_internal/commands/configuration.py to configuration.pyc", 
        "byte-compiling build/bdist.linux-x86_64/egg/pip/_internal/locations.py to locations.pyc", 
        "byte-compiling build/bdist.linux-x86_64/egg/pip/_internal/build_env.py to build_env.pyc", 
        "byte-compiling build/bdist.linux-x86_64/egg/pip/_internal/configuration.py to configuration.pyc", 
        "byte-compiling build/bdist.linux-x86_64/egg/pip/_internal/pep425tags.py to pep425tags.pyc", 
        "byte-compiling build/bdist.linux-x86_64/egg/pip/__main__.py to __main__.pyc", 
        "creating build/bdist.linux-x86_64/egg/EGG-INFO", 
        "copying src/pip.egg-info/PKG-INFO -> build/bdist.linux-x86_64/egg/EGG-INFO", 
        "copying src/pip.egg-info/SOURCES.txt -> build/bdist.linux-x86_64/egg/EGG-INFO", 
        "copying src/pip.egg-info/dependency_links.txt -> build/bdist.linux-x86_64/egg/EGG-INFO", 
        "copying src/pip.egg-info/entry_points.txt -> build/bdist.linux-x86_64/egg/EGG-INFO", 
        "copying src/pip.egg-info/not-zip-safe -> build/bdist.linux-x86_64/egg/EGG-INFO", 
        "copying src/pip.egg-info/top_level.txt -> build/bdist.linux-x86_64/egg/EGG-INFO", 
        "creating 'dist/pip-19.0.3-py2.7.egg' and adding 'build/bdist.linux-x86_64/egg' to it", 
        "removing 'build/bdist.linux-x86_64/egg' (and everything under it)", 
        "Processing pip-19.0.3-py2.7.egg", 
        "removing '/usr/lib/python2.7/site-packages/pip-19.0.3-py2.7.egg' (and everything under it)", 
        "creating /usr/lib/python2.7/site-packages/pip-19.0.3-py2.7.egg", 
        "Extracting pip-19.0.3-py2.7.egg to /usr/lib/python2.7/site-packages", 
        "pip 19.0.3 is already the active version in easy-install.pth", 
        "Installing pip script to /usr/bin", 
        "Installing pip2.7 script to /usr/bin", 
        "Installing pip2 script to /usr/bin", 
        "", 
        "Installed /usr/lib/python2.7/site-packages/pip-19.0.3-py2.7.egg", 
        "Processing dependencies for pip==19.0.3", 
        "Finished processing dependencies for pip==19.0.3", 
        "running install", 
        "running build", 
        "running build_py", 
        "running install_lib", 
        "running install_egg_info", 
        "Removing /usr/lib/python2.7/site-packages/ptyprocess-0.6.0-py2.7.egg-info", 
        "Writing /usr/lib/python2.7/site-packages/ptyprocess-0.6.0-py2.7.egg-info", 
        "/usr/bin/pip", 
        "Processing /root/devops/pkg/python/pexpect-4.6.0.tar.gz", 
        "Requirement already satisfied: ptyprocess>=0.5 in /usr/lib/python2.7/site-packages (from pexpect==4.6.0) (0.6.0)", 
        "Installing collected packages: pexpect", 
        "  Found existing installation: pexpect 4.6.0", 
        "    Uninstalling pexpect-4.6.0:", 
        "      Successfully uninstalled pexpect-4.6.0", 
        "  Running setup.py install for pexpect: started", 
        "    Running setup.py install for pexpect: finished with status 'done'", 
        "Successfully installed pexpect-4.6.0", 
        "2020-04-04 23:33:51 install pexpect package successfully"
    ]
}

TASK [os_init : create /tmp/os_init] ********************************************************************************************************************************************
ok: [qitv2812]

TASK [os_init : Copy scripts to /tmp/os_init] ***********************************************************************************************************************************
changed: [qitv2812] => (item={u'name': u'adjust_os.sh'})
changed: [qitv2812] => (item={u'name': u'check_disk.sh'})

TASK [os_init : change /tmp/os_init script can excute] **************************************************************************************************************************
changed: [qitv2812] => (item={u'name': u'adjust_os.sh'})
changed: [qitv2812] => (item={u'name': u'check_disk.sh'})

TASK [os_init : run /tmp/os_init/adjust_os.sh] **********************************************************************************************************************************
changed: [qitv2812]

TASK [os_init : debug] **********************************************************************************************************************************************************
ok: [qitv2812] => {
    "log.stdout_lines": [
        "", 
        "setenforce: SELinux is disabled"
    ]
}

TASK [os_init : run /tmp/os_init/check_disk.sh] *********************************************************************************************************************************
changed: [qitv2812]

TASK [os_init : debug] **********************************************************************************************************************************************************
ok: [qitv2812] => {
    "log.stdout_lines": [
        "/dev/vdb: 2 bytes were erased at offset 0x000001fe (dos): 55 aa", 
        "/dev/vdb: calling ioclt to re-read partition table: Success", 
        "finish partprobe /dev/vdb"
    ]
}

TASK [install_osr : create /root/devops/pkg/dce] ********************************************************************************************************************************
changed: [qitv2812]

TASK [install_osr : download dce-3.0.6-28385.tar.gz] ****************************************************************************************************************************
changed: [qitv2812]

TASK [install_osr : unzip package dce-3.0.6-28385.tar.gz] ***********************************************************************************************************************
changed: [qitv2812] => (item={u'name': u'dce-3.0.6-28385.tar.gz'})

TASK [install_osr : change /root/devops/pkg/dce/dce-3.0.6-28385/os-requirements script can excute] ******************************************************************************
changed: [qitv2812] => (item={u'name': u'os-requirements'})

TASK [install_osr : remove conflict package] ************************************************************************************************************************************
changed: [qitv2812] => (item={u'name': u'nss-softokn-freebl-3.28.3-8.el7_4.i686'})

TASK [install_osr : run /root/devops/pkg/dce/dce-3.0.6-28385/os-requirements] ***************************************************************************************************
changed: [qitv2812]

TASK [install_osr : debug] ******************************************************************************************************************************************************
ok: [qitv2812] => {
    "log.stdout_lines": [
        "", 
        "_______            ____ ___               ___", 
        " |  _  \\          /  __|| |               | |", 
        " | | | |__ _  ___ | |   | | ___  _   _  __| |", 
        " | | | / _` |/ _ \\| |   | |/ _ \\| | | |/ _` |", 
        " | |/ / (_| | (_) | \\___| | (_) | |_| | (_| |", 
        " |___/ \\__,_|\\___/ \\___/|_|\\___/ \\__,_|\\__,_|", 
        "--------------------------DaoCloud Enterprise", 
        "", 
        "", 
        "Preparing OS Requirements installation...", 
        "", 
        "", 
        "Checking Internet connection...", 
        "Will install packages from local dir './repo/'.", 
        "", 
        "", 
        "Which reliability level would you like to use? (Enter a number)", 
        "1) Production Grade", 
        "2) PoC Only", 
        "Please select reliability level(default: 1):  1", 
        "", 
        "Your OS Requirements will be configured as:", 
        "", 
        "Name                     Value", 
        "-----------------------  -------------------------------------------------------------------------------", 
        "Disk for Docker Storage  /dev/vdb", 
        "Reliability Level        Production Grade", 
        "Docker to Install        17.03.2", 
        "Kubelet to Install       1.10.11", 
        "Packages to Install      bash-completion,bind-utils,bridge-utils,chrony,container-storage-setup,curl,", 
        "                         dos2unix,dstat,git,htop,httpd-tools,iftop,iotop,iproute,iptables-services,", 
        "                         jq,keepalived,lsof,ltrace,lvm2,mtr,net-tools,nfs-utils,nmap,nmap-ncat,ntp,perf,", 
        "                         socat,sos,strace,sysstat,tcpdump,telnet,tmux,traceroute,tuned,", 
        "                         wget,yum-utils,yum-plugin-versionlock", 
        "", 
        "Ready! ", 
        "Start OS Requirements installation...", 
        "", 
        "[Step1/6]  Verifying Environment...", 
        "Running Verification Checks (3 Checks)", 
        "3 checks run, 0 failed", 
        "Pre-install check done.", 
        ">>> setenforce 0", 
        ">>> sed -i '/^SELINUX=/c\\SELINUX=disabled' /etc/selinux/config", 
        "", 
        "[Step2/6]  Install required packages...", 
        "Configure yum repo...", 
        "Repo config wrote to '/etc/yum.repos.d/daocloud.repo'", 
        "", 
        "Installing packages...", 
        "", 
        ">>> yum clean all", 
        "Loaded plugins: langpacks, product-id, search-disabled-repos, subscription-", 
        "              : manager", 
        "This system is not registered with an entitlement server. You can use subscription-manager to register.", 
        "Cleaning repos: daocloud rhel.repo", 
        "Cleaning up everything", 
        "Maybe you want: rm -rf /var/cache/yum, to also free up space taken by orphaned data from disabled or removed repos", 
        ">>> yum makecache", 
        "Loaded plugins: langpacks, product-id, search-disabled-repos, subscription-", 
        "              : manager", 
        "This system is not registered with an entitlement server. You can use subscription-manager to register.", 
        "Metadata Cache Created", 
        ">>> yum --disablerepo='*' --enablerepo='daocloud' install -y --skip-broken --setopt=obsoletes=0 yum-utils", 
        "Loaded plugins: langpacks, product-id, search-disabled-repos, subscription-", 
        "              : manager", 
        "This system is not registered with an entitlement server. You can use subscription-manager to register.", 
        "Resolving Dependencies", 
        "--> Running transaction check", 
        "---> Package yum-utils.noarch 0:1.1.31-42.el7 will be updated", 
        "---> Package yum-utils.noarch 0:1.1.31-52.el7 will be an update", 
        "--> Finished Dependency Resolution", 
        "", 
        "Dependencies Resolved", 
        "", 
        "================================================================================", 
        " Package           Arch           Version                Repository        Size", 
        "================================================================================", 
        "Updating:", 
        " yum-utils         noarch         1.1.31-52.el7          daocloud         121 k", 
        "", 
        "Transaction Summary", 
        "================================================================================", 
        "Upgrade  1 Package", 
        "", 
        "Total download size: 121 k", 
        "Downloading packages:", 
        "Running transaction check", 
        "Running transaction test", 
        "Transaction test succeeded", 
        "Running transaction", 
        "  Updating   : yum-utils-1.1.31-52.el7.noarch                               1/2 ", 
        "  Cleanup    : yum-utils-1.1.31-42.el7.noarch                               2/2 ", 
        "  Verifying  : yum-utils-1.1.31-52.el7.noarch                               1/2 ", 
        "  Verifying  : yum-utils-1.1.31-42.el7.noarch                               2/2 ", 
        "", 
        "Updated:", 
        "  yum-utils.noarch 0:1.1.31-52.el7                                              ", 
        "", 
        "Complete!", 
        ">>> rpm -qa | grep -wq  rpcbind  &&  rpm -qa | grep -wq  nfs-utils || yum --disablerepo='*' --enablerepo='daocloud' install -y --skip-broken --setopt=obsoletes=0 nfs-utils rpcbind", 
        ">>> yum --disablerepo='*' --enablerepo='daocloud' install -y --skip-broken --setopt=obsoletes=0 bash-completion bind-utils bridge-utils chrony container-storage-setup curl device-mapper-persistent-data dos2unix dstat git htop httpd-tools iftop iotop iproute iptables-services ipvsadm jq keepalived lsof ltrace lvm2 mtr net-tools nmap nmap-ncat ntp perf psacct socat sos strace sysstat tcpdump telnet tmux traceroute tuned tuned-profiles-atomic wget yum-plugin-versionlock", 
        "Loaded plugins: langpacks, product-id, search-disabled-repos, subscription-", 
        "              : manager", 
        "This system is not registered with an entitlement server. You can use subscription-manager to register.", 
        "Package 1:bash-completion-2.1-6.el7.noarch already installed and latest version", 
        "Package bridge-utils-1.5-9.el7.x86_64 already installed and latest version", 
        "No package ltrace available.", 
        "Package 2:mtr-0.85-7.el7.x86_64 already installed and latest version", 
        "Package psacct-6.6.1-13.el7.x86_64 already installed and latest version", 
        "Package 3:traceroute-2.0.22-2.el7.x86_64 already installed and latest version", 
        "Resolving Dependencies", 
        "--> Running transaction check", 
        "---> Package bind-utils.x86_64 32:9.9.4-51.el7_4.1 will be updated", 
        "---> Package bind-utils.x86_64 32:9.11.4-9.P2.el7 will be an update", 
        "--> Processing Dependency: bind-libs-lite(x86-64) = 32:9.11.4-9.P2.el7 for package: 32:bind-utils-9.11.4-9.P2.el7.x86_64", 
        "--> Processing Dependency: bind-libs(x86-64) = 32:9.11.4-9.P2.el7 for package: 32:bind-utils-9.11.4-9.P2.el7.x86_64", 
        "--> Processing Dependency: liblwres.so.160()(64bit) for package: 32:bind-utils-9.11.4-9.P2.el7.x86_64", 
        "--> Processing Dependency: libisccfg.so.160()(64bit) for package: 32:bind-utils-9.11.4-9.P2.el7.x86_64", 
        "--> Processing Dependency: libisc.so.169()(64bit) for package: 32:bind-utils-9.11.4-9.P2.el7.x86_64", 
        "--> Processing Dependency: libirs.so.160()(64bit) for package: 32:bind-utils-9.11.4-9.P2.el7.x86_64", 
        "--> Processing Dependency: libdns.so.1102()(64bit) for package: 32:bind-utils-9.11.4-9.P2.el7.x86_64", 
        "--> Processing Dependency: libbind9.so.160()(64bit) for package: 32:bind-utils-9.11.4-9.P2.el7.x86_64", 
        "---> Package chrony.x86_64 0:3.1-2.el7 will be updated", 
        "---> Package chrony.x86_64 0:3.4-1.el7 will be an update", 
        "---> Package container-storage-setup.noarch 0:0.11.0-2.git5eaf76c.el7 will be installed", 
        "---> Package curl.x86_64 0:7.29.0-42.el7_4.1 will be updated", 
        "---> Package curl.x86_64 0:7.29.0-54.el7 will be an update", 
        "--> Processing Dependency: libcurl = 7.29.0-54.el7 for package: curl-7.29.0-54.el7.x86_64", 
        "---> Package device-mapper-persistent-data.x86_64 0:0.7.0-0.1.rc6.el7_4.1 will be updated", 
        "---> Package device-mapper-persistent-data.x86_64 0:0.8.5-1.el7 will be an update", 
        "---> Package dos2unix.x86_64 0:6.0.3-7.el7 will be installed", 
        "---> Package dstat.noarch 0:0.7.2-12.el7 will be installed", 
        "---> Package git.x86_64 0:1.8.3.1-20.el7 will be installed", 
        "--> Processing Dependency: perl-Git = 1.8.3.1-20.el7 for package: git-1.8.3.1-20.el7.x86_64", 
        "--> Processing Dependency: perl(Term::ReadKey) for package: git-1.8.3.1-20.el7.x86_64", 
        "--> Processing Dependency: perl(Git) for package: git-1.8.3.1-20.el7.x86_64", 
        "--> Processing Dependency: perl(Error) for package: git-1.8.3.1-20.el7.x86_64", 
        "---> Package htop.x86_64 0:2.2.0-3.el7 will be installed", 
        "---> Package httpd-tools.x86_64 0:2.4.6-90.el7.centos will be installed", 
        "--> Processing Dependency: libaprutil-1.so.0()(64bit) for package: httpd-tools-2.4.6-90.el7.centos.x86_64", 
        "--> Processing Dependency: libapr-1.so.0()(64bit) for package: httpd-tools-2.4.6-90.el7.centos.x86_64", 
        "---> Package iftop.x86_64 0:1.0-0.21.pre4.el7 will be installed", 
        "---> Package iotop.noarch 0:0.6-4.el7 will be installed", 
        "---> Package iproute.x86_64 0:3.10.0-87.el7 will be updated", 
        "---> Package iproute.x86_64 0:4.11.0-25.el7 will be an update", 
        "---> Package iptables-services.x86_64 0:1.4.21-33.el7 will be installed", 
        "--> Processing Dependency: iptables = 1.4.21-33.el7 for package: iptables-services-1.4.21-33.el7.x86_64", 
        "---> Package ipvsadm.x86_64 0:1.27-7.el7 will be installed", 
        "---> Package jq.x86_64 0:1.5-1.el7 will be installed", 
        "--> Processing Dependency: libonig.so.2()(64bit) for package: jq-1.5-1.el7.x86_64", 
        "---> Package keepalived.x86_64 0:1.3.5-16.el7 will be installed", 
        "---> Package lsof.x86_64 0:4.87-4.el7 will be updated", 
        "---> Package lsof.x86_64 0:4.87-6.el7 will be an update", 
        "---> Package lvm2.x86_64 7:2.02.171-8.el7 will be updated", 
        "---> Package lvm2.x86_64 7:2.02.185-2.el7_7.2 will be an update", 
        "--> Processing Dependency: lvm2-libs = 7:2.02.185-2.el7_7.2 for package: 7:lvm2-2.02.185-2.el7_7.2.x86_64", 
        "--> Processing Dependency: libdevmapper.so.1.02(DM_1_02_141)(64bit) for package: 7:lvm2-2.02.185-2.el7_7.2.x86_64", 
        "---> Package net-tools.x86_64 0:2.0-0.22.20131004git.el7 will be updated", 
        "---> Package net-tools.x86_64 0:2.0-0.25.20131004git.el7 will be an update", 
        "---> Package nmap.x86_64 2:6.40-19.el7 will be installed", 
        "---> Package nmap-ncat.x86_64 2:6.40-7.el7 will be updated", 
        "---> Package nmap-ncat.x86_64 2:6.40-19.el7 will be an update", 
        "---> Package ntp.x86_64 0:4.2.6p5-25.el7_3.2 will be updated", 
        "---> Package ntp.x86_64 0:4.2.6p5-29.el7.centos will be an update", 
        "--> Processing Dependency: ntpdate = 4.2.6p5-29.el7.centos for package: ntp-4.2.6p5-29.el7.centos.x86_64", 
        "---> Package perf.x86_64 0:3.10.0-1062.4.3.el7 will be installed", 
        "---> Package socat.x86_64 0:1.7.3.2-2.el7 will be installed", 
        "---> Package sos.noarch 0:3.4-13.el7_4 will be updated", 
        "---> Package sos.noarch 0:3.7-7.el7.centos will be an update", 
        "--> Processing Dependency: python2-futures for package: sos-3.7-7.el7.centos.noarch", 
        "---> Package strace.x86_64 0:4.12-4.el7 will be updated", 
        "---> Package strace.x86_64 0:4.12-9.el7 will be an update", 
        "---> Package sysstat.x86_64 0:10.1.5-12.el7 will be updated", 
        "---> Package sysstat.x86_64 0:10.1.5-18.el7 will be an update", 
        "---> Package tcpdump.x86_64 14:4.9.0-5.el7 will be updated", 
        "---> Package tcpdump.x86_64 14:4.9.2-4.el7 will be an update", 
        "--> Processing Dependency: libpcap >= 14:1.5.3-10 for package: 14:tcpdump-4.9.2-4.el7.x86_64", 
        "---> Package telnet.x86_64 1:0.17-64.el7 will be installed", 
        "---> Package tmux.x86_64 0:1.8-4.el7 will be installed", 
        "---> Package tuned.noarch 0:2.8.0-5.el7_4.2 will be updated", 
        "---> Package tuned.noarch 0:2.11.0-5.el7_7.1 will be an update", 
        "---> Package tuned-profiles-atomic.noarch 0:2.11.0-5.el7_7.1 will be installed", 
        "---> Package wget.x86_64 0:1.14-15.el7_4.1 will be updated", 
        "---> Package wget.x86_64 0:1.14-18.el7_6.1 will be an update", 
        "---> Package yum-plugin-versionlock.noarch 0:1.1.31-52.el7 will be installed", 
        "--> Running transaction check", 
        "---> Package apr.x86_64 0:1.4.8-5.el7 will be installed", 
        "---> Package apr-util.x86_64 0:1.5.2-6.el7 will be installed", 
        "---> Package bind-libs.x86_64 32:9.9.4-51.el7_4.1 will be updated", 
        "---> Package bind-libs.x86_64 32:9.11.4-9.P2.el7 will be an update", 
        "--> Processing Dependency: bind-license = 32:9.11.4-9.P2.el7 for package: 32:bind-libs-9.11.4-9.P2.el7.x86_64", 
        "---> Package bind-libs-lite.x86_64 32:9.9.4-51.el7_4.1 will be updated", 
        "--> Processing Dependency: libdns-export.so.100()(64bit) for package: 12:dhclient-4.2.5-58.el7_4.1.x86_64", 
        "--> Processing Dependency: libisc-export.so.95()(64bit) for package: 12:dhclient-4.2.5-58.el7_4.1.x86_64", 
        "---> Package bind-libs-lite.x86_64 32:9.11.4-9.P2.el7 will be an update", 
        "---> Package device-mapper-libs.x86_64 7:1.02.140-8.el7 will be updated", 
        "--> Processing Dependency: device-mapper-libs = 7:1.02.140-8.el7 for package: 7:device-mapper-1.02.140-8.el7.x86_64", 
        "---> Package device-mapper-libs.x86_64 7:1.02.158-2.el7_7.2 will be an update", 
        "---> Package iptables.x86_64 0:1.4.21-18.2.el7_4 will be updated", 
        "---> Package iptables.x86_64 0:1.4.21-33.el7 will be an update", 
        "---> Package libcurl.x86_64 0:7.29.0-42.el7_4.1 will be updated", 
        "---> Package libcurl.x86_64 0:7.29.0-54.el7 will be an update", 
        "--> Processing Dependency: nss-pem(x86-64) >= 1.0.3-5 for package: libcurl-7.29.0-54.el7.x86_64", 
        "--> Processing Dependency: libnss3.so(NSS_3.34)(64bit) for package: libcurl-7.29.0-54.el7.x86_64", 
        "---> Package libpcap.x86_64 14:1.5.3-9.el7 will be updated", 
        "---> Package libpcap.x86_64 14:1.5.3-11.el7 will be an update", 
        "---> Package lvm2-libs.x86_64 7:2.02.171-8.el7 will be updated", 
        "---> Package lvm2-libs.x86_64 7:2.02.185-2.el7_7.2 will be an update", 
        "--> Processing Dependency: device-mapper-event = 7:1.02.158-2.el7_7.2 for package: 7:lvm2-libs-2.02.185-2.el7_7.2.x86_64", 
        "---> Package ntpdate.x86_64 0:4.2.6p5-25.el7_3.2 will be updated", 
        "---> Package ntpdate.x86_64 0:4.2.6p5-29.el7.centos will be an update", 
        "---> Package oniguruma.x86_64 0:5.9.5-3.el7 will be installed", 
        "---> Package perl-Error.noarch 1:0.17020-2.el7 will be installed", 
        "---> Package perl-Git.noarch 0:1.8.3.1-20.el7 will be installed", 
        "---> Package perl-TermReadKey.x86_64 0:2.30-20.el7 will be installed", 
        "---> Package python2-futures.noarch 0:3.1.1-5.el7 will be installed", 
        "--> Running transaction check", 
        "---> Package bind-libs-lite.x86_64 32:9.9.4-51.el7_4.1 will be updated", 
        "--> Processing Dependency: libdns-export.so.100()(64bit) for package: 12:dhclient-4.2.5-58.el7_4.1.x86_64", 
        "--> Processing Dependency: libisc-export.so.95()(64bit) for package: 12:dhclient-4.2.5-58.el7_4.1.x86_64", 
        "---> Package bind-license.noarch 32:9.9.4-51.el7_4.1 will be updated", 
        "---> Package bind-license.noarch 32:9.11.4-9.P2.el7 will be an update", 
        "---> Package device-mapper.x86_64 7:1.02.140-8.el7 will be updated", 
        "---> Package device-mapper.x86_64 7:1.02.158-2.el7_7.2 will be an update", 
        "---> Package device-mapper-event.x86_64 7:1.02.140-8.el7 will be updated", 
        "---> Package device-mapper-event.x86_64 7:1.02.158-2.el7_7.2 will be an update", 
        "--> Processing Dependency: device-mapper-event-libs = 7:1.02.158-2.el7_7.2 for package: 7:device-mapper-event-1.02.158-2.el7_7.2.x86_64", 
        "---> Package nss.x86_64 0:3.28.4-15.el7_4 will be updated", 
        "--> Processing Dependency: nss = 3.28.4-15.el7_4 for package: nss-sysinit-3.28.4-15.el7_4.x86_64", 
        "--> Processing Dependency: nss(x86-64) = 3.28.4-15.el7_4 for package: nss-tools-3.28.4-15.el7_4.x86_64", 
        "---> Package nss.x86_64 0:3.44.0-4.el7 will be an update", 
        "--> Processing Dependency: nss-util >= 3.44.0-3 for package: nss-3.44.0-4.el7.x86_64", 
        "--> Processing Dependency: nss-softokn(x86-64) >= 3.44.0-1 for package: nss-3.44.0-4.el7.x86_64", 
        "--> Processing Dependency: nspr >= 4.21.0 for package: nss-3.44.0-4.el7.x86_64", 
        "--> Processing Dependency: libnssutil3.so(NSSUTIL_3.39)(64bit) for package: nss-3.44.0-4.el7.x86_64", 
        "--> Processing Dependency: libnssutil3.so(NSSUTIL_3.38)(64bit) for package: nss-3.44.0-4.el7.x86_64", 
        "--> Processing Dependency: libnssutil3.so(NSSUTIL_3.31)(64bit) for package: nss-3.44.0-4.el7.x86_64", 
        "---> Package nss-pem.x86_64 0:1.0.3-4.el7 will be updated", 
        "---> Package nss-pem.x86_64 0:1.0.3-7.el7 will be an update", 
        "--> Running transaction check", 
        "---> Package bind-libs-lite.x86_64 32:9.9.4-51.el7_4.1 will be updated", 
        "--> Processing Dependency: libdns-export.so.100()(64bit) for package: 12:dhclient-4.2.5-58.el7_4.1.x86_64", 
        "--> Processing Dependency: libisc-export.so.95()(64bit) for package: 12:dhclient-4.2.5-58.el7_4.1.x86_64", 
        "---> Package device-mapper-event-libs.x86_64 7:1.02.140-8.el7 will be updated", 
        "---> Package device-mapper-event-libs.x86_64 7:1.02.158-2.el7_7.2 will be an update", 
        "---> Package nspr.x86_64 0:4.13.1-1.0.el7_3 will be updated", 
        "---> Package nspr.x86_64 0:4.21.0-1.el7 will be an update", 
        "---> Package nss-softokn.x86_64 0:3.28.3-8.el7_4 will be updated", 
        "---> Package nss-softokn.x86_64 0:3.44.0-5.el7 will be an update", 
        "--> Processing Dependency: nss-softokn-freebl(x86-64) >= 3.44.0-5.el7 for package: nss-softokn-3.44.0-5.el7.x86_64", 
        "---> Package nss-sysinit.x86_64 0:3.28.4-15.el7_4 will be updated", 
        "---> Package nss-sysinit.x86_64 0:3.44.0-4.el7 will be an update", 
        "---> Package nss-tools.x86_64 0:3.28.4-15.el7_4 will be updated", 
        "---> Package nss-tools.x86_64 0:3.44.0-4.el7 will be an update", 
        "---> Package nss-util.x86_64 0:3.28.4-3.el7 will be updated", 
        "---> Package nss-util.x86_64 0:3.44.0-3.el7 will be an update", 
        "--> Running transaction check", 
        "---> Package bind-libs-lite.x86_64 32:9.9.4-51.el7_4.1 will be updated", 
        "--> Processing Dependency: libdns-export.so.100()(64bit) for package: 12:dhclient-4.2.5-58.el7_4.1.x86_64", 
        "--> Processing Dependency: libisc-export.so.95()(64bit) for package: 12:dhclient-4.2.5-58.el7_4.1.x86_64", 
        "---> Package nss-softokn-freebl.x86_64 0:3.28.3-8.el7_4 will be updated", 
        "---> Package nss-softokn-freebl.x86_64 0:3.44.0-5.el7 will be an update", 
        "--> Running transaction check", 
        "---> Package bind-libs-lite.x86_64 32:9.9.4-51.el7_4.1 will be updated", 
        "--> Processing Dependency: bind-license = 32:9.9.4-51.el7_4.1 for package: 32:bind-libs-lite-9.9.4-51.el7_4.1.x86_64", 
        "---> Package bind-libs-lite.x86_64 32:9.11.4-9.P2.el7 will be an update", 
        "--> Processing Dependency: libisccfg.so.160()(64bit) for package: 32:bind-utils-9.11.4-9.P2.el7.x86_64", 
        "--> Processing Dependency: libisccfg.so.160()(64bit) for package: 32:bind-libs-9.11.4-9.P2.el7.x86_64", 
        "--> Processing Dependency: libisc.so.169()(64bit) for package: 32:bind-utils-9.11.4-9.P2.el7.x86_64", 
        "--> Processing Dependency: libisc.so.169()(64bit) for package: 32:bind-libs-9.11.4-9.P2.el7.x86_64", 
        "--> Processing Dependency: libirs.so.160()(64bit) for package: 32:bind-utils-9.11.4-9.P2.el7.x86_64", 
        "--> Processing Dependency: libdns.so.1102()(64bit) for package: 32:bind-utils-9.11.4-9.P2.el7.x86_64", 
        "--> Processing Dependency: libdns.so.1102()(64bit) for package: 32:bind-libs-9.11.4-9.P2.el7.x86_64", 
        "--> Processing Dependency: bind-libs-lite(x86-64) = 32:9.11.4-9.P2.el7 for package: 32:bind-utils-9.11.4-9.P2.el7.x86_64", 
        "--> Processing Dependency: bind-libs-lite(x86-64) = 32:9.11.4-9.P2.el7 for package: 32:bind-libs-9.11.4-9.P2.el7.x86_64", 
        "--> Running transaction check", 
        "---> Package bind-libs.x86_64 32:9.9.4-51.el7_4.1 will be updated", 
        "---> Package bind-libs.x86_64 32:9.11.4-9.P2.el7 will be an update", 
        "---> Package bind-libs-lite.x86_64 32:9.9.4-51.el7_4.1 will be updated", 
        "---> Package bind-libs-lite.x86_64 32:9.11.4-9.P2.el7 will be an update", 
        "---> Package bind-license.noarch 32:9.9.4-51.el7_4.1 will be updated", 
        "---> Package bind-license.noarch 32:9.11.4-9.P2.el7 will be an update", 
        "---> Package bind-utils.x86_64 32:9.9.4-51.el7_4.1 will be updated", 
        "---> Package bind-utils.x86_64 32:9.11.4-9.P2.el7 will be an update", 
        "--> Running transaction check", 
        "---> Package apr.x86_64 0:1.4.8-5.el7 will be installed", 
        "---> Package apr-util.x86_64 0:1.5.2-6.el7 will be installed", 
        "---> Package chrony.x86_64 0:3.1-2.el7 will be updated", 
        "---> Package chrony.x86_64 0:3.4-1.el7 will be an update", 
        "---> Package container-storage-setup.noarch 0:0.11.0-2.git5eaf76c.el7 will be installed", 
        "---> Package curl.x86_64 0:7.29.0-42.el7_4.1 will be updated", 
        "---> Package curl.x86_64 0:7.29.0-54.el7 will be an update", 
        "---> Package device-mapper.x86_64 7:1.02.140-8.el7 will be updated", 
        "---> Package device-mapper.x86_64 7:1.02.158-2.el7_7.2 will be an update", 
        "---> Package device-mapper-event.x86_64 7:1.02.140-8.el7 will be updated", 
        "---> Package device-mapper-event.x86_64 7:1.02.158-2.el7_7.2 will be an update", 
        "---> Package device-mapper-event-libs.x86_64 7:1.02.140-8.el7 will be updated", 
        "---> Package device-mapper-event-libs.x86_64 7:1.02.158-2.el7_7.2 will be an update", 
        "---> Package device-mapper-libs.x86_64 7:1.02.140-8.el7 will be updated", 
        "---> Package device-mapper-libs.x86_64 7:1.02.158-2.el7_7.2 will be an update", 
        "---> Package device-mapper-persistent-data.x86_64 0:0.7.0-0.1.rc6.el7_4.1 will be updated", 
        "---> Package device-mapper-persistent-data.x86_64 0:0.8.5-1.el7 will be an update", 
        "---> Package dos2unix.x86_64 0:6.0.3-7.el7 will be installed", 
        "---> Package dstat.noarch 0:0.7.2-12.el7 will be installed", 
        "---> Package git.x86_64 0:1.8.3.1-20.el7 will be installed", 
        "---> Package htop.x86_64 0:2.2.0-3.el7 will be installed", 
        "---> Package httpd-tools.x86_64 0:2.4.6-90.el7.centos will be installed", 
        "---> Package iftop.x86_64 0:1.0-0.21.pre4.el7 will be installed", 
        "---> Package iotop.noarch 0:0.6-4.el7 will be installed", 
        "---> Package iproute.x86_64 0:3.10.0-87.el7 will be updated", 
        "---> Package iproute.x86_64 0:4.11.0-25.el7 will be an update", 
        "---> Package iptables.x86_64 0:1.4.21-18.2.el7_4 will be updated", 
        "---> Package iptables.x86_64 0:1.4.21-33.el7 will be an update", 
        "---> Package iptables-services.x86_64 0:1.4.21-33.el7 will be installed", 
        "---> Package ipvsadm.x86_64 0:1.27-7.el7 will be installed", 
        "---> Package jq.x86_64 0:1.5-1.el7 will be installed", 
        "---> Package keepalived.x86_64 0:1.3.5-16.el7 will be installed", 
        "---> Package libcurl.x86_64 0:7.29.0-42.el7_4.1 will be updated", 
        "---> Package libcurl.x86_64 0:7.29.0-54.el7 will be an update", 
        "---> Package libpcap.x86_64 14:1.5.3-9.el7 will be updated", 
        "---> Package libpcap.x86_64 14:1.5.3-11.el7 will be an update", 
        "---> Package lsof.x86_64 0:4.87-4.el7 will be updated", 
        "---> Package lsof.x86_64 0:4.87-6.el7 will be an update", 
        "---> Package lvm2.x86_64 7:2.02.171-8.el7 will be updated", 
        "---> Package lvm2.x86_64 7:2.02.185-2.el7_7.2 will be an update", 
        "---> Package lvm2-libs.x86_64 7:2.02.171-8.el7 will be updated", 
        "---> Package lvm2-libs.x86_64 7:2.02.185-2.el7_7.2 will be an update", 
        "---> Package net-tools.x86_64 0:2.0-0.22.20131004git.el7 will be updated", 
        "---> Package net-tools.x86_64 0:2.0-0.25.20131004git.el7 will be an update", 
        "---> Package nmap.x86_64 2:6.40-19.el7 will be installed", 
        "---> Package nmap-ncat.x86_64 2:6.40-7.el7 will be updated", 
        "---> Package nmap-ncat.x86_64 2:6.40-19.el7 will be an update", 
        "---> Package nspr.x86_64 0:4.13.1-1.0.el7_3 will be updated", 
        "---> Package nspr.x86_64 0:4.21.0-1.el7 will be an update", 
        "---> Package nss.x86_64 0:3.28.4-15.el7_4 will be updated", 
        "---> Package nss.x86_64 0:3.44.0-4.el7 will be an update", 
        "---> Package nss-pem.x86_64 0:1.0.3-4.el7 will be updated", 
        "---> Package nss-pem.x86_64 0:1.0.3-7.el7 will be an update", 
        "---> Package nss-softokn.x86_64 0:3.28.3-8.el7_4 will be updated", 
        "---> Package nss-softokn.x86_64 0:3.44.0-5.el7 will be an update", 
        "---> Package nss-softokn-freebl.x86_64 0:3.28.3-8.el7_4 will be updated", 
        "---> Package nss-softokn-freebl.x86_64 0:3.44.0-5.el7 will be an update", 
        "---> Package nss-sysinit.x86_64 0:3.28.4-15.el7_4 will be updated", 
        "---> Package nss-sysinit.x86_64 0:3.44.0-4.el7 will be an update", 
        "---> Package nss-tools.x86_64 0:3.28.4-15.el7_4 will be updated", 
        "---> Package nss-tools.x86_64 0:3.44.0-4.el7 will be an update", 
        "---> Package nss-util.x86_64 0:3.28.4-3.el7 will be updated", 
        "---> Package nss-util.x86_64 0:3.44.0-3.el7 will be an update", 
        "---> Package ntp.x86_64 0:4.2.6p5-25.el7_3.2 will be updated", 
        "---> Package ntp.x86_64 0:4.2.6p5-29.el7.centos will be an update", 
        "---> Package ntpdate.x86_64 0:4.2.6p5-25.el7_3.2 will be updated", 
        "---> Package ntpdate.x86_64 0:4.2.6p5-29.el7.centos will be an update", 
        "---> Package oniguruma.x86_64 0:5.9.5-3.el7 will be installed", 
        "---> Package perf.x86_64 0:3.10.0-1062.4.3.el7 will be installed", 
        "---> Package perl-Error.noarch 1:0.17020-2.el7 will be installed", 
        "---> Package perl-Git.noarch 0:1.8.3.1-20.el7 will be installed", 
        "---> Package perl-TermReadKey.x86_64 0:2.30-20.el7 will be installed", 
        "---> Package python2-futures.noarch 0:3.1.1-5.el7 will be installed", 
        "---> Package socat.x86_64 0:1.7.3.2-2.el7 will be installed", 
        "---> Package sos.noarch 0:3.4-13.el7_4 will be updated", 
        "---> Package sos.noarch 0:3.7-7.el7.centos will be an update", 
        "---> Package strace.x86_64 0:4.12-4.el7 will be updated", 
        "---> Package strace.x86_64 0:4.12-9.el7 will be an update", 
        "---> Package sysstat.x86_64 0:10.1.5-12.el7 will be updated", 
        "---> Package sysstat.x86_64 0:10.1.5-18.el7 will be an update", 
        "---> Package tcpdump.x86_64 14:4.9.0-5.el7 will be updated", 
        "---> Package tcpdump.x86_64 14:4.9.2-4.el7 will be an update", 
        "---> Package telnet.x86_64 1:0.17-64.el7 will be installed", 
        "---> Package tmux.x86_64 0:1.8-4.el7 will be installed", 
        "---> Package tuned.noarch 0:2.8.0-5.el7_4.2 will be updated", 
        "---> Package tuned.noarch 0:2.11.0-5.el7_7.1 will be an update", 
        "---> Package tuned-profiles-atomic.noarch 0:2.11.0-5.el7_7.1 will be installed", 
        "---> Package wget.x86_64 0:1.14-15.el7_4.1 will be updated", 
        "---> Package wget.x86_64 0:1.14-18.el7_6.1 will be an update", 
        "---> Package yum-plugin-versionlock.noarch 0:1.1.31-52.el7 will be installed", 
        "--> Finished Dependency Resolution", 
        "", 
        "Packages skipped because of dependency problems:", 
        "    32:bind-libs-9.11.4-9.P2.el7.x86_64 from daocloud", 
        "    32:bind-libs-lite-9.11.4-9.P2.el7.x86_64 from daocloud", 
        "    32:bind-license-9.11.4-9.P2.el7.noarch from daocloud", 
        "    32:bind-utils-9.11.4-9.P2.el7.x86_64 from daocloud", 
        "", 
        "Dependencies Resolved", 
        "", 
        "================================================================================", 
        " Package                       Arch   Version                    Repository", 
        "                                                                           Size", 
        "================================================================================", 
        "Installing:", 
        " container-storage-setup       noarch 0.11.0-2.git5eaf76c.el7    daocloud  35 k", 
        " dos2unix                      x86_64 6.0.3-7.el7                daocloud  74 k", 
        " dstat                         noarch 0.7.2-12.el7               daocloud 163 k", 
        " git                           x86_64 1.8.3.1-20.el7             daocloud 4.4 M", 
        " htop                          x86_64 2.2.0-3.el7                daocloud 103 k", 
        " httpd-tools                   x86_64 2.4.6-90.el7.centos        daocloud  91 k", 
        " iftop                         x86_64 1.0-0.21.pre4.el7          daocloud  53 k", 
        " iotop                         noarch 0.6-4.el7                  daocloud  52 k", 
        " iptables-services             x86_64 1.4.21-33.el7              daocloud  52 k", 
        " ipvsadm                       x86_64 1.27-7.el7                 daocloud  45 k", 
        " jq                            x86_64 1.5-1.el7                  daocloud 153 k", 
        " keepalived                    x86_64 1.3.5-16.el7               daocloud 331 k", 
        " nmap                          x86_64 2:6.40-19.el7              daocloud 3.9 M", 
        " perf                          x86_64 3.10.0-1062.4.3.el7        daocloud 9.4 M", 
        " socat                         x86_64 1.7.3.2-2.el7              daocloud 290 k", 
        " telnet                        x86_64 1:0.17-64.el7              daocloud  64 k", 
        " tmux                          x86_64 1.8-4.el7                  daocloud 243 k", 
        " tuned-profiles-atomic         noarch 2.11.0-5.el7_7.1           daocloud  30 k", 
        " yum-plugin-versionlock        noarch 1.1.31-52.el7              daocloud  36 k", 
        "Updating:", 
        " chrony                        x86_64 3.4-1.el7                  daocloud 251 k", 
        " curl                          x86_64 7.29.0-54.el7              daocloud 270 k", 
        " device-mapper-persistent-data x86_64 0.8.5-1.el7                daocloud 423 k", 
        " iproute                       x86_64 4.11.0-25.el7              daocloud 803 k", 
        " lsof                          x86_64 4.87-6.el7                 daocloud 331 k", 
        " lvm2                          x86_64 7:2.02.185-2.el7_7.2       daocloud 1.3 M", 
        " net-tools                     x86_64 2.0-0.25.20131004git.el7   daocloud 306 k", 
        " nmap-ncat                     x86_64 2:6.40-19.el7              daocloud 206 k", 
        " ntp                           x86_64 4.2.6p5-29.el7.centos      daocloud 548 k", 
        " sos                           noarch 3.7-7.el7.centos           daocloud 504 k", 
        " strace                        x86_64 4.12-9.el7                 daocloud 459 k", 
        " sysstat                       x86_64 10.1.5-18.el7              daocloud 315 k", 
        " tcpdump                       x86_64 14:4.9.2-4.el7             daocloud 421 k", 
        " tuned                         noarch 2.11.0-5.el7_7.1           daocloud 268 k", 
        " wget                          x86_64 1.14-18.el7_6.1            daocloud 547 k", 
        "Installing for dependencies:", 
        " apr                           x86_64 1.4.8-5.el7                daocloud 103 k", 
        " apr-util                      x86_64 1.5.2-6.el7                daocloud  92 k", 
        " oniguruma                     x86_64 5.9.5-3.el7                daocloud 129 k", 
        " perl-Error                    noarch 1:0.17020-2.el7            daocloud  32 k", 
        " perl-Git                      noarch 1.8.3.1-20.el7             daocloud  55 k", 
        " perl-TermReadKey              x86_64 2.30-20.el7                daocloud  31 k", 
        " python2-futures               noarch 3.1.1-5.el7                daocloud  29 k", 
        "Updating for dependencies:", 
        " device-mapper                 x86_64 7:1.02.158-2.el7_7.2       daocloud 294 k", 
        " device-mapper-event           x86_64 7:1.02.158-2.el7_7.2       daocloud 190 k", 
        " device-mapper-event-libs      x86_64 7:1.02.158-2.el7_7.2       daocloud 189 k", 
        " device-mapper-libs            x86_64 7:1.02.158-2.el7_7.2       daocloud 322 k", 
        " iptables                      x86_64 1.4.21-33.el7              daocloud 433 k", 
        " libcurl                       x86_64 7.29.0-54.el7              daocloud 222 k", 
        " libpcap                       x86_64 14:1.5.3-11.el7            daocloud 138 k", 
        " lvm2-libs                     x86_64 7:2.02.185-2.el7_7.2       daocloud 1.1 M", 
        " nspr                          x86_64 4.21.0-1.el7               daocloud 127 k", 
        " nss                           x86_64 3.44.0-4.el7               daocloud 854 k", 
        " nss-pem                       x86_64 1.0.3-7.el7                daocloud  74 k", 
        " nss-softokn                   x86_64 3.44.0-5.el7               daocloud 329 k", 
        " nss-softokn-freebl            x86_64 3.44.0-5.el7               daocloud 224 k", 
        " nss-sysinit                   x86_64 3.44.0-4.el7               daocloud  64 k", 
        " nss-tools                     x86_64 3.44.0-4.el7               daocloud 528 k", 
        " nss-util                      x86_64 3.44.0-3.el7               daocloud  79 k", 
        " ntpdate                       x86_64 4.2.6p5-29.el7.centos      daocloud  86 k", 
        "Skipped (dependency problems):", 
        " bind-libs                     x86_64 32:9.11.4-9.P2.el7         daocloud 154 k", 
        " bind-libs-lite                x86_64 32:9.11.4-9.P2.el7         daocloud 1.1 M", 
        " bind-license                  noarch 32:9.11.4-9.P2.el7         daocloud  88 k", 
        " bind-utils                    x86_64 32:9.11.4-9.P2.el7         daocloud 258 k", 
        "", 
        "Transaction Summary", 
        "================================================================================", 
        "Install                        19 Packages (+ 7 Dependent packages)", 
        "Upgrade                        15 Packages (+17 Dependent packages)", 
        "Skipped (dependency problems)   4 Packages", 
        "", 
        "Total download size: 32 M", 
        "Downloading packages:", 
        "--------------------------------------------------------------------------------", 
        "Total                                              232 MB/s |  32 MB  00:00     ", 
        "Running transaction check", 
        "Running transaction test", 
        "Transaction test succeeded", 
        "Running transaction", 
        "  Updating   : nspr-4.21.0-1.el7.x86_64                                    1/90 ", 
        "  Updating   : nss-util-3.44.0-3.el7.x86_64                                2/90 ", 
        "  Updating   : 14:libpcap-1.5.3-11.el7.x86_64                              3/90 ", 
        "  Updating   : iptables-1.4.21-33.el7.x86_64                               4/90 ", 
        "  Updating   : nss-softokn-freebl-3.44.0-5.el7.x86_64                      5/90 ", 
        "  Updating   : nss-softokn-3.44.0-5.el7.x86_64                             6/90 ", 
        "  Updating   : nss-sysinit-3.44.0-4.el7.x86_64                             7/90 ", 
        "  Updating   : nss-3.44.0-4.el7.x86_64                                     8/90 ", 
        "  Updating   : nss-pem-1.0.3-7.el7.x86_64                                  9/90 ", 
        "  Updating   : libcurl-7.29.0-54.el7.x86_64                               10/90 ", 
        "  Updating   : 7:device-mapper-libs-1.02.158-2.el7_7.2.x86_64             11/90 ", 
        "  Updating   : 7:device-mapper-1.02.158-2.el7_7.2.x86_64                  12/90 ", 
        "  Updating   : 7:device-mapper-event-libs-1.02.158-2.el7_7.2.x86_64       13/90 ", 
        "  Installing : 1:perl-Error-0.17020-2.el7.noarch                          14/90 ", 
        "  Installing : apr-1.4.8-5.el7.x86_64                                     15/90 ", 
        "  Installing : apr-util-1.5.2-6.el7.x86_64                                16/90 ", 
        "  Updating   : 7:device-mapper-event-1.02.158-2.el7_7.2.x86_64            17/90 ", 
        "  Updating   : 7:lvm2-libs-2.02.185-2.el7_7.2.x86_64                      18/90 ", 
        "  Updating   : 2:nmap-ncat-6.40-19.el7.x86_64                             19/90 ", 
        "  Installing : python2-futures-3.1.1-5.el7.noarch                         20/90 ", 
        "  Updating   : ntpdate-4.2.6p5-29.el7.centos.x86_64                       21/90 ", 
        "  Installing : oniguruma-5.9.5-3.el7.x86_64                               22/90 ", 
        "  Updating   : device-mapper-persistent-data-0.8.5-1.el7.x86_64           23/90 ", 
        "  Updating   : 7:lvm2-2.02.185-2.el7_7.2.x86_64                           24/90 ", 
        "  Updating   : tuned-2.11.0-5.el7_7.1.noarch                              25/90 ", 
        "  Installing : perl-TermReadKey-2.30-20.el7.x86_64                        26/90 ", 
        "  Installing : perl-Git-1.8.3.1-20.el7.noarch                             27/90 ", 
        "  Installing : git-1.8.3.1-20.el7.x86_64                                  28/90 ", 
        "  Installing : tuned-profiles-atomic-2.11.0-5.el7_7.1.noarch              29/90 ", 
        "  Installing : container-storage-setup-0.11.0-2.git5eaf76c.el7.noarch     30/90 ", 
        "  Installing : jq-1.5-1.el7.x86_64                                        31/90 ", 
        "  Updating   : ntp-4.2.6p5-29.el7.centos.x86_64                           32/90 ", 
        "warning: /etc/ntp.conf created as /etc/ntp.conf.rpmnew", 
        "  Updating   : sos-3.7-7.el7.centos.noarch                                33/90 ", 
        "  Installing : 2:nmap-6.40-19.el7.x86_64                                  34/90 ", 
        "  Installing : httpd-tools-2.4.6-90.el7.centos.x86_64                     35/90 ", 
        "  Updating   : curl-7.29.0-54.el7.x86_64                                  36/90 ", 
        "  Updating   : nss-tools-3.44.0-4.el7.x86_64                              37/90 ", 
        "  Updating   : chrony-3.4-1.el7.x86_64                                    38/90 ", 
        "  Installing : keepalived-1.3.5-16.el7.x86_64                             39/90 ", 
        "  Updating   : iproute-4.11.0-25.el7.x86_64                               40/90 ", 
        "  Installing : iptables-services-1.4.21-33.el7.x86_64                     41/90 ", 
        "  Installing : iftop-1.0-0.21.pre4.el7.x86_64                             42/90 ", 
        "  Updating   : 14:tcpdump-4.9.2-4.el7.x86_64                              43/90 ", 
        "  Updating   : strace-4.12-9.el7.x86_64                                   44/90 ", 
        "  Installing : htop-2.2.0-3.el7.x86_64                                    45/90 ", 
        "  Updating   : sysstat-10.1.5-18.el7.x86_64                               46/90 ", 
        "  Installing : perf-3.10.0-1062.4.3.el7.x86_64                            47/90 ", 
        "  Updating   : net-tools-2.0-0.25.20131004git.el7.x86_64                  48/90 ", 
        "  Updating   : lsof-4.87-6.el7.x86_64                                     49/90 ", 
        "  Updating   : wget-1.14-18.el7_6.1.x86_64                                50/90 ", 
        "  Installing : dos2unix-6.0.3-7.el7.x86_64                                51/90 ", 
        "  Installing : socat-1.7.3.2-2.el7.x86_64                                 52/90 ", 
        "  Installing : ipvsadm-1.27-7.el7.x86_64                                  53/90 ", 
        "  Installing : iotop-0.6-4.el7.noarch                                     54/90 ", 
        "  Installing : dstat-0.7.2-12.el7.noarch                                  55/90 ", 
        "  Installing : yum-plugin-versionlock-1.1.31-52.el7.noarch                56/90 ", 
        "  Installing : tmux-1.8-4.el7.x86_64                                      57/90 ", 
        "  Installing : 1:telnet-0.17-64.el7.x86_64                                58/90 ", 
        "  Cleanup    : sos-3.4-13.el7_4.noarch                                    59/90 ", 
        "  Cleanup    : tuned-2.8.0-5.el7_4.2.noarch                               60/90 ", 
        "  Cleanup    : nss-tools-3.28.4-15.el7_4.x86_64                           61/90 ", 
        "  Cleanup    : curl-7.29.0-42.el7_4.1.x86_64                              62/90 ", 
        "  Cleanup    : libcurl-7.29.0-42.el7_4.1.x86_64                           63/90 ", 
        "  Cleanup    : nss-sysinit-3.28.4-15.el7_4.x86_64                         64/90 ", 
        "  Cleanup    : nss-3.28.4-15.el7_4.x86_64                                 65/90 ", 
        "  Cleanup    : nss-pem-1.0.3-4.el7.x86_64                                 66/90 ", 
        "  Cleanup    : nss-softokn-3.28.3-8.el7_4.x86_64                          67/90 ", 
        "  Cleanup    : 7:lvm2-2.02.171-8.el7.x86_64                               68/90 ", 
        "  Cleanup    : 7:lvm2-libs-2.02.171-8.el7.x86_64                          69/90 ", 
        "  Cleanup    : 7:device-mapper-event-1.02.140-8.el7.x86_64                70/90 ", 
        "  Cleanup    : 7:device-mapper-event-libs-1.02.140-8.el7.x86_64           71/90 ", 
        "  Cleanup    : 7:device-mapper-1.02.140-8.el7.x86_64                      72/90 ", 
        "  Cleanup    : 7:device-mapper-libs-1.02.140-8.el7.x86_64                 73/90 ", 
        "  Cleanup    : nss-util-3.28.4-3.el7.x86_64                               74/90 ", 
        "  Cleanup    : 2:nmap-ncat-6.40-7.el7.x86_64                              75/90 ", 
        "  Cleanup    : chrony-3.1-2.el7.x86_64                                    76/90 ", 
        "  Cleanup    : nss-softokn-freebl-3.28.3-8.el7_4.x86_64                   77/90 ", 
        "  Cleanup    : iproute-3.10.0-87.el7.x86_64                               78/90 ", 
        "  Cleanup    : 14:tcpdump-4.9.0-5.el7.x86_64                              79/90 ", 
        "  Cleanup    : ntp-4.2.6p5-25.el7_3.2.x86_64                              80/90 ", 
        "  Cleanup    : ntpdate-4.2.6p5-25.el7_3.2.x86_64                          81/90 ", 
        "  Cleanup    : 14:libpcap-1.5.3-9.el7.x86_64                              82/90 ", 
        "  Cleanup    : iptables-1.4.21-18.2.el7_4.x86_64                          83/90 ", 
        "  Cleanup    : nspr-4.13.1-1.0.el7_3.x86_64                               84/90 ", 
        "  Cleanup    : device-mapper-persistent-data-0.7.0-0.1.rc6.el7_4.1.x86_   85/90 ", 
        "  Cleanup    : strace-4.12-4.el7.x86_64                                   86/90 ", 
        "  Cleanup    : sysstat-10.1.5-12.el7.x86_64                               87/90 ", 
        "  Cleanup    : net-tools-2.0-0.22.20131004git.el7.x86_64                  88/90 ", 
        "  Cleanup    : lsof-4.87-4.el7.x86_64                                     89/90 ", 
        "  Cleanup    : wget-1.14-15.el7_4.1.x86_64                                90/90 ", 
        "  Verifying  : tuned-profiles-atomic-2.11.0-5.el7_7.1.noarch               1/90 ", 
        "  Verifying  : apr-1.4.8-5.el7.x86_64                                      2/90 ", 
        "  Verifying  : 1:telnet-0.17-64.el7.x86_64                                 3/90 ", 
        "  Verifying  : iftop-1.0-0.21.pre4.el7.x86_64                              4/90 ", 
        "  Verifying  : perl-TermReadKey-2.30-20.el7.x86_64                         5/90 ", 
        "  Verifying  : tmux-1.8-4.el7.x86_64                                       6/90 ", 
        "  Verifying  : perl-Git-1.8.3.1-20.el7.noarch                              7/90 ", 
        "  Verifying  : nss-pem-1.0.3-7.el7.x86_64                                  8/90 ", 
        "  Verifying  : tuned-2.11.0-5.el7_7.1.noarch                               9/90 ", 
        "  Verifying  : device-mapper-persistent-data-0.8.5-1.el7.x86_64           10/90 ", 
        "  Verifying  : git-1.8.3.1-20.el7.x86_64                                  11/90 ", 
        "  Verifying  : apr-util-1.5.2-6.el7.x86_64                                12/90 ", 
        "  Verifying  : yum-plugin-versionlock-1.1.31-52.el7.noarch                13/90 ", 
        "  Verifying  : dstat-0.7.2-12.el7.noarch                                  14/90 ", 
        "  Verifying  : oniguruma-5.9.5-3.el7.x86_64                               15/90 ", 
        "  Verifying  : ntp-4.2.6p5-29.el7.centos.x86_64                           16/90 ", 
        "  Verifying  : iotop-0.6-4.el7.noarch                                     17/90 ", 
        "  Verifying  : 7:device-mapper-event-libs-1.02.158-2.el7_7.2.x86_64       18/90 ", 
        "  Verifying  : nss-util-3.44.0-3.el7.x86_64                               19/90 ", 
        "  Verifying  : ntpdate-4.2.6p5-29.el7.centos.x86_64                       20/90 ", 
        "  Verifying  : keepalived-1.3.5-16.el7.x86_64                             21/90 ", 
        "  Verifying  : 7:device-mapper-event-1.02.158-2.el7_7.2.x86_64            22/90 ", 
        "  Verifying  : ipvsadm-1.27-7.el7.x86_64                                  23/90 ", 
        "  Verifying  : nss-sysinit-3.44.0-4.el7.x86_64                            24/90 ", 
        "  Verifying  : 14:tcpdump-4.9.2-4.el7.x86_64                              25/90 ", 
        "  Verifying  : iproute-4.11.0-25.el7.x86_64                               26/90 ", 
        "  Verifying  : socat-1.7.3.2-2.el7.x86_64                                 27/90 ", 
        "  Verifying  : nss-3.44.0-4.el7.x86_64                                    28/90 ", 
        "  Verifying  : nspr-4.21.0-1.el7.x86_64                                   29/90 ", 
        "  Verifying  : nss-softokn-3.44.0-5.el7.x86_64                            30/90 ", 
        "  Verifying  : 2:nmap-6.40-19.el7.x86_64                                  31/90 ", 
        "  Verifying  : nss-tools-3.44.0-4.el7.x86_64                              32/90 ", 
        "  Verifying  : dos2unix-6.0.3-7.el7.x86_64                                33/90 ", 
        "  Verifying  : httpd-tools-2.4.6-90.el7.centos.x86_64                     34/90 ", 
        "  Verifying  : jq-1.5-1.el7.x86_64                                        35/90 ", 
        "  Verifying  : nss-softokn-freebl-3.44.0-5.el7.x86_64                     36/90 ", 
        "  Verifying  : container-storage-setup-0.11.0-2.git5eaf76c.el7.noarch     37/90 ", 
        "  Verifying  : chrony-3.4-1.el7.x86_64                                    38/90 ", 
        "  Verifying  : 14:libpcap-1.5.3-11.el7.x86_64                             39/90 ", 
        "  Verifying  : wget-1.14-18.el7_6.1.x86_64                                40/90 ", 
        "  Verifying  : 7:device-mapper-1.02.158-2.el7_7.2.x86_64                  41/90 ", 
        "  Verifying  : lsof-4.87-6.el7.x86_64                                     42/90 ", 
        "  Verifying  : python2-futures-3.1.1-5.el7.noarch                         43/90 ", 
        "  Verifying  : iptables-1.4.21-33.el7.x86_64                              44/90 ", 
        "  Verifying  : 7:lvm2-libs-2.02.185-2.el7_7.2.x86_64                      45/90 ", 
        "  Verifying  : net-tools-2.0-0.25.20131004git.el7.x86_64                  46/90 ", 
        "  Verifying  : perf-3.10.0-1062.4.3.el7.x86_64                            47/90 ", 
        "  Verifying  : iptables-services-1.4.21-33.el7.x86_64                     48/90 ", 
        "  Verifying  : sysstat-10.1.5-18.el7.x86_64                               49/90 ", 
        "  Verifying  : 1:perl-Error-0.17020-2.el7.noarch                          50/90 ", 
        "  Verifying  : 7:device-mapper-libs-1.02.158-2.el7_7.2.x86_64             51/90 ", 
        "  Verifying  : htop-2.2.0-3.el7.x86_64                                    52/90 ", 
        "  Verifying  : libcurl-7.29.0-54.el7.x86_64                               53/90 ", 
        "  Verifying  : strace-4.12-9.el7.x86_64                                   54/90 ", 
        "  Verifying  : curl-7.29.0-54.el7.x86_64                                  55/90 ", 
        "  Verifying  : sos-3.7-7.el7.centos.noarch                                56/90 ", 
        "  Verifying  : 7:lvm2-2.02.185-2.el7_7.2.x86_64                           57/90 ", 
        "  Verifying  : 2:nmap-ncat-6.40-19.el7.x86_64                             58/90 ", 
        "  Verifying  : tuned-2.8.0-5.el7_4.2.noarch                               59/90 ", 
        "  Verifying  : 7:device-mapper-1.02.140-8.el7.x86_64                      60/90 ", 
        "  Verifying  : 7:lvm2-2.02.171-8.el7.x86_64                               61/90 ", 
        "  Verifying  : nss-sysinit-3.28.4-15.el7_4.x86_64                         62/90 ", 
        "  Verifying  : lsof-4.87-4.el7.x86_64                                     63/90 ", 
        "  Verifying  : sysstat-10.1.5-12.el7.x86_64                               64/90 ", 
        "  Verifying  : 14:libpcap-1.5.3-9.el7.x86_64                              65/90 ", 
        "  Verifying  : net-tools-2.0-0.22.20131004git.el7.x86_64                  66/90 ", 
        "  Verifying  : 2:nmap-ncat-6.40-7.el7.x86_64                              67/90 ", 
        "  Verifying  : 7:lvm2-libs-2.02.171-8.el7.x86_64                          68/90 ", 
        "  Verifying  : device-mapper-persistent-data-0.7.0-0.1.rc6.el7_4.1.x86_   69/90 ", 
        "  Verifying  : nss-util-3.28.4-3.el7.x86_64                               70/90 ", 
        "  Verifying  : 7:device-mapper-libs-1.02.140-8.el7.x86_64                 71/90 ", 
        "  Verifying  : nspr-4.13.1-1.0.el7_3.x86_64                               72/90 ", 
        "  Verifying  : chrony-3.1-2.el7.x86_64                                    73/90 ", 
        "  Verifying  : nss-pem-1.0.3-4.el7.x86_64                                 74/90 ", 
        "  Verifying  : ntp-4.2.6p5-25.el7_3.2.x86_64                              75/90 ", 
        "  Verifying  : curl-7.29.0-42.el7_4.1.x86_64                              76/90 ", 
        "  Verifying  : 7:device-mapper-event-libs-1.02.140-8.el7.x86_64           77/90 ", 
        "  Verifying  : libcurl-7.29.0-42.el7_4.1.x86_64                           78/90 ", 
        "  Verifying  : ntpdate-4.2.6p5-25.el7_3.2.x86_64                          79/90 ", 
        "  Verifying  : strace-4.12-4.el7.x86_64                                   80/90 ", 
        "  Verifying  : 14:tcpdump-4.9.0-5.el7.x86_64                              81/90 ", 
        "  Verifying  : 7:device-mapper-event-1.02.140-8.el7.x86_64                82/90 ", 
        "  Verifying  : nss-tools-3.28.4-15.el7_4.x86_64                           83/90 ", 
        "  Verifying  : sos-3.4-13.el7_4.noarch                                    84/90 ", 
        "  Verifying  : iproute-3.10.0-87.el7.x86_64                               85/90 ", 
        "  Verifying  : nss-softokn-3.28.3-8.el7_4.x86_64                          86/90 ", 
        "  Verifying  : wget-1.14-15.el7_4.1.x86_64                                87/90 ", 
        "  Verifying  : iptables-1.4.21-18.2.el7_4.x86_64                          88/90 ", 
        "  Verifying  : nss-3.28.4-15.el7_4.x86_64                                 89/90 ", 
        "  Verifying  : nss-softokn-freebl-3.28.3-8.el7_4.x86_64                   90/90 ", 
        "", 
        "Installed:", 
        "  container-storage-setup.noarch 0:0.11.0-2.git5eaf76c.el7                      ", 
        "  dos2unix.x86_64 0:6.0.3-7.el7                                                 ", 
        "  dstat.noarch 0:0.7.2-12.el7                                                   ", 
        "  git.x86_64 0:1.8.3.1-20.el7                                                   ", 
        "  htop.x86_64 0:2.2.0-3.el7                                                     ", 
        "  httpd-tools.x86_64 0:2.4.6-90.el7.centos                                      ", 
        "  iftop.x86_64 0:1.0-0.21.pre4.el7                                              ", 
        "  iotop.noarch 0:0.6-4.el7                                                      ", 
        "  iptables-services.x86_64 0:1.4.21-33.el7                                      ", 
        "  ipvsadm.x86_64 0:1.27-7.el7                                                   ", 
        "  jq.x86_64 0:1.5-1.el7                                                         ", 
        "  keepalived.x86_64 0:1.3.5-16.el7                                              ", 
        "  nmap.x86_64 2:6.40-19.el7                                                     ", 
        "  perf.x86_64 0:3.10.0-1062.4.3.el7                                             ", 
        "  socat.x86_64 0:1.7.3.2-2.el7                                                  ", 
        "  telnet.x86_64 1:0.17-64.el7                                                   ", 
        "  tmux.x86_64 0:1.8-4.el7                                                       ", 
        "  tuned-profiles-atomic.noarch 0:2.11.0-5.el7_7.1                               ", 
        "  yum-plugin-versionlock.noarch 0:1.1.31-52.el7                                 ", 
        "", 
        "Dependency Installed:", 
        "  apr.x86_64 0:1.4.8-5.el7               apr-util.x86_64 0:1.5.2-6.el7          ", 
        "  oniguruma.x86_64 0:5.9.5-3.el7         perl-Error.noarch 1:0.17020-2.el7      ", 
        "  perl-Git.noarch 0:1.8.3.1-20.el7       perl-TermReadKey.x86_64 0:2.30-20.el7  ", 
        "  python2-futures.noarch 0:3.1.1-5.el7  ", 
        "", 
        "Updated:", 
        "  chrony.x86_64 0:3.4-1.el7                                                     ", 
        "  curl.x86_64 0:7.29.0-54.el7                                                   ", 
        "  device-mapper-persistent-data.x86_64 0:0.8.5-1.el7                            ", 
        "  iproute.x86_64 0:4.11.0-25.el7                                                ", 
        "  lsof.x86_64 0:4.87-6.el7                                                      ", 
        "  lvm2.x86_64 7:2.02.185-2.el7_7.2                                              ", 
        "  net-tools.x86_64 0:2.0-0.25.20131004git.el7                                   ", 
        "  nmap-ncat.x86_64 2:6.40-19.el7                                                ", 
        "  ntp.x86_64 0:4.2.6p5-29.el7.centos                                            ", 
        "  sos.noarch 0:3.7-7.el7.centos                                                 ", 
        "  strace.x86_64 0:4.12-9.el7                                                    ", 
        "  sysstat.x86_64 0:10.1.5-18.el7                                                ", 
        "  tcpdump.x86_64 14:4.9.2-4.el7                                                 ", 
        "  tuned.noarch 0:2.11.0-5.el7_7.1                                               ", 
        "  wget.x86_64 0:1.14-18.el7_6.1                                                 ", 
        "", 
        "Dependency Updated:", 
        "  device-mapper.x86_64 7:1.02.158-2.el7_7.2                                     ", 
        "  device-mapper-event.x86_64 7:1.02.158-2.el7_7.2                               ", 
        "  device-mapper-event-libs.x86_64 7:1.02.158-2.el7_7.2                          ", 
        "  device-mapper-libs.x86_64 7:1.02.158-2.el7_7.2                                ", 
        "  iptables.x86_64 0:1.4.21-33.el7                                               ", 
        "  libcurl.x86_64 0:7.29.0-54.el7                                                ", 
        "  libpcap.x86_64 14:1.5.3-11.el7                                                ", 
        "  lvm2-libs.x86_64 7:2.02.185-2.el7_7.2                                         ", 
        "  nspr.x86_64 0:4.21.0-1.el7                                                    ", 
        "  nss.x86_64 0:3.44.0-4.el7                                                     ", 
        "  nss-pem.x86_64 0:1.0.3-7.el7                                                  ", 
        "  nss-softokn.x86_64 0:3.44.0-5.el7                                             ", 
        "  nss-softokn-freebl.x86_64 0:3.44.0-5.el7                                      ", 
        "  nss-sysinit.x86_64 0:3.44.0-4.el7                                             ", 
        "  nss-tools.x86_64 0:3.44.0-4.el7                                               ", 
        "  nss-util.x86_64 0:3.44.0-3.el7                                                ", 
        "  ntpdate.x86_64 0:4.2.6p5-29.el7.centos                                        ", 
        "", 
        "Skipped (dependency problems):", 
        "  bind-libs.x86_64 32:9.11.4-9.P2.el7                                           ", 
        "  bind-libs-lite.x86_64 32:9.11.4-9.P2.el7                                      ", 
        "  bind-license.noarch 32:9.11.4-9.P2.el7                                        ", 
        "  bind-utils.x86_64 32:9.11.4-9.P2.el7                                          ", 
        "", 
        "Complete!", 
        ">>> yum erase -y --setopt=obsoletes=0 docker-engine-selinux", 
        "Loaded plugins: langpacks, product-id, search-disabled-repos, subscription-", 
        "              : manager, versionlock", 
        "This system is not registered with an entitlement server. You can use subscription-manager to register.", 
        "No Packages marked for removal", 
        ">>> yum --disablerepo='*' --enablerepo='daocloud' install -y --skip-broken --setopt=obsoletes=0 docker-ce*17.03.2*", 
        "Loaded plugins: langpacks, product-id, search-disabled-repos, subscription-", 
        "              : manager, versionlock", 
        "This system is not registered with an entitlement server. You can use subscription-manager to register.", 
        "Resolving Dependencies", 
        "--> Running transaction check", 
        "---> Package docker-ce.x86_64 0:17.03.2.ce-1.el7.centos will be installed", 
        "--> Processing Dependency: docker-ce-selinux >= 17.03.2.ce-1.el7.centos for package: docker-ce-17.03.2.ce-1.el7.centos.x86_64", 
        "--> Running transaction check", 
        "---> Package docker-ce-selinux.noarch 0:17.03.3.ce-1.el7 will be installed", 
        "--> Finished Dependency Resolution", 
        "", 
        "Dependencies Resolved", 
        "", 
        "================================================================================", 
        " Package              Arch      Version                       Repository   Size", 
        "================================================================================", 
        "Installing:", 
        " docker-ce            x86_64    17.03.2.ce-1.el7.centos       daocloud     19 M", 
        "Installing for dependencies:", 
        " docker-ce-selinux    noarch    17.03.3.ce-1.el7              daocloud     29 k", 
        "", 
        "Transaction Summary", 
        "================================================================================", 
        "Install  1 Package (+1 Dependent package)", 
        "", 
        "Total download size: 19 M", 
        "Installed size: 65 M", 
        "Downloading packages:", 
        "--------------------------------------------------------------------------------", 
        "Total                                              266 MB/s |  19 MB  00:00     ", 
        "Running transaction check", 
        "Running transaction test", 
        "Transaction test succeeded", 
        "Running transaction", 
        "  Installing : docker-ce-selinux-17.03.3.ce-1.el7.noarch                    1/2 ", 
        "setsebool:  SELinux is disabled.", 
        "libsemanage.semanage_pipe_data: Child process /usr/libexec/selinux/hll/pp failed with code: 255. (No such file or directory).", 
        "docker: libsepol.policydb_read: policydb module version 19 does not match my version range 4-17", 
        "docker: libsepol.sepol_module_package_read: invalid module in module package (at section 0)", 
        "docker: Failed to read policy package", 
        "libsemanage.semanage_direct_commit: Failed to compile hll files into cil files.", 
        " (No such file or directory).", 
        "/usr/sbin/semodule:  Failed!", 
        "  Installing : docker-ce-17.03.2.ce-1.el7.centos.x86_64                     2/2 ", 
        "  Verifying  : docker-ce-selinux-17.03.3.ce-1.el7.noarch                    1/2 ", 
        "  Verifying  : docker-ce-17.03.2.ce-1.el7.centos.x86_64                     2/2 ", 
        "", 
        "Installed:", 
        "  docker-ce.x86_64 0:17.03.2.ce-1.el7.centos                                    ", 
        "", 
        "Dependency Installed:", 
        "  docker-ce-selinux.noarch 0:17.03.3.ce-1.el7                                   ", 
        "", 
        "Complete!", 
        ">>> yum versionlock docker-ce", 
        "Loaded plugins: langpacks, product-id, search-disabled-repos, subscription-", 
        "              : manager, versionlock", 
        "This system is not registered with an entitlement server. You can use subscription-manager to register.", 
        "Adding versionlock on: 0:docker-ce-17.03.2.ce-1.el7.centos", 
        "versionlock added: 1", 
        ">>> yum --disablerepo='*' --enablerepo='daocloud' install -y --skip-broken --setopt=obsoletes=0 kubelet-*1.10.11*", 
        "Loaded plugins: langpacks, product-id, search-disabled-repos, subscription-", 
        "              : manager, versionlock", 
        "This system is not registered with an entitlement server. You can use subscription-manager to register.", 
        "Resolving Dependencies", 
        "--> Running transaction check", 
        "---> Package kubelet.x86_64 0:1.10.11-0 will be installed", 
        "--> Processing Dependency: kubernetes-cni = 0.6.0 for package: kubelet-1.10.11-0.x86_64", 
        "--> Running transaction check", 
        "---> Package kubernetes-cni.x86_64 0:0.6.0-0 will be installed", 
        "--> Finished Dependency Resolution", 
        "", 
        "Dependencies Resolved", 
        "", 
        "================================================================================", 
        " Package                Arch           Version           Repository        Size", 
        "================================================================================", 
        "Installing:", 
        " kubelet                x86_64         1.10.11-0         daocloud          18 M", 
        "Installing for dependencies:", 
        " kubernetes-cni         x86_64         0.6.0-0           daocloud         8.6 M", 
        "", 
        "Transaction Summary", 
        "================================================================================", 
        "Install  1 Package (+1 Dependent package)", 
        "", 
        "Total download size: 26 M", 
        "Installed size: 133 M", 
        "Downloading packages:", 
        "--------------------------------------------------------------------------------", 
        "Total                                              274 MB/s |  26 MB  00:00     ", 
        "Running transaction check", 
        "Running transaction test", 
        "Transaction test succeeded", 
        "Running transaction", 
        "  Installing : kubernetes-cni-0.6.0-0.x86_64                                1/2 ", 
        "  Installing : kubelet-1.10.11-0.x86_64                                     2/2 ", 
        "  Verifying  : kubelet-1.10.11-0.x86_64                                     1/2 ", 
        "  Verifying  : kubernetes-cni-0.6.0-0.x86_64                                2/2 ", 
        "", 
        "Installed:", 
        "  kubelet.x86_64 0:1.10.11-0                                                    ", 
        "", 
        "Dependency Installed:", 
        "  kubernetes-cni.x86_64 0:0.6.0-0                                               ", 
        "", 
        "Complete!", 
        ">>> yum versionlock kubelet", 
        "Loaded plugins: langpacks, product-id, search-disabled-repos, subscription-", 
        "              : manager, versionlock", 
        "This system is not registered with an entitlement server. You can use subscription-manager to register.", 
        "Adding versionlock on: 0:kubelet-1.10.11-0", 
        "versionlock added: 1", 
        "Preparing to patch kubelet version `1.10.11` -> `1ee69da9ea814a2574fe7778b1302522a55215fb`. ", 
        ">>> tar -zvxf /tmp/kubelet-1ee69da9ea.tar.gz -C /usr/bin/", 
        "./._kubelet", 
        "kubelet", 
        "docker service not running, can not retrieve docker version, so force to replace runC binary ", 
        ">>> Start to replace runC to fix CVE-2019-5736 ", 
        ">>> using prepared fixed runC binary /root/devops/pkg/dce/dce-3.0.6-28385/runc-v17.03.2-amd64", 
        ">>> file sha256 check pass", 
        "successfully patched runC with CVE-2019-5736 fix.", 
        "", 
        "[Step3/6]  Configure Docker storage...", 
        "stopping docker daemon", 
        "start configuring docker storage device", 
        "  Rounding up size to full physical extent 156.00 MiB", 
        "  Thin pool volume with chunk size 512.00 KiB can address at most 126.50 TiB of data.", 
        "  Logical volume \"docker-pool\" created.", 
        "  Logical volume docker-vg/docker-pool changed.", 
        "", 
        "File descriptor 3 (/dev/urandom) leaked on pvs invocation. Parent PID 83478: /bin/bash", 
        "File descriptor 3 (/dev/urandom) leaked on vgs invocation. Parent PID 83458: /bin/bash", 
        "INFO: Writing zeros to first 4MB of device /dev/vdb", 
        "4+0 records in", 
        "4+0 records out", 
        "4194304 bytes (4.2 MB) copied, 0.0309494 s, 136 MB/s", 
        "INFO: Device node /dev/vdb1 exists.", 
        "File descriptor 3 (/dev/urandom) leaked on pvcreate invocation. Parent PID 83458: /bin/bash", 
        "File descriptor 3 (/dev/urandom) leaked on vgcreate invocation. Parent PID 83458: /bin/bash", 
        "File descriptor 3 (/dev/urandom) leaked on vgs invocation. Parent PID 83458: /bin/bash", 
        "File descriptor 3 (/dev/urandom) leaked on lvs invocation. Parent PID 83523: /bin/bash", 
        "File descriptor 3 (/dev/urandom) leaked on vgs invocation. Parent PID 83458: /bin/bash", 
        "File descriptor 3 (/dev/urandom) leaked on vgs invocation. Parent PID 83531: /bin/bash", 
        "File descriptor 3 (/dev/urandom) leaked on vgs invocation. Parent PID 83458: /bin/bash", 
        "File descriptor 3 (/dev/urandom) leaked on lvcreate invocation. Parent PID 83458: /bin/bash", 
        "File descriptor 3 (/dev/urandom) leaked on lvs invocation. Parent PID 83582: /bin/bash", 
        "File descriptor 3 (/dev/urandom) leaked on lvm invocation. Parent PID 83628: /bin/bash", 
        "File descriptor 3 (/dev/urandom) leaked on lvchange invocation. Parent PID 83458: /bin/bash", 
        "", 
        "Config Docker daemon succeed.", 
        "", 
        "[Step4/6]  Configure required services...", 
        "Enable chrony", 
        ">>> systemctl enable chronyd", 
        ">>> systemctl restart chronyd", 
        "Enable sysstat", 
        ">>> systemctl enable sysstat", 
        ">>> systemctl restart sysstat", 
        "Enable rpcbind", 
        ">>> systemctl enable rpcbind", 
        ">>> systemctl restart rpcbind", 
        "Turning off swap", 
        "swapoff /dev/mapper/rhel-swap", 
        ">>> swapoff -a", 
        "Config sysctl", 
        "Write config in /etc/sysctl.d/18-dce.conf", 
        "Enable tuned", 
        ">>> tuned-adm profile atomic-guest", 
        ">>> systemctl enable tuned", 
        ">>> systemctl restart tuned", 
        "", 
        "[Step5/6]  Configure Docker Daemon...", 
        "Configuring docker daemon", 
        "Configuring docker's systemd", 
        "Write config in /etc/systemd/system/docker.service.d/10-dce.conf", 
        ">>> systemctl daemon-reload", 
        "Starting docker daemon", 
        ">>> systemctl disable firewalld", 
        ">>> systemctl stop firewalld", 
        ">>> systemctl enable docker", 
        ">>> systemctl restart docker", 
        "", 
        "[Step6/6]  Post-install check...", 
        "7 checks run, 0 failed", 
        "Installation finished"
    ]
}

PLAY RECAP **********************************************************************************************************************************************************************
qitv2812                   : ok=21   changed=15   unreachable=0    failed=0   

ok: [qitv2816] => {
    "log.stdout_lines": [
        "Unable to find image '172.22.106.25/kube-system/dce:3.0.6-28385' locally",
        "3.0.6-28385: Pulling from kube-system/dce",
        "8a54dbbff890: Pulling fs layer",
        "0f9d9ae9c906: Pulling fs layer",
        "0453913b2ed5: Pulling fs layer",
        "83eddeeabc35: Pulling fs layer",
        "051d71dc3a53: Pulling fs layer",
        "2aa880290960: Pulling fs layer",
        "1575d4dc856d: Pulling fs layer",
        "ab401e783b1d: Pulling fs layer",
        "47e04eec3182: Pulling fs layer",
        "92e8693dd5fd: Pulling fs layer",
        "47a5d54885a4: Pulling fs layer",
        "b7dc74b4e588: Pulling fs layer",
        "58e72795eb0d: Pulling fs layer",
        "8041654ebb2d: Pulling fs layer",
        "6cc75d64ec85: Pulling fs layer",
        "b3d0009ae398: Pulling fs layer",
        "58db5c20f1d6: Pulling fs layer",
        "fe6432d79e74: Pulling fs layer",
        "307a13c6da06: Pulling fs layer",
        "a40d1e1afce4: Pulling fs layer",
        "cb1405f6e2cb: Pulling fs layer",
        "e30fde9f0b82: Pulling fs layer",
        "7ea64fcec4e1: Pulling fs layer",
        "a9ae97ace2eb: Pulling fs layer",
        "83eddeeabc35: Waiting",
        "051d71dc3a53: Waiting",
        "b3d0009ae398: Waiting",
        "b7dc74b4e588: Waiting",
        "47a5d54885a4: Waiting",
        "fe6432d79e74: Waiting",
        "47e04eec3182: Waiting",
        "307a13c6da06: Waiting",
        "1575d4dc856d: Waiting",
        "6cc75d64ec85: Waiting",
        "ab401e783b1d: Waiting",
        "8041654ebb2d: Waiting",
        "92e8693dd5fd: Waiting",
        "e30fde9f0b82: Waiting",
        "a40d1e1afce4: Waiting",
        "cb1405f6e2cb: Waiting",
        "a9ae97ace2eb: Waiting",
        "58db5c20f1d6: Waiting",
        "58e72795eb0d: Waiting",
        "7ea64fcec4e1: Waiting",
        "2aa880290960: Waiting",
        "0453913b2ed5: Download complete",
        "0f9d9ae9c906: Verifying Checksum",
        "0f9d9ae9c906: Download complete",
        "83eddeeabc35: Verifying Checksum",
        "83eddeeabc35: Download complete",
        "051d71dc3a53: Download complete",
        "2aa880290960: Verifying Checksum",
        "2aa880290960: Download complete",
        "ab401e783b1d: Verifying Checksum",
        "ab401e783b1d: Download complete",
        "47e04eec3182: Verifying Checksum",
        "47e04eec3182: Download complete",
        "92e8693dd5fd: Verifying Checksum",
        "92e8693dd5fd: Download complete",
        "47a5d54885a4: Verifying Checksum",
        "47a5d54885a4: Download complete",
        "b7dc74b4e588: Verifying Checksum",
        "b7dc74b4e588: Download complete",
        "58e72795eb0d: Download complete",
        "8041654ebb2d: Download complete",
        "6cc75d64ec85: Verifying Checksum",
        "6cc75d64ec85: Download complete",
        "b3d0009ae398: Download complete",
        "58db5c20f1d6: Verifying Checksum",
        "58db5c20f1d6: Download complete",
        "fe6432d79e74: Verifying Checksum",
        "fe6432d79e74: Download complete",
        "8a54dbbff890: Download complete",
        "a40d1e1afce4: Verifying Checksum",
        "a40d1e1afce4: Download complete",
        "307a13c6da06: Verifying Checksum",
        "307a13c6da06: Download complete",
        "e30fde9f0b82: Verifying Checksum",
        "e30fde9f0b82: Download complete",
        "1575d4dc856d: Verifying Checksum",
        "1575d4dc856d: Download complete",
        "7ea64fcec4e1: Verifying Checksum",
        "7ea64fcec4e1: Download complete",
        "cb1405f6e2cb: Verifying Checksum",
        "cb1405f6e2cb: Download complete",
        "a9ae97ace2eb: Verifying Checksum",
        "a9ae97ace2eb: Download complete",
        "8a54dbbff890: Pull complete",
        "0f9d9ae9c906: Pull complete",
        "0453913b2ed5: Pull complete",
        "83eddeeabc35: Pull complete",
        "051d71dc3a53: Pull complete",
        "2aa880290960: Pull complete",
        "1575d4dc856d: Pull complete",
        "ab401e783b1d: Pull complete",
        "47e04eec3182: Pull complete",
        "92e8693dd5fd: Pull complete",
        "47a5d54885a4: Pull complete",
        "b7dc74b4e588: Pull complete",
        "58e72795eb0d: Pull complete",
        "8041654ebb2d: Pull complete",
        "6cc75d64ec85: Pull complete",
        "b3d0009ae398: Pull complete",
        "58db5c20f1d6: Pull complete",
        "fe6432d79e74: Pull complete",
        "307a13c6da06: Pull complete",
        "a40d1e1afce4: Pull complete",
        "cb1405f6e2cb: Pull complete",
        "e30fde9f0b82: Pull complete",
        "7ea64fcec4e1: Pull complete",
        "a9ae97ace2eb: Pull complete",
        "Digest: sha256:4a23b2a32d80a9ce07063b246f8dc009a095a63ae6de93eca430c27d93bce8ad",
        "Status: Downloaded newer image for 172.22.106.25/kube-system/dce:3.0.6-28385",
        "_______            ____ ___               ___",
        " |  _  \\          /  __|| |               | |",
        " | | | |__ _  ___ | |   | | ___  _   _  __| |",
        " | | | / _` |/ _ \\| |   | |/ _ \\| | | |/ _` |",
        " | |/ / (_| | (_) | \\___| | (_) | |_| | (_| |",
        " |___/ \\__,_|\\___/ \\___/|_|\\___/ \\__,_|\\__,_|",
        "--------------------------DaoCloud Enterprise",
        "------------[2020-04-05 18:27:09]------------",
        "",
        "\u001b[0m\u001b[96mPreparing Join Node to 172.22.106.16 as engine...\u001b[39m\u001b[0m",
        "\u001b[0m",
        "\u001b[0mYour DaoCloud Enterprise deployment will be configured as:\u001b[0m",
        "\u001b[0m",
        "\u001b[0mName                       Value",
        "-------------------------  ----------------------",
        "Quiet                      True",
        "Controller Addr            172.22.106.16",
        "With Controller            False",
        "With Registry              False",
        "System Reserved            cpu=800m,memory=2089Mi",
        "Kube Reserved              cpu=800m,memory=2089Mi",
        "Management Advertise Addr  172.22.4.87",
        "Registry Addr              172.22.106.25\u001b[0m",
        "\u001b[0m",
        "\u001b[0m",
        "\u001b[0m\u001b[96mPrepar Startingng Join Node to 172.22.106.16 as engine...\u001b[39m\u001b[0m",
        "\u001b[0m",
        "\u001b[0m\u001b[32m[Step 1/7] Verifying environment...\u001b[0m",
        "\u001b[0mC104.1 \u001b[32m[OK  ]\u001b[39m controller_db [controller_db_file_exists]\u001b[0m",
        "\u001b[0mE105.1 \u001b[32m[OK  ]\u001b[39m docker_availability [docker_not_running]\u001b[0m",
        "\u001b[0mE106.1 \u001b[32m[OK  ]\u001b[39m docker_storage_capacity [no_enough_available_docker_storage_space]\u001b[0m",
        "\u001b[0mE106.2 \u001b[32m[OK  ]\u001b[39m docker_storage_capacity [no_enough_docker_storage_capacity]\u001b[0m",
        "\u001b[0mE108.1 \u001b[32m[OK  ]\u001b[39m docker_feature_support [must_be_enable_bridgenfiptables]\u001b[0m",
        "\u001b[0mE108.2 \u001b[32m[OK  ]\u001b[39m docker_feature_support [must_be_enable_ipv4forwarding]\u001b[0m",
        "\u001b[0mE111.1 \u001b[32m[OK  ]\u001b[39m docker_daemon_insecure_registry [docker_not_configured_correctly_insecure_registry]\u001b[0m",
        "\u001b[0mE203.1 \u001b[32m[OK  ]\u001b[39m kubelet_resource_usage [excessive_use_of_kubelet_cpu_resources]\u001b[0m",
        "\u001b[0mE203.2 \u001b[32m[OK  ]\u001b[39m kubelet_resource_usage [excessive_use_of_kubelet_memory_resources]\u001b[0m",
        "\u001b[0mH101.1 \u001b[32m[OK  ]\u001b[39m cpu_architecture_compatibility [cpu_arch_not_tested]\u001b[0m",
        "\u001b[0mH102.1 \u001b[32m[OK  ]\u001b[39m engine_cpu_capacity [cpu_cores_not_enough_for_dce_engine]\u001b[0m",
        "\u001b[0mH201.1 \u001b[32m[OK  ]\u001b[39m engine_memory_capacity [mem_not_enough_for_dce_engine]\u001b[0m",
        "\u001b[0mO101.1 \u001b[32m[OK  ]\u001b[39m kernel_compatibility [linux_kernel_not_tested]\u001b[0m",
        "\u001b[0mO102.1 \u001b[32m[OK  ]\u001b[39m kernel_configuration [bridge_nf_call_iptables_disabled]\u001b[0m",
        "\u001b[0mO102.2 \u001b[32m[OK  ]\u001b[39m kernel_configuration [ip_forward_disabled]\u001b[0m",
        "\u001b[0mO201.1 \u001b[32m[OK  ]\u001b[39m os_compatibility [operating_system_not_tested]\u001b[0m",
        "\u001b[0mO301.1 \u001b[32m[OK  ]\u001b[39m required_service_installed [required_services_not_installed]\u001b[0m",
        "\u001b[0mO302.1 \u001b[32m[OK  ]\u001b[39m support_tools_installed [tools_not_installed]\u001b[0m",
        "\u001b[0mO401.1 \u001b[32m[OK  ]\u001b[39m cpu_overload [cpu_overload]\u001b[0m",
        "\u001b[0mO402.1 \u001b[32m[OK  ]\u001b[39m os_cpu_usage [cpu_excessive_use]\u001b[0m",
        "\u001b[0mO501.1 \u001b[32m[OK  ]\u001b[39m os_memory_usage [excessive_use_of_operating_system_memory_resources]\u001b[0m",
        "\u001b[0mO601.1 \u001b[32m[OK  ]\u001b[39m fs_space_capacity [not_enough_available_fs_capacity]\u001b[0m",
        "\u001b[0mO601.2 \u001b[32m[OK  ]\u001b[39m fs_space_capacity [not_enough_available_imagefs_capacity]\u001b[0m",
        "\u001b[0mO601.3 \u001b[32m[OK  ]\u001b[39m fs_space_capacity [not_enough_available_root_capacity]\u001b[0m",
        "\u001b[0mO601.4 \u001b[32m[OK  ]\u001b[39m fs_space_capacity [not_enough_fs_capacity]\u001b[0m",
        "\u001b[0mO601.5 \u001b[32m[OK  ]\u001b[39m fs_space_capacity [not_enough_inode]\u001b[0m",
        "\u001b[0mO701.1 \u001b[32m[OK  ]\u001b[39m port_reserve [not_port_reserve_for_dce_engine_container]\u001b[0m",
        "\u001b[0mO701.2 \u001b[32m[OK  ]\u001b[39m port_reserve [not_port_reserve_for_kube_proxy]\u001b[0m",
        "\u001b[0mO701.3 \u001b[32m[OK  ]\u001b[39m port_reserve [not_port_reserve_for_kubelet]\u001b[0m",
        "\u001b[0mO702.1 \u001b[32m[OK  ]\u001b[39m internet_public_access [maybe_directly_accessed_by_the_public_network]\u001b[0m",
        "\u001b[0mO703.1 \u001b[32m[OK  ]\u001b[39m DHCP_disabled [dhcp_enabled]\u001b[0m",
        "\u001b[0mO704.1 \u001b[32m[OK  ]\u001b[39m DNS_configured [dns_nameservers_num_exceeds_limit]\u001b[0m",
        "\u001b[0mO704.2 \u001b[32m[OK  ]\u001b[39m DNS_configured [dns_option_incorrect]\u001b[0m",
        "\u001b[0mO704.3 \u001b[32m[OK  ]\u001b[39m DNS_configured [dns_search_incorrect]\u001b[0m",
        "\u001b[0mO704.4 \u001b[32m[OK  ]\u001b[39m DNS_configured [dns_searches_num_exceeds_limit]\u001b[0m",
        "\u001b[0mO704.5 \u001b[32m[OK  ]\u001b[39m DNS_configured [dns_server_inaccessible]\u001b[0m",
        "\u001b[0mO704.6 \u001b[32m[OK  ]\u001b[39m DNS_configured [dns_server_incorrect]\u001b[0m",
        "\u001b[0mO704.7 \u001b[37m[INFO]\u001b[39m DNS_configured [dns_single_request_reopen_not_configured]\u001b[0m",
        "\u001b[0mO705.1 \u001b[32m[OK  ]\u001b[39m hostname_compatibility [host_name_does_not_meet_rfc_1123]\u001b[0m",
        "\u001b[0mO706.1 \u001b[32m[OK  ]\u001b[39m ip_address_docker_reserve [ip_conflict_with_docker_bridge_range]\u001b[0m",
        "\u001b[0mO707.1 \u001b[32m[OK  ]\u001b[39m hostname_unique [hostname_not_unique]\u001b[0m",
        "\u001b[0mO709.1 \u001b[37m[INFO]\u001b[39m net_bond_ineffective [no_bonding_interfaces_found_on_bare_metal_machine]\u001b[0m",
        "\u001b[0m",
        "\u001b[0m42 checks, 0 failed, 0 warn\u001b[0m",
        "\u001b[0m",
        "\u001b[0m\u001b[32m[Step 2/7] Ensuring DCE Image...\u001b[0m",
        "\u001b[0m3.0.6-28385: \u001b[0mPulling from kube-system/dce-engine",
        "\u001b[0mDigest: sha256:4a23b2a32d80a9ce07063b246f8dc009a095a63ae6de93eca430c27d93bce8ad",
        "\u001b[0mStatus: Downloaded newer image for 172.22.106.25/kube-system/dce-engine:3.0.6-28385",
        "\u001b[0m3.1: \u001b[0mPulling from kube-system/dce-kube-pause",
        "\u001b[0mDigest: sha256:759c3f0f6493093a9043cc813092290af69029699ade0e3dbe024e968fcb7cca",
        "\u001b[0mStatus: Downloaded newer image for 172.22.106.25/kube-system/dce-kube-pause:3.1",
        "\u001b[0m1.10.11: \u001b[0mPulling from kube-system/dce-kube-proxy",
        "\u001b[0mDigest: sha256:ca952a67aae21be9d11d0f3a5e328092ebb15a472291d54c875c22402556abc0",
        "\u001b[0mStatus: Downloaded newer image for 172.22.106.25/kube-system/dce-kube-proxy:1.10.11",
        "\u001b[0m3.0.6-28385: \u001b[0mPulling from kube-system/dce-dswitch",
        "\u001b[0mDigest: sha256:2bb3cd135a2bf02e94022bd2d7baea5026297b69166716c0ee7935b427c060d7",
        "\u001b[0mStatus: Downloaded newer image for 172.22.106.25/kube-system/dce-dswitch:3.0.6-28385",
        "\u001b[0m\u001b[32m[Step 3/7] Configuring Environment...\u001b[0m",
        "\u001b[0m>>> sed -i '/ swap / s/^#*/#/' /etc/fstab\u001b[0m",
        "\u001b[0m>>> swapoff -a\u001b[0m",
        "\u001b[0m>>> systemctl enable sysstat\u001b[0m",
        "\u001b[0m>>> systemctl restart sysstat\u001b[0m",
        "\u001b[0mConfiguring chrony configuration to `/etc/chrony.conf` \u001b[0m",
        "\u001b[0m>>> systemctl enable chronyd && systemctl restart chronyd\u001b[0m",
        "\u001b[0m\u001b[32m[Step 4/7] Starting DCE Components...\u001b[0m",
        "\u001b[0m>>> mkdir -p /etc/systemd/system/kubelet.service.d\u001b[0m",
        "\u001b[0m>>> ln -sf /etc/daocloud/dce/kubelet/10-dce.conf /etc/systemd/system/kubelet.service.d/10-dce.conf\u001b[0m",
        "\u001b[0m>>> systemctl daemon-reload\u001b[0m",
        "\u001b[0m>>> systemctl enable kubelet\u001b[0m",
        "Created symlink from /etc/systemd/system/multi-user.target.wants/kubelet.service to /etc/systemd/system/kubelet.service.",
        "\u001b[0m>>> systemctl restart kubelet\u001b[0m",
        "\u001b[0m>>> systemctl status kubelet --no-pager\u001b[0m",
        "\u001b[1;32m●\u001b[0m kubelet.service - kubelet: The Kubernetes Node Agent",
        "   Loaded: loaded (/etc/systemd/system/kubelet.service; enabled; vendor preset: disabled)",
        "  Drop-In: /etc/systemd/system/kubelet.service.d",
        "           └─10-dce.conf",
        "   Active: \u001b[1;32mactive (running)\u001b[0m since Sun 2020-04-05 18:27:35 CST; 49ms ago",
        "     Docs: https://kubernetes.io/docs/",
        " Main PID: 116735 (kubelet)",
        "   Memory: 8.0M",
        "   CGroup: /system.slice/kubelet.service",
        "           └─116735 /usr/bin/kubelet -v=2 --node-ip 172.22.4.87 --cluster-dns...",
        "",
        "Apr 05 18:27:35 qitv2816 systemd[1]: Started kubelet: The Kubernetes Node Agent.",
        "Apr 05 18:27:35 qitv2816 systemd[1]: Starting kubelet: The Kubernetes Node .....",
        "Hint: Some lines were ellipsized, use -l to show in full.",
        "Creating dce_engine_1 ... ",
        "",
        "\u001b[0m\u001b[1A\u001b[0m\u001b[2K",
        "\u001b[0mCreating dce_engine_1 ... \u001b[32mdone\u001b[0m",
        "\u001b[0m\u001b[1B\u001b[0m\u001b[0m\u001b[32m[Step 5/7] Initializing...\u001b[0m",
        "\u001b[0mJoin kubernetes cluster.\u001b[0m",
        "\u001b[0mInitialize manager `172.22.106.16` to local path `/var/local/dce/engine/controller.db` succeed\u001b[0m",
        "\u001b[0mWaitting for DCE node qitv2816 join in cluster ready...\u001b[0m",
        "\u001b[0mWaitting for DCE node qitv2816 join in cluster ready...\u001b[0m",
        "\u001b[0mWaitting for DCE node qitv2816 join in cluster ready...\u001b[0m",
        "\u001b[0mWaitting for DCE node qitv2816 join in cluster ready...\u001b[0m",
        "\u001b[0mWaitting for DCE node qitv2816 join in cluster ready...\u001b[0m",
        "\u001b[0mWaitting for DCE node qitv2816 join in cluster ready...\u001b[0m",
        "\u001b[0mWaitting for DCE node qitv2816 join in cluster ready...\u001b[0m",
        "\u001b[0mWaitting for DCE node qitv2816 join in cluster ready...\u001b[0m",
        "\u001b[0mDCE node qitv2816 join is ready.\u001b[0m",
        "\u001b[0m\u001b[32m[Step 6/7] Configing Kubernetes Cluster...\u001b[0m",
        "\u001b[0m\u001b[32m[Step 7/7] Run post check after DCE installation.\u001b[0m",
        "\u001b[0mE201.1 \u001b[32m[OK  ]\u001b[39m kubelet_status [kubelet_not_running]\u001b[0m",
        "\u001b[0mE203.1 \u001b[32m[OK  ]\u001b[39m kubelet_resource_usage [excessive_use_of_kubelet_cpu_resources]\u001b[0m",
        "\u001b[0mE203.2 \u001b[32m[OK  ]\u001b[39m kubelet_resource_usage [excessive_use_of_kubelet_memory_resources]\u001b[0m",
        "\u001b[0mE204.1 \u001b[32m[OK  ]\u001b[39m kubelet_systemd_configured [kubelet_failed_to_restart_due_to_incorrect_configuration]\u001b[0m",
        "\u001b[0mE204.2 \u001b[32m[OK  ]\u001b[39m kubelet_systemd_configured [kubelet_is_not_properly_configured_for_boot_self_restart]\u001b[0m",
        "\u001b[0mE205.1 \u001b[32m[OK  ]\u001b[39m kubelet_resource_allocatable [kubelet_kube_reserved_cpu_configuration_is_too_low]\u001b[0m",
        "\u001b[0mE205.2 \u001b[32m[OK  ]\u001b[39m kubelet_resource_allocatable [kubelet_kube_reserved_memory_configuration_is_too_low]\u001b[0m",
        "\u001b[0mE205.3 \u001b[32m[OK  ]\u001b[39m kubelet_resource_allocatable [kubelet_system_reserved_cpu_configuration_is_too_low]\u001b[0m",
        "\u001b[0mE205.4 \u001b[32m[OK  ]\u001b[39m kubelet_resource_allocatable [kubelet_system_reserved_memory_configuration_is_too_low]\u001b[0m",
        "\u001b[0mE206.1 \u001b[32m[OK  ]\u001b[39m kubelet_pause_image_ready [failed_to_get_kubelet_pause_image]\u001b[0m",
        "\u001b[0mE206.2 \u001b[32m[OK  ]\u001b[39m kubelet_pause_image_ready [kubelet_different_pause_image_versions]\u001b[0m",
        "\u001b[0mE207.1 \u001b[33m[WARN]\u001b[39m kubelet_configuration_file [kubelet_is_not_properly_configured_for_cluster_dns]\u001b[0m",
        "\u001b[0mE207.2 \u001b[32m[OK  ]\u001b[39m kubelet_configuration_file [kubelet_is_not_properly_configured_for_log_level]\u001b[0m",
        "\u001b[0mO303.1 \u001b[32m[OK  ]\u001b[39m time_sync_configured [time_synchronization_service_is_not_running]\u001b[0m",
        "\u001b[0mO304.1 \u001b[32m[OK  ]\u001b[39m sysstat_configured [sysstat_not_configured]\u001b[0m",
        "\u001b[0mO304.2 \u001b[32m[OK  ]\u001b[39m sysstat_configured [sysstat_service_not_running]\u001b[0m",
        "\u001b[0mO305.1 \u001b[32m[OK  ]\u001b[39m firewall_disabled [firewalld_service_not_disabled]\u001b[0m",
        "\u001b[0mO306.1 \u001b[32m[OK  ]\u001b[39m selinux_disabled [selinux_not_disabled]\u001b[0m",
        "\u001b[0mO401.1 \u001b[32m[OK  ]\u001b[39m cpu_overload [cpu_overload]\u001b[0m",
        "\u001b[0mO402.1 \u001b[32m[OK  ]\u001b[39m os_cpu_usage [cpu_excessive_use]\u001b[0m",
        "\u001b[0mO501.1 \u001b[32m[OK  ]\u001b[39m os_memory_usage [excessive_use_of_operating_system_memory_resources]\u001b[0m",
        "\u001b[0mO502.1 \u001b[32m[OK  ]\u001b[39m os_swap_off [operating_system_enabled_swap]\u001b[0m",
        "\u001b[0mO601.1 \u001b[32m[OK  ]\u001b[39m fs_space_capacity [not_enough_available_fs_capacity]\u001b[0m",
        "\u001b[0mO601.2 \u001b[32m[OK  ]\u001b[39m fs_space_capacity [not_enough_available_imagefs_capacity]\u001b[0m",
        "\u001b[0mO601.3 \u001b[32m[OK  ]\u001b[39m fs_space_capacity [not_enough_available_root_capacity]\u001b[0m",
        "\u001b[0mO601.4 \u001b[32m[OK  ]\u001b[39m fs_space_capacity [not_enough_fs_capacity]\u001b[0m",
        "\u001b[0mO601.5 \u001b[32m[OK  ]\u001b[39m fs_space_capacity [not_enough_inode]\u001b[0m",
        "\u001b[0mO702.1 \u001b[32m[OK  ]\u001b[39m internet_public_access [maybe_directly_accessed_by_the_public_network]\u001b[0m",
        "\u001b[0mO703.1 \u001b[32m[OK  ]\u001b[39m DHCP_disabled [dhcp_enabled]\u001b[0m",
        "\u001b[0mO704.1 \u001b[32m[OK  ]\u001b[39m DNS_configured [dns_nameservers_num_exceeds_limit]\u001b[0m",
        "\u001b[0mO704.2 \u001b[32m[OK  ]\u001b[39m DNS_configured [dns_option_incorrect]\u001b[0m",
        "\u001b[0mO704.3 \u001b[32m[OK  ]\u001b[39m DNS_configured [dns_search_incorrect]\u001b[0m",
        "\u001b[0mO704.4 \u001b[32m[OK  ]\u001b[39m DNS_configured [dns_searches_num_exceeds_limit]\u001b[0m",
        "\u001b[0mO704.5 \u001b[32m[OK  ]\u001b[39m DNS_configured [dns_server_inaccessible]\u001b[0m",
        "\u001b[0mO704.6 \u001b[32m[OK  ]\u001b[39m DNS_configured [dns_server_incorrect]\u001b[0m",
        "\u001b[0mO704.7 \u001b[37m[INFO]\u001b[39m DNS_configured [dns_single_request_reopen_not_configured]\u001b[0m",
        "\u001b[0mO705.1 \u001b[32m[OK  ]\u001b[39m hostname_compatibility [host_name_does_not_meet_rfc_1123]\u001b[0m",
        "\u001b[0mO706.1 \u001b[32m[OK  ]\u001b[39m ip_address_docker_reserve [ip_conflict_with_docker_bridge_range]\u001b[0m",
        "\u001b[0mO709.1 \u001b[37m[INFO]\u001b[39m net_bond_ineffective [no_bonding_interfaces_found_on_bare_metal_machine]\u001b[0m",
        "\u001b[0mO711.1 \u001b[32m[OK  ]\u001b[39m network_config [network_config_missing]\u001b[0m",
        "\u001b[0m",
        "\u001b[0m40 checks, 0 failed, 1 warn\u001b[0m",
        "\u001b[0m",
        "\u001b[0m",
        "\u001b[0m\u001b[32mDaoCloud Enterprise Deployment Complete!\u001b[39m\u001b[0m",
        "\u001b[0m\u001b[35m--------------------------------------------------------------------------------\u001b[39m\u001b[0m",
        "\u001b[0m\u001b[33mWeb UI\u001b[39m: https://172.22.106.16:443/\u001b[0m",
        "\u001b[0m\u001b[35m--------------------------------------------------------------------------------\u001b[39m\u001b[0m",
        "\u001b[0m",
        "pwd",
        "\u001b[0m\u001b[0m"
    ]
}
ok: [qitv2811] => {
    "log.stdout_lines": [
        "Unable to find image '172.22.106.25/kube-system/dce:3.0.6-28385' locally",
        "3.0.6-28385: Pulling from kube-system/dce",
        "8a54dbbff890: Pulling fs layer",
        "0f9d9ae9c906: Pulling fs layer",
        "0453913b2ed5: Pulling fs layer",
        "83eddeeabc35: Pulling fs layer",
        "051d71dc3a53: Pulling fs layer",
        "2aa880290960: Pulling fs layer",
        "1575d4dc856d: Pulling fs layer",
        "ab401e783b1d: Pulling fs layer",
        "47e04eec3182: Pulling fs layer",
        "92e8693dd5fd: Pulling fs layer",
        "47a5d54885a4: Pulling fs layer",
        "b7dc74b4e588: Pulling fs layer",
        "58e72795eb0d: Pulling fs layer",
        "8041654ebb2d: Pulling fs layer",
        "6cc75d64ec85: Pulling fs layer",
        "83eddeeabc35: Waiting",
        "b3d0009ae398: Pulling fs layer",
        "58db5c20f1d6: Pulling fs layer",
        "fe6432d79e74: Pulling fs layer",
        "307a13c6da06: Pulling fs layer",
        "051d71dc3a53: Waiting",
        "a40d1e1afce4: Pulling fs layer",
        "ab401e783b1d: Waiting",
        "cb1405f6e2cb: Pulling fs layer",
        "e30fde9f0b82: Pulling fs layer",
        "1575d4dc856d: Waiting",
        "47e04eec3182: Waiting",
        "7ea64fcec4e1: Pulling fs layer",
        "a40d1e1afce4: Waiting",
        "8041654ebb2d: Waiting",
        "b3d0009ae398: Waiting",
        "a9ae97ace2eb: Pulling fs layer",
        "a9ae97ace2eb: Waiting",
        "fe6432d79e74: Waiting",
        "58e72795eb0d: Waiting",
        "47a5d54885a4: Waiting",
        "0453913b2ed5: Download complete",
        "0f9d9ae9c906: Verifying Checksum",
        "0f9d9ae9c906: Download complete",
        "83eddeeabc35: Verifying Checksum",
        "83eddeeabc35: Download complete",
        "051d71dc3a53: Verifying Checksum",
        "051d71dc3a53: Download complete",
        "2aa880290960: Verifying Checksum",
        "2aa880290960: Download complete",
        "ab401e783b1d: Verifying Checksum",
        "ab401e783b1d: Download complete",
        "47e04eec3182: Verifying Checksum",
        "47e04eec3182: Download complete",
        "92e8693dd5fd: Download complete",
        "47a5d54885a4: Verifying Checksum",
        "47a5d54885a4: Download complete",
        "b7dc74b4e588: Verifying Checksum",
        "b7dc74b4e588: Download complete",
        "58e72795eb0d: Download complete",
        "8041654ebb2d: Download complete",
        "6cc75d64ec85: Verifying Checksum",
        "6cc75d64ec85: Download complete",
        "b3d0009ae398: Download complete",
        "58db5c20f1d6: Download complete",
        "fe6432d79e74: Verifying Checksum",
        "fe6432d79e74: Download complete",
        "8a54dbbff890: Verifying Checksum",
        "8a54dbbff890: Download complete",
        "a40d1e1afce4: Verifying Checksum",
        "a40d1e1afce4: Download complete",
        "307a13c6da06: Verifying Checksum",
        "307a13c6da06: Download complete",
        "e30fde9f0b82: Download complete",
        "1575d4dc856d: Verifying Checksum",
        "1575d4dc856d: Download complete",
        "7ea64fcec4e1: Verifying Checksum",
        "7ea64fcec4e1: Download complete",
        "a9ae97ace2eb: Verifying Checksum",
        "a9ae97ace2eb: Download complete",
        "cb1405f6e2cb: Verifying Checksum",
        "cb1405f6e2cb: Download complete",
        "8a54dbbff890: Pull complete",
        "0f9d9ae9c906: Pull complete",
        "0453913b2ed5: Pull complete",
        "83eddeeabc35: Pull complete",
        "051d71dc3a53: Pull complete",
        "2aa880290960: Pull complete",
        "1575d4dc856d: Pull complete",
        "ab401e783b1d: Pull complete",
        "47e04eec3182: Pull complete",
        "92e8693dd5fd: Pull complete",
        "47a5d54885a4: Pull complete",
        "b7dc74b4e588: Pull complete",
        "58e72795eb0d: Pull complete",
        "8041654ebb2d: Pull complete",
        "6cc75d64ec85: Pull complete",
        "b3d0009ae398: Pull complete",
        "58db5c20f1d6: Pull complete",
        "fe6432d79e74: Pull complete",
        "307a13c6da06: Pull complete",
        "a40d1e1afce4: Pull complete",
        "cb1405f6e2cb: Pull complete",
        "e30fde9f0b82: Pull complete",
        "7ea64fcec4e1: Pull complete",
        "a9ae97ace2eb: Pull complete",
        "Digest: sha256:4a23b2a32d80a9ce07063b246f8dc009a095a63ae6de93eca430c27d93bce8ad",
        "Status: Downloaded newer image for 172.22.106.25/kube-system/dce:3.0.6-28385",
        "_______            ____ ___               ___",
        " |  _  \\          /  __|| |               | |",
        " | | | |__ _  ___ | |   | | ___  _   _  __| |",
        " | | | / _` |/ _ \\| |   | |/ _ \\| | | |/ _` |",
        " | |/ / (_| | (_) | \\___| | (_) | |_| | (_| |",
        " |___/ \\__,_|\\___/ \\___/|_|\\___/ \\__,_|\\__,_|",
        "--------------------------DaoCloud Enterprise",
        "------------[2020-04-05 18:27:09]------------",
        "",
        "\u001b[0m\u001b[96mPreparing Join Node to 172.22.106.16 as engine...\u001b[39m\u001b[0m",
        "\u001b[0m",
        "\u001b[0mYour DaoCloud Enterprise deployment will be configured as:\u001b[0m",
        "\u001b[0m",
        "\u001b[0mName                       Value",
        "-------------------------  ----------------------",
        "Quiet                      True",
        "Controller Addr            172.22.106.16",
        "With Controller            False",
        "With Registry              False",
        "System Reserved            cpu=800m,memory=2089Mi",
        "Kube Reserved              cpu=800m,memory=2089Mi",
        "Management Advertise Addr  172.22.4.88",
        "Registry Addr              172.22.106.25\u001b[0m",
        "\u001b[0m",
        "\u001b[0m",
        "\u001b[0m\u001b[96mPrepar Startingng Join Node to 172.22.106.16 as engine...\u001b[39m\u001b[0m",
        "\u001b[0m",
        "\u001b[0m\u001b[32m[Step 1/7] Verifying environment...\u001b[0m",
        "\u001b[0mC104.1 \u001b[32m[OK  ]\u001b[39m controller_db [controller_db_file_exists]\u001b[0m",
        "\u001b[0mE105.1 \u001b[32m[OK  ]\u001b[39m docker_availability [docker_not_running]\u001b[0m",
        "\u001b[0mE106.1 \u001b[32m[OK  ]\u001b[39m docker_storage_capacity [no_enough_available_docker_storage_space]\u001b[0m",
        "\u001b[0mE106.2 \u001b[32m[OK  ]\u001b[39m docker_storage_capacity [no_enough_docker_storage_capacity]\u001b[0m",
        "\u001b[0mE108.1 \u001b[32m[OK  ]\u001b[39m docker_feature_support [must_be_enable_bridgenfiptables]\u001b[0m",
        "\u001b[0mE108.2 \u001b[32m[OK  ]\u001b[39m docker_feature_support [must_be_enable_ipv4forwarding]\u001b[0m",
        "\u001b[0mE111.1 \u001b[32m[OK  ]\u001b[39m docker_daemon_insecure_registry [docker_not_configured_correctly_insecure_registry]\u001b[0m",
        "\u001b[0mE203.1 \u001b[32m[OK  ]\u001b[39m kubelet_resource_usage [excessive_use_of_kubelet_cpu_resources]\u001b[0m",
        "\u001b[0mE203.2 \u001b[32m[OK  ]\u001b[39m kubelet_resource_usage [excessive_use_of_kubelet_memory_resources]\u001b[0m",
        "\u001b[0mH101.1 \u001b[32m[OK  ]\u001b[39m cpu_architecture_compatibility [cpu_arch_not_tested]\u001b[0m",
        "\u001b[0mH102.1 \u001b[32m[OK  ]\u001b[39m engine_cpu_capacity [cpu_cores_not_enough_for_dce_engine]\u001b[0m",
        "\u001b[0mH201.1 \u001b[32m[OK  ]\u001b[39m engine_memory_capacity [mem_not_enough_for_dce_engine]\u001b[0m",
        "\u001b[0mO101.1 \u001b[32m[OK  ]\u001b[39m kernel_compatibility [linux_kernel_not_tested]\u001b[0m",
        "\u001b[0mO102.1 \u001b[32m[OK  ]\u001b[39m kernel_configuration [bridge_nf_call_iptables_disabled]\u001b[0m",
        "\u001b[0mO102.2 \u001b[32m[OK  ]\u001b[39m kernel_configuration [ip_forward_disabled]\u001b[0m",
        "\u001b[0mO201.1 \u001b[32m[OK  ]\u001b[39m os_compatibility [operating_system_not_tested]\u001b[0m",
        "\u001b[0mO301.1 \u001b[32m[OK  ]\u001b[39m required_service_installed [required_services_not_installed]\u001b[0m",
        "\u001b[0mO302.1 \u001b[32m[OK  ]\u001b[39m support_tools_installed [tools_not_installed]\u001b[0m",
        "\u001b[0mO401.1 \u001b[32m[OK  ]\u001b[39m cpu_overload [cpu_overload]\u001b[0m",
        "\u001b[0mO402.1 \u001b[32m[OK  ]\u001b[39m os_cpu_usage [cpu_excessive_use]\u001b[0m",
        "\u001b[0mO501.1 \u001b[32m[OK  ]\u001b[39m os_memory_usage [excessive_use_of_operating_system_memory_resources]\u001b[0m",
        "\u001b[0mO601.1 \u001b[32m[OK  ]\u001b[39m fs_space_capacity [not_enough_available_fs_capacity]\u001b[0m",
        "\u001b[0mO601.2 \u001b[32m[OK  ]\u001b[39m fs_space_capacity [not_enough_available_imagefs_capacity]\u001b[0m",
        "\u001b[0mO601.3 \u001b[32m[OK  ]\u001b[39m fs_space_capacity [not_enough_available_root_capacity]\u001b[0m",
        "\u001b[0mO601.4 \u001b[32m[OK  ]\u001b[39m fs_space_capacity [not_enough_fs_capacity]\u001b[0m",
        "\u001b[0mO601.5 \u001b[32m[OK  ]\u001b[39m fs_space_capacity [not_enough_inode]\u001b[0m",
        "\u001b[0mO701.1 \u001b[32m[OK  ]\u001b[39m port_reserve [not_port_reserve_for_dce_engine_container]\u001b[0m",
        "\u001b[0mO701.2 \u001b[32m[OK  ]\u001b[39m port_reserve [not_port_reserve_for_kube_proxy]\u001b[0m",
        "\u001b[0mO701.3 \u001b[32m[OK  ]\u001b[39m port_reserve [not_port_reserve_for_kubelet]\u001b[0m",
        "\u001b[0mO702.1 \u001b[32m[OK  ]\u001b[39m internet_public_access [maybe_directly_accessed_by_the_public_network]\u001b[0m",
        "\u001b[0mO703.1 \u001b[32m[OK  ]\u001b[39m DHCP_disabled [dhcp_enabled]\u001b[0m",
        "\u001b[0mO704.1 \u001b[32m[OK  ]\u001b[39m DNS_configured [dns_nameservers_num_exceeds_limit]\u001b[0m",
        "\u001b[0mO704.2 \u001b[32m[OK  ]\u001b[39m DNS_configured [dns_option_incorrect]\u001b[0m",
        "\u001b[0mO704.3 \u001b[32m[OK  ]\u001b[39m DNS_configured [dns_search_incorrect]\u001b[0m",
        "\u001b[0mO704.4 \u001b[32m[OK  ]\u001b[39m DNS_configured [dns_searches_num_exceeds_limit]\u001b[0m",
        "\u001b[0mO704.5 \u001b[32m[OK  ]\u001b[39m DNS_configured [dns_server_inaccessible]\u001b[0m",
        "\u001b[0mO704.6 \u001b[32m[OK  ]\u001b[39m DNS_configured [dns_server_incorrect]\u001b[0m",
        "\u001b[0mO704.7 \u001b[37m[INFO]\u001b[39m DNS_configured [dns_single_request_reopen_not_configured]\u001b[0m",
        "\u001b[0mO705.1 \u001b[32m[OK  ]\u001b[39m hostname_compatibility [host_name_does_not_meet_rfc_1123]\u001b[0m",
        "\u001b[0mO706.1 \u001b[32m[OK  ]\u001b[39m ip_address_docker_reserve [ip_conflict_with_docker_bridge_range]\u001b[0m",
        "\u001b[0mO707.1 \u001b[32m[OK  ]\u001b[39m hostname_unique [hostname_not_unique]\u001b[0m",
        "\u001b[0mO709.1 \u001b[37m[INFO]\u001b[39m net_bond_ineffective [no_bonding_interfaces_found_on_bare_metal_machine]\u001b[0m",
        "\u001b[0m",
        "\u001b[0m42 checks, 0 failed, 0 warn\u001b[0m",
        "\u001b[0m",
        "\u001b[0m\u001b[32m[Step 2/7] Ensuring DCE Image...\u001b[0m",
        "\u001b[0m3.0.6-28385: \u001b[0mPulling from kube-system/dce-engine",
        "\u001b[0mDigest: sha256:4a23b2a32d80a9ce07063b246f8dc009a095a63ae6de93eca430c27d93bce8ad",
        "\u001b[0mStatus: Downloaded newer image for 172.22.106.25/kube-system/dce-engine:3.0.6-28385",
        "\u001b[0m3.1: \u001b[0mPulling from kube-system/dce-kube-pause",
        "\u001b[0mDigest: sha256:759c3f0f6493093a9043cc813092290af69029699ade0e3dbe024e968fcb7cca",
        "\u001b[0mStatus: Downloaded newer image for 172.22.106.25/kube-system/dce-kube-pause:3.1",
        "\u001b[0m1.10.11: \u001b[0mPulling from kube-system/dce-kube-proxy",
        "\u001b[0mDigest: sha256:ca952a67aae21be9d11d0f3a5e328092ebb15a472291d54c875c22402556abc0",
        "\u001b[0mStatus: Downloaded newer image for 172.22.106.25/kube-system/dce-kube-proxy:1.10.11",
        "\u001b[0m3.0.6-28385: \u001b[0mPulling from kube-system/dce-dswitch",
        "\u001b[0mDigest: sha256:2bb3cd135a2bf02e94022bd2d7baea5026297b69166716c0ee7935b427c060d7",
        "\u001b[0mStatus: Downloaded newer image for 172.22.106.25/kube-system/dce-dswitch:3.0.6-28385",
        "\u001b[0m\u001b[32m[Step 3/7] Configuring Environment...\u001b[0m",
        "\u001b[0m>>> sed -i '/ swap / s/^#*/#/' /etc/fstab\u001b[0m",
        "\u001b[0m>>> swapoff -a\u001b[0m",
        "\u001b[0m>>> systemctl enable sysstat\u001b[0m",
        "\u001b[0m>>> systemctl restart sysstat\u001b[0m",
        "\u001b[0mConfiguring chrony configuration to `/etc/chrony.conf` \u001b[0m",
        "\u001b[0m>>> systemctl enable chronyd && systemctl restart chronyd\u001b[0m",
        "\u001b[0m\u001b[32m[Step 4/7] Starting DCE Components...\u001b[0m",
        "\u001b[0m>>> mkdir -p /etc/systemd/system/kubelet.service.d\u001b[0m",
        "\u001b[0m>>> ln -sf /etc/daocloud/dce/kubelet/10-dce.conf /etc/systemd/system/kubelet.service.d/10-dce.conf\u001b[0m",
        "\u001b[0m>>> systemctl daemon-reload\u001b[0m",
        "\u001b[0m>>> systemctl enable kubelet\u001b[0m",
        "Created symlink from /etc/systemd/system/multi-user.target.wants/kubelet.service to /etc/systemd/system/kubelet.service.",
        "\u001b[0m>>> systemctl restart kubelet\u001b[0m",
        "\u001b[0m>>> systemctl status kubelet --no-pager\u001b[0m",
        "\u001b[1;32m●\u001b[0m kubelet.service - kubelet: The Kubernetes Node Agent",
        "   Loaded: loaded (/etc/systemd/system/kubelet.service; enabled; vendor preset: disabled)",
        "  Drop-In: /etc/systemd/system/kubelet.service.d",
        "           └─10-dce.conf",
        "   Active: \u001b[1;32mactive (running)\u001b[0m since Sun 2020-04-05 18:27:35 CST; 49ms ago",
        "     Docs: https://kubernetes.io/docs/",
        " Main PID: 115537 (kubelet)",
        "   Memory: 10.2M",
        "   CGroup: /system.slice/kubelet.service",
        "           └─115537 /usr/bin/kubelet -v=2 --node-ip 172.22.4.88 --cluster-dns...",
        "",
        "Apr 05 18:27:35 qitv2811 systemd[1]: Started kubelet: The Kubernetes Node Agent.",
        "Apr 05 18:27:35 qitv2811 systemd[1]: Starting kubelet: The Kubernetes Node .....",
        "Hint: Some lines were ellipsized, use -l to show in full.",
        "Creating dce_engine_1 ... ",
        "",
        "\u001b[0m\u001b[1A\u001b[0m\u001b[2K",
        "\u001b[0mCreating dce_engine_1 ... \u001b[32mdone\u001b[0m",
        "\u001b[0m\u001b[1B\u001b[0m\u001b[0m\u001b[32m[Step 5/7] Initializing...\u001b[0m",
        "\u001b[0mJoin kubernetes cluster.\u001b[0m",
        "\u001b[0mInitialize manager `172.22.106.16` to local path `/var/local/dce/engine/controller.db` succeed\u001b[0m",
        "\u001b[0mWaitting for DCE node qitv2811 join in cluster ready...\u001b[0m",
        "\u001b[0mWaitting for DCE node qitv2811 join in cluster ready...\u001b[0m",
        "\u001b[0mWaitting for DCE node qitv2811 join in cluster ready...\u001b[0m",
        "\u001b[0mWaitting for DCE node qitv2811 join in cluster ready...\u001b[0m",
        "\u001b[0mWaitting for DCE node qitv2811 join in cluster ready...\u001b[0m",
        "\u001b[0mWaitting for DCE node qitv2811 join in cluster ready...\u001b[0m",
        "\u001b[0mWaitting for DCE node qitv2811 join in cluster ready...\u001b[0m",
        "\u001b[0mWaitting for DCE node qitv2811 join in cluster ready...\u001b[0m",
        "\u001b[0mDCE node qitv2811 join is ready.\u001b[0m",
        "\u001b[0m\u001b[32m[Step 6/7] Configing Kubernetes Cluster...\u001b[0m",
        "\u001b[0m\u001b[32m[Step 7/7] Run post check after DCE installation.\u001b[0m",
        "\u001b[0mE201.1 \u001b[32m[OK  ]\u001b[39m kubelet_status [kubelet_not_running]\u001b[0m",
        "\u001b[0mE203.1 \u001b[32m[OK  ]\u001b[39m kubelet_resource_usage [excessive_use_of_kubelet_cpu_resources]\u001b[0m",
        "\u001b[0mE203.2 \u001b[32m[OK  ]\u001b[39m kubelet_resource_usage [excessive_use_of_kubelet_memory_resources]\u001b[0m",
        "\u001b[0mE204.1 \u001b[32m[OK  ]\u001b[39m kubelet_systemd_configured [kubelet_failed_to_restart_due_to_incorrect_configuration]\u001b[0m",
        "\u001b[0mE204.2 \u001b[32m[OK  ]\u001b[39m kubelet_systemd_configured [kubelet_is_not_properly_configured_for_boot_self_restart]\u001b[0m",
        "\u001b[0mE205.1 \u001b[32m[OK  ]\u001b[39m kubelet_resource_allocatable [kubelet_kube_reserved_cpu_configuration_is_too_low]\u001b[0m",
        "\u001b[0mE205.2 \u001b[32m[OK  ]\u001b[39m kubelet_resource_allocatable [kubelet_kube_reserved_memory_configuration_is_too_low]\u001b[0m",
        "\u001b[0mE205.3 \u001b[32m[OK  ]\u001b[39m kubelet_resource_allocatable [kubelet_system_reserved_cpu_configuration_is_too_low]\u001b[0m",
        "\u001b[0mE205.4 \u001b[32m[OK  ]\u001b[39m kubelet_resource_allocatable [kubelet_system_reserved_memory_configuration_is_too_low]\u001b[0m",
        "\u001b[0mE206.1 \u001b[32m[OK  ]\u001b[39m kubelet_pause_image_ready [failed_to_get_kubelet_pause_image]\u001b[0m",
        "\u001b[0mE206.2 \u001b[32m[OK  ]\u001b[39m kubelet_pause_image_ready [kubelet_different_pause_image_versions]\u001b[0m",
        "\u001b[0mE207.1 \u001b[33m[WARN]\u001b[39m kubelet_configuration_file [kubelet_is_not_properly_configured_for_cluster_dns]\u001b[0m",
        "\u001b[0mE207.2 \u001b[32m[OK  ]\u001b[39m kubelet_configuration_file [kubelet_is_not_properly_configured_for_log_level]\u001b[0m",
        "\u001b[0mO303.1 \u001b[32m[OK  ]\u001b[39m time_sync_configured [time_synchronization_service_is_not_running]\u001b[0m",
        "\u001b[0mO304.1 \u001b[32m[OK  ]\u001b[39m sysstat_configured [sysstat_not_configured]\u001b[0m",
        "\u001b[0mO304.2 \u001b[32m[OK  ]\u001b[39m sysstat_configured [sysstat_service_not_running]\u001b[0m",
        "\u001b[0mO305.1 \u001b[32m[OK  ]\u001b[39m firewall_disabled [firewalld_service_not_disabled]\u001b[0m",
        "\u001b[0mO306.1 \u001b[32m[OK  ]\u001b[39m selinux_disabled [selinux_not_disabled]\u001b[0m",
        "\u001b[0mO401.1 \u001b[32m[OK  ]\u001b[39m cpu_overload [cpu_overload]\u001b[0m",
        "\u001b[0mO402.1 \u001b[32m[OK  ]\u001b[39m os_cpu_usage [cpu_excessive_use]\u001b[0m",
        "\u001b[0mO501.1 \u001b[32m[OK  ]\u001b[39m os_memory_usage [excessive_use_of_operating_system_memory_resources]\u001b[0m",
        "\u001b[0mO502.1 \u001b[32m[OK  ]\u001b[39m os_swap_off [operating_system_enabled_swap]\u001b[0m",
        "\u001b[0mO601.1 \u001b[32m[OK  ]\u001b[39m fs_space_capacity [not_enough_available_fs_capacity]\u001b[0m",
        "\u001b[0mO601.2 \u001b[32m[OK  ]\u001b[39m fs_space_capacity [not_enough_available_imagefs_capacity]\u001b[0m",
        "\u001b[0mO601.3 \u001b[32m[OK  ]\u001b[39m fs_space_capacity [not_enough_available_root_capacity]\u001b[0m",
        "\u001b[0mO601.4 \u001b[32m[OK  ]\u001b[39m fs_space_capacity [not_enough_fs_capacity]\u001b[0m",
        "\u001b[0mO601.5 \u001b[32m[OK  ]\u001b[39m fs_space_capacity [not_enough_inode]\u001b[0m",
        "\u001b[0mO702.1 \u001b[32m[OK  ]\u001b[39m internet_public_access [maybe_directly_accessed_by_the_public_network]\u001b[0m",
        "\u001b[0mO703.1 \u001b[32m[OK  ]\u001b[39m DHCP_disabled [dhcp_enabled]\u001b[0m",
        "\u001b[0mO704.1 \u001b[32m[OK  ]\u001b[39m DNS_configured [dns_nameservers_num_exceeds_limit]\u001b[0m",
        "\u001b[0mO704.2 \u001b[32m[OK  ]\u001b[39m DNS_configured [dns_option_incorrect]\u001b[0m",
        "\u001b[0mO704.3 \u001b[32m[OK  ]\u001b[39m DNS_configured [dns_search_incorrect]\u001b[0m",
        "\u001b[0mO704.4 \u001b[32m[OK  ]\u001b[39m DNS_configured [dns_searches_num_exceeds_limit]\u001b[0m",
        "\u001b[0mO704.5 \u001b[32m[OK  ]\u001b[39m DNS_configured [dns_server_inaccessible]\u001b[0m",
        "\u001b[0mO704.6 \u001b[32m[OK  ]\u001b[39m DNS_configured [dns_server_incorrect]\u001b[0m",
        "\u001b[0mO704.7 \u001b[37m[INFO]\u001b[39m DNS_configured [dns_single_request_reopen_not_configured]\u001b[0m",
        "\u001b[0mO705.1 \u001b[32m[OK  ]\u001b[39m hostname_compatibility [host_name_does_not_meet_rfc_1123]\u001b[0m",
        "\u001b[0mO706.1 \u001b[32m[OK  ]\u001b[39m ip_address_docker_reserve [ip_conflict_with_docker_bridge_range]\u001b[0m",
        "\u001b[0mO709.1 \u001b[37m[INFO]\u001b[39m net_bond_ineffective [no_bonding_interfaces_found_on_bare_metal_machine]\u001b[0m",
        "\u001b[0mO711.1 \u001b[32m[OK  ]\u001b[39m network_config [network_config_missing]\u001b[0m",
        "\u001b[0m",
        "\u001b[0m40 checks, 0 failed, 1 warn\u001b[0m",
        "\u001b[0m",
        "\u001b[0m",
        "\u001b[0m\u001b[32mDaoCloud Enterprise Deployment Complete!\u001b[39m\u001b[0m",
        "\u001b[0m\u001b[35m--------------------------------------------------------------------------------\u001b[39m\u001b[0m",
        "\u001b[0m\u001b[33mWeb UI\u001b[39m: https://172.22.106.16:443/\u001b[0m",
        "\u001b[0m\u001b[35m--------------------------------------------------------------------------------\u001b[39m\u001b[0m",
        "\u001b[0m",
        "pwd",
        "\u001b[0m\u001b[0m"
    ]
}

PLAY RECAP **********************************************************************************************************************************************************************
qitv2810                   : ok=6    changed=3    unreachable=0    failed=0
qitv2811                   : ok=6    changed=3    unreachable=0    failed=0
qitv2812                   : ok=6    changed=3    unreachable=0    failed=0
qitv2813                   : ok=6    changed=3    unreachable=0    failed=0
qitv2814                   : ok=6    changed=3    unreachable=0    failed=0
qitv2815                   : ok=6    changed=3    unreachable=0    failed=0
qitv2816                   : ok=6    changed=3    unreachable=0    failed=0

